Archive member included to satisfy reference by file (symbol)

../lib/libprinter.a(printer.o)
                              src/main.o (print)
/usr/lib/gcc/x86_64-unknown-linux-gnu/4.9.2/../../../../lib/libc.a(libc-start.o)
                              /usr/lib/gcc/x86_64-unknown-linux-gnu/4.9.2/../../../../lib/crt1.o (__libc_start_main)
/usr/lib/gcc/x86_64-unknown-linux-gnu/4.9.2/../../../../lib/libc.a(check_fds.o)
                              /usr/lib/gcc/x86_64-unknown-linux-gnu/4.9.2/../../../../lib/libc.a(libc-start.o) (__libc_check_standard_fds)
/usr/lib/gcc/x86_64-unknown-linux-gnu/4.9.2/../../../../lib/libc.a(libc-tls.o)
                              /usr/lib/gcc/x86_64-unknown-linux-gnu/4.9.2/../../../../lib/libc.a(libc-start.o) (__pthread_initialize_minimal)
/usr/lib/gcc/x86_64-unknown-linux-gnu/4.9.2/../../../../lib/libc.a(elf-init.o)
                              /usr/lib/gcc/x86_64-unknown-linux-gnu/4.9.2/../../../../lib/crt1.o (__libc_csu_init)
/usr/lib/gcc/x86_64-unknown-linux-gnu/4.9.2/../../../../lib/libc.a(errno.o)
                              /usr/lib/gcc/x86_64-unknown-linux-gnu/4.9.2/../../../../lib/libc.a(check_fds.o) (__libc_errno)
/usr/lib/gcc/x86_64-unknown-linux-gnu/4.9.2/../../../../lib/libc.a(assert.o)
                              /usr/lib/gcc/x86_64-unknown-linux-gnu/4.9.2/../../../../lib/libc.a(libc-start.o) (__assert_fail)
/usr/lib/gcc/x86_64-unknown-linux-gnu/4.9.2/../../../../lib/libc.a(dcgettext.o)
                              /usr/lib/gcc/x86_64-unknown-linux-gnu/4.9.2/../../../../lib/libc.a(assert.o) (__dcgettext)
/usr/lib/gcc/x86_64-unknown-linux-gnu/4.9.2/../../../../lib/libc.a(dcigettext.o)
                              /usr/lib/gcc/x86_64-unknown-linux-gnu/4.9.2/../../../../lib/libc.a(dcgettext.o) (__dcigettext)
/usr/lib/gcc/x86_64-unknown-linux-gnu/4.9.2/../../../../lib/libc.a(finddomain.o)
                              /usr/lib/gcc/x86_64-unknown-linux-gnu/4.9.2/../../../../lib/libc.a(dcigettext.o) (_nl_find_domain)
/usr/lib/gcc/x86_64-unknown-linux-gnu/4.9.2/../../../../lib/libc.a(loadmsgcat.o)
                              /usr/lib/gcc/x86_64-unknown-linux-gnu/4.9.2/../../../../lib/libc.a(dcigettext.o) (_nl_load_domain)
/usr/lib/gcc/x86_64-unknown-linux-gnu/4.9.2/../../../../lib/libc.a(localealias.o)
                              /usr/lib/gcc/x86_64-unknown-linux-gnu/4.9.2/../../../../lib/libc.a(finddomain.o) (_nl_expand_alias)
/usr/lib/gcc/x86_64-unknown-linux-gnu/4.9.2/../../../../lib/libc.a(l10nflist.o)
                              /usr/lib/gcc/x86_64-unknown-linux-gnu/4.9.2/../../../../lib/libc.a(finddomain.o) (_nl_make_l10nflist)
/usr/lib/gcc/x86_64-unknown-linux-gnu/4.9.2/../../../../lib/libc.a(explodename.o)
                              /usr/lib/gcc/x86_64-unknown-linux-gnu/4.9.2/../../../../lib/libc.a(finddomain.o) (_nl_explode_name)
/usr/lib/gcc/x86_64-unknown-linux-gnu/4.9.2/../../../../lib/libc.a(plural.o)
                              /usr/lib/gcc/x86_64-unknown-linux-gnu/4.9.2/../../../../lib/libc.a(loadmsgcat.o) (__gettext_free_exp)
/usr/lib/gcc/x86_64-unknown-linux-gnu/4.9.2/../../../../lib/libc.a(plural-exp.o)
                              /usr/lib/gcc/x86_64-unknown-linux-gnu/4.9.2/../../../../lib/libc.a(loadmsgcat.o) (__gettext_extract_plural)
/usr/lib/gcc/x86_64-unknown-linux-gnu/4.9.2/../../../../lib/libc.a(hash-string.o)
                              /usr/lib/gcc/x86_64-unknown-linux-gnu/4.9.2/../../../../lib/libc.a(dcigettext.o) (__hash_string)
/usr/lib/gcc/x86_64-unknown-linux-gnu/4.9.2/../../../../lib/libc.a(bsd-_setjmp.o)
                              /usr/lib/gcc/x86_64-unknown-linux-gnu/4.9.2/../../../../lib/libc.a(libc-start.o) (_setjmp)
/usr/lib/gcc/x86_64-unknown-linux-gnu/4.9.2/../../../../lib/libc.a(raise.o)
                              /usr/lib/gcc/x86_64-unknown-linux-gnu/4.9.2/../../../../lib/libc.a(dcigettext.o) (raise)
/usr/lib/gcc/x86_64-unknown-linux-gnu/4.9.2/../../../../lib/libc.a(abort.o)
                              /usr/lib/gcc/x86_64-unknown-linux-gnu/4.9.2/../../../../lib/libc.a(assert.o) (abort)
/usr/lib/gcc/x86_64-unknown-linux-gnu/4.9.2/../../../../lib/libc.a(msort.o)
                              /usr/lib/gcc/x86_64-unknown-linux-gnu/4.9.2/../../../../lib/libc.a(localealias.o) (qsort)
/usr/lib/gcc/x86_64-unknown-linux-gnu/4.9.2/../../../../lib/libc.a(getenv.o)
                              /usr/lib/gcc/x86_64-unknown-linux-gnu/4.9.2/../../../../lib/libc.a(dcigettext.o) (getenv)
/usr/lib/gcc/x86_64-unknown-linux-gnu/4.9.2/../../../../lib/libc.a(exit.o)
                              /usr/lib/gcc/x86_64-unknown-linux-gnu/4.9.2/../../../../lib/libc.a(libc-start.o) (exit)
/usr/lib/gcc/x86_64-unknown-linux-gnu/4.9.2/../../../../lib/libc.a(cxa_atexit.o)
                              /usr/lib/gcc/x86_64-unknown-linux-gnu/4.9.2/../../../../lib/libc.a(libc-start.o) (__cxa_atexit)
/usr/lib/gcc/x86_64-unknown-linux-gnu/4.9.2/../../../../lib/libc.a(strtoul.o)
[...]
Memory Configuration

Name             Origin             Length             Attributes
*default*        0x0000000000000000 0xffffffffffffffff

Linker script and memory map

LOAD /usr/lib/gcc/x86_64-unknown-linux-gnu/4.9.2/../../../../lib/crt1.o
LOAD /usr/lib/gcc/x86_64-unknown-linux-gnu/4.9.2/../../../../lib/crti.o
LOAD /usr/lib/gcc/x86_64-unknown-linux-gnu/4.9.2/crtbeginT.o
LOAD src/main.o
LOAD ../lib/libprinter.a
LOAD /usr/lib/gcc/x86_64-unknown-linux-gnu/4.9.2/../../../../lib/libc.a
LOAD /usr/lib/gcc/x86_64-unknown-linux-gnu/4.9.2/libgcc.a
LOAD /usr/lib/gcc/x86_64-unknown-linux-gnu/4.9.2/libgcc_eh.a
LOAD /usr/lib/gcc/x86_64-unknown-linux-gnu/4.9.2/../../../../lib/libc.a
LOAD /usr/lib/gcc/x86_64-unknown-linux-gnu/4.9.2/crtend.o
LOAD /usr/lib/gcc/x86_64-unknown-linux-gnu/4.9.2/../../../../lib/crtn.o
                0x0000000000400000                PROVIDE (__executable_start, 0x400000)
                0x0000000000400158                . = (0x400000 + SIZEOF_HEADERS)

.interp
 *(.interp)

.note.ABI-tag   0x0000000000400158       0x20
 .note.ABI-tag  0x0000000000400158       0x20 /usr/lib/gcc/x86_64-unknown-linux-gnu/4.9.2/../../../../lib/crt1.o

.note.gnu.build-id
 *(.note.gnu.build-id)

.hash
 *(.hash)

.gnu.hash
 *(.gnu.hash)

.dynsym
 *(.dynsym)

.dynstr
 *(.dynstr)

.gnu.version
 *(.gnu.version)

.gnu.version_d
 *(.gnu.version_d)

.gnu.version_r
 *(.gnu.version_r)

.rela.dyn       0x0000000000400178        0x0
 *(.rela.init)
 *(.rela.text .rela.text.* .rela.gnu.linkonce.t.*)
 .rela.text     0x0000000000400178        0x0 /usr/lib/gcc/x86_64-unknown-linux-gnu/4.9.2/../../../../lib/crt1.o
 .rela.text.startup
                0x0000000000400178        0x0 /usr/lib/gcc/x86_64-unknown-linux-gnu/4.9.2/../../../../lib/crt1.o
 .rela.text.unlikely
                0x0000000000400178        0x0 /usr/lib/gcc/x86_64-unknown-linux-gnu/4.9.2/../../../../lib/crt1.o
 .rela.text.sse4.2
                0x0000000000400178        0x0 /usr/lib/gcc/x86_64-unknown-linux-gnu/4.9.2/../../../../lib/crt1.o
 .rela.text.avx
                0x0000000000400178        0x0 /usr/lib/gcc/x86_64-unknown-linux-gnu/4.9.2/../../../../lib/crt1.o
 .rela.text.sse4.1
                0x0000000000400178        0x0 /usr/lib/gcc/x86_64-unknown-linux-gnu/4.9.2/../../../../lib/crt1.o
 .rela.text.ssse3
                0x0000000000400178        0x0 /usr/lib/gcc/x86_64-unknown-linux-gnu/4.9.2/../../../../lib/crt1.o
 *(.rela.fini)
 *(.rela.rodata .rela.rodata.* .rela.gnu.linkonce.r.*)
 .rela.rodata   0x0000000000400178        0x0 /usr/lib/gcc/x86_64-unknown-linux-gnu/4.9.2/../../../../lib/crt1.o
 *(.rela.data .rela.data.* .rela.gnu.linkonce.d.*)
 .rela.data     0x0000000000400178        0x0 /usr/lib/gcc/x86_64-unknown-linux-gnu/4.9.2/../../../../lib/crt1.o
 *(.rela.tdata .rela.tdata.* .rela.gnu.linkonce.td.*)
 .rela.tdata    0x0000000000400178        0x0 /usr/lib/gcc/x86_64-unknown-linux-gnu/4.9.2/../../../../lib/crt1.o
 *(.rela.tbss .rela.tbss.* .rela.gnu.linkonce.tb.*)
 *(.rela.ctors)
 *(.rela.dtors)
 *(.rela.got)
 .rela.got      0x0000000000400178        0x0 /usr/lib/gcc/x86_64-unknown-linux-gnu/4.9.2/../../../../lib/crt1.o
 *(.rela.bss .rela.bss.* .rela.gnu.linkonce.b.*)
 *(.rela.ldata .rela.ldata.* .rela.gnu.linkonce.l.*)
 *(.rela.lbss .rela.lbss.* .rela.gnu.linkonce.lb.*)
 *(.rela.lrodata .rela.lrodata.* .rela.gnu.linkonce.lr.*)
 *(.rela.ifunc)
 .rela__libc_freeres_fn
                0x0000000000400178        0x0 /usr/lib/gcc/x86_64-unknown-linux-gnu/4.9.2/../../../../lib/crt1.o
 .rela.eh_frame
                0x0000000000400178        0x0 /usr/lib/gcc/x86_64-unknown-linux-gnu/4.9.2/../../../../lib/crt1.o
 .rela__libc_thread_freeres_fn
                0x0000000000400178        0x0 /usr/lib/gcc/x86_64-unknown-linux-gnu/4.9.2/../../../../lib/crt1.o

.rela.plt       0x0000000000400178       0xf0
 *(.rela.plt)
                0x0000000000400178                PROVIDE (__rela_iplt_start, .)
 *(.rela.iplt)
 .rela.iplt     0x0000000000400178       0xf0 /usr/lib/gcc/x86_64-unknown-linux-gnu/4.9.2/../../../../lib/crt1.o
                0x0000000000400268                PROVIDE (__rela_iplt_end, .)

.init           0x0000000000400268       0x1a
 *(SORT(.init))
 .init          0x0000000000400268       0x15 /usr/lib/gcc/x86_64-unknown-linux-gnu/4.9.2/../../../../lib/crti.o
                0x0000000000400268                _init
 .init          0x000000000040027d        0x5 /usr/lib/gcc/x86_64-unknown-linux-gnu/4.9.2/../../../../lib/crtn.o

.plt            0x0000000000400290       0xa0
 *(.plt)
 *(.iplt)
 .iplt          0x0000000000400290       0xa0 /usr/lib/gcc/x86_64-unknown-linux-gnu/4.9.2/../../../../lib/crt1.o

.plt.bnd
 *(.plt.bnd)

.text           0x0000000000400330    0x86894
 *(.text.unlikely .text.*_unlikely .text.unlikely.*)
 .text.unlikely
                0x0000000000400330        0x0 /usr/lib/gcc/x86_64-unknown-linux-gnu/4.9.2/crtbeginT.o
 .text.unlikely
                0x0000000000400330        0x0 src/main.o
 .text.unlikely
                0x0000000000400330        0x0 ../lib/libprinter.a(printer.o)
 .text.unlikely
                0x0000000000400330        0x0 /usr/lib/gcc/x86_64-unknown-linux-gnu/4.9.2/../../../../lib/libc.a(libc-start.o)
 .text.unlikely
                0x0000000000400330        0x0 /usr/lib/gcc/x86_64-unknown-linux-gnu/4.9.2/../../../../lib/libc.a(check_fds.o)
 .text.unlikely
                0x0000000000400330        0x0 /usr/lib/gcc/x86_64-unknown-linux-gnu/4.9.2/../../../../lib/libc.a(libc-tls.o)
 .text.unlikely
                0x0000000000400330        0x0 /usr/lib/gcc/x86_64-unknown-linux-gnu/4.9.2/../../../../lib/libc.a(elf-init.o)
 .text.unlikely
                0x0000000000400330        0x0 /usr/lib/gcc/x86_64-unknown-linux-gnu/4.9.2/../../../../lib/libc.a(assert.o)
 .text.unlikely
                0x0000000000400330        0x0 /usr/lib/gcc/x86_64-unknown-linux-gnu/4.9.2/../../../../lib/libc.a(dcgettext.o)
 .text.unlikely
                0x0000000000400330        0x0 /usr/lib/gcc/x86_64-unknown-linux-gnu/4.9.2/../../../../lib/libc.a(dcigettext.o)
 .text.unlikely
                0x0000000000400330        0x0 /usr/lib/gcc/x86_64-unknown-linux-gnu/4.9.2/../../../../lib/libc.a(finddomain.o)
 .text.unlikely
                0x0000000000400330        0x0 /usr/lib/gcc/x86_64-unknown-linux-gnu/4.9.2/../../../../lib/libc.a(loadmsgcat.o)
 .text.unlikely
                0x0000000000400330        0x0 /usr/lib/gcc/x86_64-unknown-linux-gnu/4.9.2/../../../../lib/libc.a(localealias.o)
 .text.unlikely
                0x0000000000400330        0x0 /usr/lib/gcc/x86_64-unknown-linux-gnu/4.9.2/../../../../lib/libc.a(l10nflist.o)
 .text.unlikely
                0x0000000000400330        0x0 /usr/lib/gcc/x86_64-unknown-linux-gnu/4.9.2/../../../../lib/libc.a(explodename.o)
 .text.unlikely
                0x0000000000400330        0x0 /usr/lib/gcc/x86_64-unknown-linux-gnu/4.9.2/../../../../lib/libc.a(plural.o)
 .text.unlikely
                0x0000000000400330        0x0 /usr/lib/gcc/x86_64-unknown-linux-gnu/4.9.2/../../../../lib/libc.a(plural-exp.o)
 .text.unlikely
                0x0000000000400330        0x0 /usr/lib/gcc/x86_64-unknown-linux-gnu/4.9.2/../../../../lib/libc.a(hash-string.o)
 .text.unlikely
                0x0000000000400330        0x0 /usr/lib/gcc/x86_64-unknown-linux-gnu/4.9.2/../../../../lib/libc.a(raise.o)
 .text.unlikely
                0x0000000000400330        0x0 /usr/lib/gcc/x86_64-unknown-linux-gnu/4.9.2/../../../../lib/libc.a(abort.o)
 .text.unlikely
                0x0000000000400330        0x0 /usr/lib/gcc/x86_64-unknown-linux-gnu/4.9.2/../../../../lib/libc.a(msort.o)
 .text.unlikely
                0x0000000000400330        0x0 /usr/lib/gcc/x86_64-unknown-linux-gnu/4.9.2/../../../../lib/libc.a(getenv.o)
 .text.unlikely
                0x0000000000400330        0x0 /usr/lib/gcc/x86_64-unknown-linux-gnu/4.9.2/../../../../lib/libc.a(exit.o)
 .text.unlikely
                0x0000000000400330        0x0 /usr/lib/gcc/x86_64-unknown-linux-gnu/4.9.2/../../../../lib/libc.a(cxa_atexit.o)
 .text.unlikely
                0x0000000000400330        0x0 /usr/lib/gcc/x86_64-unknown-linux-gnu/4.9.2/../../../../lib/libc.a(strtoul.o)
 .text.unlikely
                0x0000000000400330        0x0 /usr/lib/gcc/x86_64-unknown-linux-gnu/4.9.2/../../../../lib/libc.a(strtoul_l.o)
 .text.unlikely
                0x0000000000400330        0x0 /usr/lib/gcc/x86_64-unknown-linux-gnu/4.9.2/../../../../lib/libc.a(grouping.o)
 .text.unlikely
                0x0000000000400330        0x0 /usr/lib/gcc/x86_64-unknown-linux-gnu/4.9.2/../../../../lib/libc.a(asprintf.o)
 .text.unlikely
                0x0000000000400330        0x0 /usr/lib/gcc/x86_64-unknown-linux-gnu/4.9.2/../../../../lib/libc.a(fxprintf.o)
 .text.unlikely
                0x0000000000400330        0x0 /usr/lib/gcc/x86_64-unknown-linux-gnu/4.9.2/../../../../lib/libc.a(iofclose.o)
 .text.unlikely
                0x0000000000400330        0x0 /usr/lib/gcc/x86_64-unknown-linux-gnu/4.9.2/../../../../lib/libc.a(iofflush.o)
 .text.unlikely
                0x0000000000400330        0x0 /usr/lib/gcc/x86_64-unknown-linux-gnu/4.9.2/../../../../lib/libc.a(iofopen.o)
 .text.unlikely
                0x0000000000400330        0x0 /usr/lib/gcc/x86_64-unknown-linux-gnu/4.9.2/../../../../lib/libc.a(wprintf.o)
 .text.unlikely
                0x0000000000400330        0x0 /usr/lib/gcc/x86_64-unknown-linux-gnu/4.9.2/../../../../lib/libc.a(wfileops.o)
 .text.unlikely
                0x0000000000400330        0x0 /usr/lib/gcc/x86_64-unknown-linux-gnu/4.9.2/../../../../lib/libc.a(vasprintf.o)
 .text.unlikely
                0x0000000000400330        0x0 /usr/lib/gcc/x86_64-unknown-linux-gnu/4.9.2/../../../../lib/libc.a(fcloseall.o)
 .text.unlikely
                0x0000000000400330       0xc5 /usr/lib/gcc/x86_64-unknown-linux-gnu/4.9.2/../../../../lib/libc.a(libc_fatal.o)
 .text.unlikely
                0x00000000004003f5        0x0 /usr/lib/gcc/x86_64-unknown-linux-gnu/4.9.2/../../../../lib/libc.a(iofgets_u.o)
 .text.unlikely
                0x00000000004003f5        0x0 /usr/lib/gcc/x86_64-unknown-linux-gnu/4.9.2/../../../../lib/libc.a(fileops.o)
 .text.unlikely
                0x00000000004003f5        0x0 /usr/lib/gcc/x86_64-unknown-linux-gnu/4.9.2/../../../../lib/libc.a(genops.o)
 .text.unlikely
                0x00000000004003f5        0x0 /usr/lib/gcc/x86_64-unknown-linux-gnu/4.9.2/../../../../lib/libc.a(strops.o)
 .text.unlikely
                0x00000000004003f5        0x0 /usr/lib/gcc/x86_64-unknown-linux-gnu/4.9.2/../../../../lib/libc.a(malloc.o)
 .text.unlikely
                0x00000000004003f5        0x0 /usr/lib/gcc/x86_64-unknown-linux-gnu/4.9.2/../../../../lib/libc.a(morecore.o)
 .text.unlikely
                0x00000000004003f5        0x0 /usr/lib/gcc/x86_64-unknown-linux-gnu/4.9.2/../../../../lib/libc.a(strdup.o)
 .text.unlikely
                0x00000000004003f5        0x0 /usr/lib/gcc/x86_64-unknown-linux-gnu/4.9.2/../../../../lib/libc.a(strstr.o)
 .text.unlikely
                0x00000000004003f5        0x0 /usr/lib/gcc/x86_64-unknown-linux-gnu/4.9.2/../../../../lib/libc.a(memmove.o)
 .text.unlikely
                0x00000000004003f5        0x0 /usr/lib/gcc/x86_64-unknown-linux-gnu/4.9.2/../../../../lib/libc.a(wordcopy.o)
 .text.unlikely
                0x00000000004003f5        0x0 /usr/lib/gcc/x86_64-unknown-linux-gnu/4.9.2/../../../../lib/libc.a(cacheinfo.o)
 .text.unlikely
                0x00000000004003f5        0x0 /usr/lib/gcc/x86_64-unknown-linux-gnu/4.9.2/../../../../lib/libc.a(strcasecmp_l-nonascii.o)
 .text.unlikely
                0x00000000004003f5        0x0 /usr/lib/gcc/x86_64-unknown-linux-gnu/4.9.2/../../../../lib/libc.a(wmempcpy.o)
 .text.unlikely
                0x00000000004003f5        0x0 /usr/lib/gcc/x86_64-unknown-linux-gnu/4.9.2/../../../../lib/libc.a(wcsmbsload.o)
 .text.unlikely
                0x00000000004003f5        0x0 /usr/lib/gcc/x86_64-unknown-linux-gnu/4.9.2/../../../../lib/libc.a(_exit.o)
 .text.unlikely
                0x00000000004003f5        0x0 /usr/lib/gcc/x86_64-unknown-linux-gnu/4.9.2/../../../../lib/libc.a(sysconf.o)
 .text.unlikely
                0x00000000004003f5        0x0 /usr/lib/gcc/x86_64-unknown-linux-gnu/4.9.2/../../../../lib/libc.a(get_child_max.o)
 .text.unlikely
                0x00000000004003f5        0x0 /usr/lib/gcc/x86_64-unknown-linux-gnu/4.9.2/../../../../lib/libc.a(xstat.o)
 .text.unlikely
                0x00000000004003f5        0x0 /usr/lib/gcc/x86_64-unknown-linux-gnu/4.9.2/../../../../lib/libc.a(fxstat.o)
 .text.unlikely
                0x00000000004003f5        0x0 /usr/lib/gcc/x86_64-unknown-linux-gnu/4.9.2/../../../../lib/libc.a(fcntl.o)
 .text.unlikely
                0x00000000004003f5        0x0 /usr/lib/gcc/x86_64-unknown-linux-gnu/4.9.2/../../../../lib/libc.a(getcwd.o)
 .text.unlikely
                0x00000000004003f5        0x0 /usr/lib/gcc/x86_64-unknown-linux-gnu/4.9.2/../../../../lib/libc.a(sbrk.o)
 .text.unlikely
                0x00000000004003f5        0x0 /usr/lib/gcc/x86_64-unknown-linux-gnu/4.9.2/../../../../lib/libc.a(getpagesize.o)
 .text.unlikely
                0x00000000004003f5        0x0 /usr/lib/gcc/x86_64-unknown-linux-gnu/4.9.2/../../../../lib/libc.a(getdtsz.o)
 .text.unlikely
                0x00000000004003f5        0x0 /usr/lib/gcc/x86_64-unknown-linux-gnu/4.9.2/../../../../lib/libc.a(tsearch.o)
 .text.unlikely
                0x00000000004003f5        0x0 /usr/lib/gcc/x86_64-unknown-linux-gnu/4.9.2/../../../../lib/libc.a(getsysstats.o)
 .text.unlikely
                0x00000000004003f5        0x0 /usr/lib/gcc/x86_64-unknown-linux-gnu/4.9.2/../../../../lib/libc.a(getclktck.o)
 .text.unlikely
                0x00000000004003f5        0x0 /usr/lib/gcc/x86_64-unknown-linux-gnu/4.9.2/../../../../lib/libc.a(init-misc.o)
 .text.unlikely
                0x00000000004003f5        0x0 /usr/lib/gcc/x86_64-unknown-linux-gnu/4.9.2/../../../../lib/libc.a(alloca_cutoff.o)
 .text.unlikely
                0x00000000004003f5        0x0 /usr/lib/gcc/x86_64-unknown-linux-gnu/4.9.2/../../../../lib/libc.a(register-atfork.o)
 .text.unlikely
                0x00000000004003f5        0x0 /usr/lib/gcc/x86_64-unknown-linux-gnu/4.9.2/../../../../lib/libc.a(backtrace.o)
 .text.unlikely
                0x00000000004003f5        0x0 /usr/lib/gcc/x86_64-unknown-linux-gnu/4.9.2/../../../../lib/libc.a(backtracesymsfd.o)
 .text.unlikely
                0x00000000004003f5        0x0 /usr/lib/gcc/x86_64-unknown-linux-gnu/4.9.2/../../../../lib/libc.a(chk_fail.o)
 .text.unlikely
                0x00000000004003f5        0x0 /usr/lib/gcc/x86_64-unknown-linux-gnu/4.9.2/../../../../lib/libc.a(fortify_fail.o)
 .text.unlikely
                0x00000000004003f5        0x0 /usr/lib/gcc/x86_64-unknown-linux-gnu/4.9.2/../../../../lib/libc.a(dl-debug.o)
 .text.unlikely
                0x00000000004003f5        0x0 /usr/lib/gcc/x86_64-unknown-linux-gnu/4.9.2/../../../../lib/libc.a(dl-support.o)
 .text.unlikely
                0x00000000004003f5        0x0 /usr/lib/gcc/x86_64-unknown-linux-gnu/4.9.2/../../../../lib/libc.a(dl-addr.o)
 .text.unlikely
                0x00000000004003f5        0x0 /usr/lib/gcc/x86_64-unknown-linux-gnu/4.9.2/../../../../lib/libc.a(enbl-secure.o)
 .text.unlikely
                0x00000000004003f5        0x0 /usr/lib/gcc/x86_64-unknown-linux-gnu/4.9.2/../../../../lib/libc.a(dl-sysdep.o)
 .text.unlikely
                0x00000000004003f5        0x0 /usr/lib/gcc/x86_64-unknown-linux-gnu/4.9.2/../../../../lib/libc.a(init-first.o)
 .text.unlikely
                0x00000000004003f5        0x0 /usr/lib/gcc/x86_64-unknown-linux-gnu/4.9.2/../../../../lib/libc.a(init-arch.o)
 .text.unlikely
                0x00000000004003f5        0x0 /usr/lib/gcc/x86_64-unknown-linux-gnu/4.9.2/../../../../lib/libc.a(gconv_open.o)
 .text.unlikely
                0x00000000004003f5        0x0 /usr/lib/gcc/x86_64-unknown-linux-gnu/4.9.2/../../../../lib/libc.a(gconv.o)
 .text.unlikely
                0x00000000004003f5        0x0 /usr/lib/gcc/x86_64-unknown-linux-gnu/4.9.2/../../../../lib/libc.a(gconv_close.o)
 .text.unlikely
                0x00000000004003f5        0x0 /usr/lib/gcc/x86_64-unknown-linux-gnu/4.9.2/../../../../lib/libc.a(gconv_db.o)
 .text.unlikely
                0x00000000004003f5        0x0 /usr/lib/gcc/x86_64-unknown-linux-gnu/4.9.2/../../../../lib/libc.a(gconv_conf.o)
 .text.unlikely
                0x00000000004003f5        0x0 /usr/lib/gcc/x86_64-unknown-linux-gnu/4.9.2/../../../../lib/libc.a(gconv_builtin.o)
 .text.unlikely
                0x00000000004003f5        0x0 /usr/lib/gcc/x86_64-unknown-linux-gnu/4.9.2/../../../../lib/libc.a(gconv_simple.o)
 .text.unlikely
                0x00000000004003f5        0x0 /usr/lib/gcc/x86_64-unknown-linux-gnu/4.9.2/../../../../lib/libc.a(gconv_trans.o)
 .text.unlikely
                0x00000000004003f5        0x0 /usr/lib/gcc/x86_64-unknown-linux-gnu/4.9.2/../../../../lib/libc.a(gconv_cache.o)
 .text.unlikely
                0x00000000004003f5        0x0 /usr/lib/gcc/x86_64-unknown-linux-gnu/4.9.2/../../../../lib/libc.a(gconv_dl.o)
 .text.unlikely
                0x00000000004003f5        0x0 /usr/lib/gcc/x86_64-unknown-linux-gnu/4.9.2/../../../../lib/libc.a(setlocale.o)
 .text.unlikely
                0x00000000004003f5        0x0 /usr/lib/gcc/x86_64-unknown-linux-gnu/4.9.2/../../../../lib/libc.a(findlocale.o)
 .text.unlikely
                0x00000000004003f5        0x0 /usr/lib/gcc/x86_64-unknown-linux-gnu/4.9.2/../../../../lib/libc.a(loadlocale.o)
 .text.unlikely
                0x00000000004003f5        0x0 /usr/lib/gcc/x86_64-unknown-linux-gnu/4.9.2/../../../../lib/libc.a(loadarchive.o)
 .text.unlikely
                0x00000000004003f5        0x0 /usr/lib/gcc/x86_64-unknown-linux-gnu/4.9.2/../../../../lib/libc.a(lc-ctype.o)
 .text.unlikely
                0x00000000004003f5        0x0 /usr/lib/gcc/x86_64-unknown-linux-gnu/4.9.2/../../../../lib/libc.a(localename.o)
 .text.unlikely
                0x00000000004003f5        0x0 /usr/lib/gcc/x86_64-unknown-linux-gnu/4.9.2/../../../../lib/libc.a(ctype-info.o)
 .text.unlikely
                0x00000000004003f5        0x0 /usr/lib/gcc/x86_64-unknown-linux-gnu/4.9.2/../../../../lib/libc.a(setfpucw.o)
 .text.unlikely
                0x00000000004003f5        0x0 /usr/lib/gcc/x86_64-unknown-linux-gnu/4.9.2/../../../../lib/libc.a(sigjmp.o)
 .text.unlikely
                0x00000000004003f5        0x0 /usr/lib/gcc/x86_64-unknown-linux-gnu/4.9.2/../../../../lib/libc.a(sigaction.o)
 .text.unlikely
                0x00000000004003f5        0x0 /usr/lib/gcc/x86_64-unknown-linux-gnu/4.9.2/../../../../lib/libc.a(sigprocmask.o)
 .text.unlikely
                0x00000000004003f5        0x0 /usr/lib/gcc/x86_64-unknown-linux-gnu/4.9.2/../../../../lib/libc.a(qsort.o)
 .text.unlikely
                0x00000000004003f5        0x0 /usr/lib/gcc/x86_64-unknown-linux-gnu/4.9.2/../../../../lib/libc.a(setenv.o)
 .text.unlikely
                0x00000000004003f5        0x0 /usr/lib/gcc/x86_64-unknown-linux-gnu/4.9.2/../../../../lib/libc.a(secure-getenv.o)
 .text.unlikely
                0x00000000004003f5        0x0 /usr/lib/gcc/x86_64-unknown-linux-gnu/4.9.2/../../../../lib/libc.a(strtol.o)
 .text.unlikely
                0x00000000004003f5        0x0 /usr/lib/gcc/x86_64-unknown-linux-gnu/4.9.2/../../../../lib/libc.a(strtol_l.o)
 .text.unlikely
                0x00000000004003f5        0x0 /usr/lib/gcc/x86_64-unknown-linux-gnu/4.9.2/../../../../lib/libc.a(_itoa.o)
 .text.unlikely
                0x00000000004003f5      0x337 /usr/lib/gcc/x86_64-unknown-linux-gnu/4.9.2/../../../../lib/libc.a(vfprintf.o)
 .text.unlikely
                0x000000000040072c        0x0 /usr/lib/gcc/x86_64-unknown-linux-gnu/4.9.2/../../../../lib/libc.a(printf_fp.o)
 .text.unlikely
                0x000000000040072c        0x0 /usr/lib/gcc/x86_64-unknown-linux-gnu/4.9.2/../../../../lib/libc.a(reg-printf.o)
 .text.unlikely
                0x000000000040072c        0x0 /usr/lib/gcc/x86_64-unknown-linux-gnu/4.9.2/../../../../lib/libc.a(printf_fphex.o)
 .text.unlikely
                0x000000000040072c        0x0 /usr/lib/gcc/x86_64-unknown-linux-gnu/4.9.2/../../../../lib/libc.a(reg-modifier.o)
 .text.unlikely
                0x000000000040072c        0x0 /usr/lib/gcc/x86_64-unknown-linux-gnu/4.9.2/../../../../lib/libc.a(reg-type.o)
 .text.unlikely
                0x000000000040072c        0x0 /usr/lib/gcc/x86_64-unknown-linux-gnu/4.9.2/../../../../lib/libc.a(fprintf.o)
 .text.unlikely
                0x000000000040072c      0x252 /usr/lib/gcc/x86_64-unknown-linux-gnu/4.9.2/../../../../lib/libc.a(vfwprintf.o)
 .text.unlikely
                0x000000000040097e        0x0 /usr/lib/gcc/x86_64-unknown-linux-gnu/4.9.2/../../../../lib/libc.a(sscanf.o)
 .text.unlikely
                0x000000000040097e        0x0 /usr/lib/gcc/x86_64-unknown-linux-gnu/4.9.2/../../../../lib/libc.a(funlockfile.o)
 .text.unlikely
                0x000000000040097e        0x0 /usr/lib/gcc/x86_64-unknown-linux-gnu/4.9.2/../../../../lib/libc.a(printf-parsemb.o)
 .text.unlikely
                0x000000000040097e        0x0 /usr/lib/gcc/x86_64-unknown-linux-gnu/4.9.2/../../../../lib/libc.a(printf-parsewc.o)
 .text.unlikely
                0x000000000040097e        0x0 /usr/lib/gcc/x86_64-unknown-linux-gnu/4.9.2/../../../../lib/libc.a(filedoalloc.o)
 .text.unlikely
                0x000000000040097e        0x0 /usr/lib/gcc/x86_64-unknown-linux-gnu/4.9.2/../../../../lib/libc.a(iofputs.o)
 .text.unlikely
                0x000000000040097e        0x0 /usr/lib/gcc/x86_64-unknown-linux-gnu/4.9.2/../../../../lib/libc.a(wfiledoalloc.o)
 .text.unlikely
                0x000000000040097e        0x0 /usr/lib/gcc/x86_64-unknown-linux-gnu/4.9.2/../../../../lib/libc.a(iofwrite.o)
 .text.unlikely
                0x000000000040097e        0x0 /usr/lib/gcc/x86_64-unknown-linux-gnu/4.9.2/../../../../lib/libc.a(iogetdelim.o)
 .text.unlikely
                0x000000000040097e        0x0 /usr/lib/gcc/x86_64-unknown-linux-gnu/4.9.2/../../../../lib/libc.a(iogetline.o)
 .text.unlikely
                0x000000000040097e        0x0 /usr/lib/gcc/x86_64-unknown-linux-gnu/4.9.2/../../../../lib/libc.a(iopadn.o)
 .text.unlikely
                0x000000000040097e        0x0 /usr/lib/gcc/x86_64-unknown-linux-gnu/4.9.2/../../../../lib/libc.a(iovsscanf.o)
 .text.unlikely
                0x000000000040097e        0x0 /usr/lib/gcc/x86_64-unknown-linux-gnu/4.9.2/../../../../lib/libc.a(iowpadn.o)
 .text.unlikely
                0x000000000040097e        0x0 /usr/lib/gcc/x86_64-unknown-linux-gnu/4.9.2/../../../../lib/libc.a(wgenops.o)
 .text.unlikely
                0x000000000040097e        0x0 /usr/lib/gcc/x86_64-unknown-linux-gnu/4.9.2/../../../../lib/libc.a(iofwide.o)
 .text.unlikely
                0x000000000040097e        0x0 /usr/lib/gcc/x86_64-unknown-linux-gnu/4.9.2/../../../../lib/libc.a(strndup.o)
 .text.unlikely
                0x000000000040097e        0x0 /usr/lib/gcc/x86_64-unknown-linux-gnu/4.9.2/../../../../lib/libc.a(_strerror.o)
 .text.unlikely
                0x000000000040097e        0x0 /usr/lib/gcc/x86_64-unknown-linux-gnu/4.9.2/../../../../lib/libc.a(memmem.o)
 .text.unlikely
                0x000000000040097e        0x0 /usr/lib/gcc/x86_64-unknown-linux-gnu/4.9.2/../../../../lib/libc.a(argz-ctsep.o)
 .text.unlikely
                0x000000000040097e        0x0 /usr/lib/gcc/x86_64-unknown-linux-gnu/4.9.2/../../../../lib/libc.a(argz-addsep.o)
 .text.unlikely
                0x000000000040097e        0x0 /usr/lib/gcc/x86_64-unknown-linux-gnu/4.9.2/../../../../lib/libc.a(wmemcpy.o)
 .text.unlikely
                0x000000000040097e        0x0 /usr/lib/gcc/x86_64-unknown-linux-gnu/4.9.2/../../../../lib/libc.a(wmemmove.o)
 .text.unlikely
                0x000000000040097e        0x0 /usr/lib/gcc/x86_64-unknown-linux-gnu/4.9.2/../../../../lib/libc.a(wmemset.o)
 .text.unlikely
                0x000000000040097e        0x0 /usr/lib/gcc/x86_64-unknown-linux-gnu/4.9.2/../../../../lib/libc.a(btowc.o)
 .text.unlikely
                0x000000000040097e        0x0 /usr/lib/gcc/x86_64-unknown-linux-gnu/4.9.2/../../../../lib/libc.a(wcrtomb.o)
 .text.unlikely
                0x000000000040097e        0x0 /usr/lib/gcc/x86_64-unknown-linux-gnu/4.9.2/../../../../lib/libc.a(mbsrtowcs.o)
 .text.unlikely
                0x000000000040097e        0x0 /usr/lib/gcc/x86_64-unknown-linux-gnu/4.9.2/../../../../lib/libc.a(wcsrtombs.o)
 .text.unlikely
                0x000000000040097e        0x0 /usr/lib/gcc/x86_64-unknown-linux-gnu/4.9.2/../../../../lib/libc.a(wcsnlen.o)
 .text.unlikely
                0x000000000040097e        0x0 /usr/lib/gcc/x86_64-unknown-linux-gnu/4.9.2/../../../../lib/libc.a(wcschrnul.o)
 .text.unlikely
                0x000000000040097e        0x0 /usr/lib/gcc/x86_64-unknown-linux-gnu/4.9.2/../../../../lib/libc.a(mbsrtowcs_l.o)
 .text.unlikely
                0x000000000040097e        0x0 /usr/lib/gcc/x86_64-unknown-linux-gnu/4.9.2/../../../../lib/libc.a(time.o)
 .text.unlikely
                0x000000000040097e        0x0 /usr/lib/gcc/x86_64-unknown-linux-gnu/4.9.2/../../../../lib/libc.a(tzset.o)
 .text.unlikely
                0x000000000040097e        0x0 /usr/lib/gcc/x86_64-unknown-linux-gnu/4.9.2/../../../../lib/libc.a(tzfile.o)
 .text.unlikely
                0x000000000040097e        0x0 /usr/lib/gcc/x86_64-unknown-linux-gnu/4.9.2/../../../../lib/libc.a(opendir.o)
 .text.unlikely
                0x000000000040097e        0x0 /usr/lib/gcc/x86_64-unknown-linux-gnu/4.9.2/../../../../lib/libc.a(closedir.o)
 .text.unlikely
                0x000000000040097e        0x0 /usr/lib/gcc/x86_64-unknown-linux-gnu/4.9.2/../../../../lib/libc.a(readdir.o)
 .text.unlikely
                0x000000000040097e        0x0 /usr/lib/gcc/x86_64-unknown-linux-gnu/4.9.2/../../../../lib/libc.a(rewinddir.o)
 .text.unlikely
                0x000000000040097e        0x0 /usr/lib/gcc/x86_64-unknown-linux-gnu/4.9.2/../../../../lib/libc.a(getdents.o)
 .text.unlikely
                0x000000000040097e        0x0 /usr/lib/gcc/x86_64-unknown-linux-gnu/4.9.2/../../../../lib/libc.a(fdopendir.o)
 .text.unlikely
                0x000000000040097e        0x0 /usr/lib/gcc/x86_64-unknown-linux-gnu/4.9.2/../../../../lib/libc.a(lxstat.o)
 .text.unlikely
                0x000000000040097e        0x0 /usr/lib/gcc/x86_64-unknown-linux-gnu/4.9.2/../../../../lib/libc.a(fxstatat.o)
 .text.unlikely
                0x000000000040097e        0x0 /usr/lib/gcc/x86_64-unknown-linux-gnu/4.9.2/../../../../lib/libc.a(openat.o)
 .text.unlikely
                0x000000000040097e        0x0 /usr/lib/gcc/x86_64-unknown-linux-gnu/4.9.2/../../../../lib/libc.a(isatty.o)
 .text.unlikely
                0x000000000040097e        0x0 /usr/lib/gcc/x86_64-unknown-linux-gnu/4.9.2/../../../../lib/libc.a(tcgetattr.o)
 .text.unlikely
                0x000000000040097e        0x0 /usr/lib/gcc/x86_64-unknown-linux-gnu/4.9.2/../../../../lib/libc.a(brk.o)
 .text.unlikely
                0x000000000040097e        0x0 /usr/lib/gcc/x86_64-unknown-linux-gnu/4.9.2/../../../../lib/libc.a(wctrans.o)
 .text.unlikely
                0x000000000040097e        0x0 /usr/lib/gcc/x86_64-unknown-linux-gnu/4.9.2/../../../../lib/libc.a(towctrans.o)
 .text.unlikely
                0x000000000040097e        0x0 /usr/lib/gcc/x86_64-unknown-linux-gnu/4.9.2/../../../../lib/libc.a(readonly-area.o)
 .text.unlikely
                0x000000000040097e        0x0 /usr/lib/gcc/x86_64-unknown-linux-gnu/4.9.2/../../../../lib/libc.a(dl-load.o)
 .text.unlikely
                0x000000000040097e        0x0 /usr/lib/gcc/x86_64-unknown-linux-gnu/4.9.2/../../../../lib/libc.a(dl-lookup.o)
 .text.unlikely
                0x000000000040097e        0x0 /usr/lib/gcc/x86_64-unknown-linux-gnu/4.9.2/../../../../lib/libc.a(dl-object.o)
 .text.unlikely
                0x000000000040097e        0x0 /usr/lib/gcc/x86_64-unknown-linux-gnu/4.9.2/../../../../lib/libc.a(dl-reloc.o)
 .text.unlikely
                0x000000000040097e        0x0 /usr/lib/gcc/x86_64-unknown-linux-gnu/4.9.2/../../../../lib/libc.a(dl-hwcaps.o)
 .text.unlikely
                0x000000000040097e        0x0 /usr/lib/gcc/x86_64-unknown-linux-gnu/4.9.2/../../../../lib/libc.a(dl-error.o)
 .text.unlikely
                0x000000000040097e        0x0 /usr/lib/gcc/x86_64-unknown-linux-gnu/4.9.2/../../../../lib/libc.a(dl-misc.o)
 .text.unlikely
                0x000000000040097e       0x1c /usr/lib/gcc/x86_64-unknown-linux-gnu/4.9.2/../../../../lib/libc.a(dl-tls.o)
 .text.unlikely
                0x000000000040099a        0x0 /usr/lib/gcc/x86_64-unknown-linux-gnu/4.9.2/../../../../lib/libc.a(dl-origin.o)
 .text.unlikely
                0x000000000040099a        0x0 /usr/lib/gcc/x86_64-unknown-linux-gnu/4.9.2/../../../../lib/libc.a(dl-scope.o)
 .text.unlikely
                0x000000000040099a        0x0 /usr/lib/gcc/x86_64-unknown-linux-gnu/4.9.2/../../../../lib/libc.a(dl-execstack.o)
 .text.unlikely
                0x000000000040099a        0x0 /usr/lib/gcc/x86_64-unknown-linux-gnu/4.9.2/../../../../lib/libc.a(dl-open.o)
 .text.unlikely
                0x000000000040099a        0x0 /usr/lib/gcc/x86_64-unknown-linux-gnu/4.9.2/../../../../lib/libc.a(dl-close.o)
 .text.unlikely
                0x000000000040099a        0x0 /usr/lib/gcc/x86_64-unknown-linux-gnu/4.9.2/../../../../lib/libc.a(dl-cache.o)
 .text.unlikely
                0x000000000040099a        0x0 /usr/lib/gcc/x86_64-unknown-linux-gnu/4.9.2/../../../../lib/libc.a(dl-profstub.o)
 .text.unlikely
                0x000000000040099a        0x0 /usr/lib/gcc/x86_64-unknown-linux-gnu/4.9.2/../../../../lib/libc.a(dl-libc.o)
 .text.unlikely
                0x000000000040099a        0x0 /usr/lib/gcc/x86_64-unknown-linux-gnu/4.9.2/../../../../lib/libc.a(dl-tsd.o)
 .text.unlikely
                0x000000000040099a        0x0 /usr/lib/gcc/x86_64-unknown-linux-gnu/4.9.2/../../../../lib/libc.a(tlsdesc.o)
 .text.unlikely
                0x000000000040099a        0x0 /usr/lib/gcc/x86_64-unknown-linux-gnu/4.9.2/../../../../lib/libc.a(s_isinf.o)
 .text.unlikely
                0x000000000040099a        0x0 /usr/lib/gcc/x86_64-unknown-linux-gnu/4.9.2/../../../../lib/libc.a(s_isnan.o)
 .text.unlikely
                0x000000000040099a        0x0 /usr/lib/gcc/x86_64-unknown-linux-gnu/4.9.2/../../../../lib/libc.a(s_isinfl.o)
 .text.unlikely
                0x000000000040099a        0x0 /usr/lib/gcc/x86_64-unknown-linux-gnu/4.9.2/../../../../lib/libc.a(s_isnanl.o)
 .text.unlikely
                0x000000000040099a        0x0 /usr/lib/gcc/x86_64-unknown-linux-gnu/4.9.2/../../../../lib/libc.a(cmp.o)
 .text.unlikely
                0x000000000040099a        0x0 /usr/lib/gcc/x86_64-unknown-linux-gnu/4.9.2/../../../../lib/libc.a(divrem.o)
 .text.unlikely
                0x000000000040099a        0x0 /usr/lib/gcc/x86_64-unknown-linux-gnu/4.9.2/../../../../lib/libc.a(mul.o)
 .text.unlikely
                0x000000000040099a        0x0 /usr/lib/gcc/x86_64-unknown-linux-gnu/4.9.2/../../../../lib/libc.a(mul_n.o)
 .text.unlikely
                0x000000000040099a        0x0 /usr/lib/gcc/x86_64-unknown-linux-gnu/4.9.2/../../../../lib/libc.a(dbl2mpn.o)
 .text.unlikely
                0x000000000040099a        0x0 /usr/lib/gcc/x86_64-unknown-linux-gnu/4.9.2/../../../../lib/libc.a(ldbl2mpn.o)
 .text.unlikely
                0x000000000040099a        0x0 /usr/lib/gcc/x86_64-unknown-linux-gnu/4.9.2/../../../../lib/libc.a(vfscanf.o)
 .text.unlikely
                0x000000000040099a        0x0 /usr/lib/gcc/x86_64-unknown-linux-gnu/4.9.2/../../../../lib/libc.a(fileno.o)
 .text.unlikely
                0x000000000040099a        0x0 /usr/lib/gcc/x86_64-unknown-linux-gnu/4.9.2/../../../../lib/libc.a(fseek.o)
 .text.unlikely
                0x000000000040099a        0x0 /usr/lib/gcc/x86_64-unknown-linux-gnu/4.9.2/../../../../lib/libc.a(ftello.o)
 .text.unlikely
                0x000000000040099a        0x0 /usr/lib/gcc/x86_64-unknown-linux-gnu/4.9.2/../../../../lib/libc.a(iofread_u.o)
 .text.unlikely
                0x000000000040099a        0x0 /usr/lib/gcc/x86_64-unknown-linux-gnu/4.9.2/../../../../lib/libc.a(sdlerror.o)
 .text.unlikely
                0x000000000040099a        0x0 /usr/lib/gcc/x86_64-unknown-linux-gnu/4.9.2/../../../../lib/libc.a(sdladdr.o)
 .text.unlikely
                0x000000000040099a        0x0 /usr/lib/gcc/x86_64-unknown-linux-gnu/4.9.2/../../../../lib/libc.a(sdladdr1.o)
 .text.unlikely
                0x000000000040099a        0x0 /usr/lib/gcc/x86_64-unknown-linux-gnu/4.9.2/../../../../lib/libc.a(sdlinfo.o)
 .text.unlikely
                0x000000000040099a        0x0 /usr/lib/gcc/x86_64-unknown-linux-gnu/4.9.2/../../../../lib/libc.a(sdlmopen.o)
 .text.unlikely
                0x000000000040099a        0x0 /usr/lib/gcc/x86_64-unknown-linux-gnu/4.9.2/../../../../lib/libc.a(strerror.o)
 .text.unlikely
                0x000000000040099a        0x0 /usr/lib/gcc/x86_64-unknown-linux-gnu/4.9.2/../../../../lib/libc.a(strsep.o)
 .text.unlikely
                0x000000000040099a        0x0 /usr/lib/gcc/x86_64-unknown-linux-gnu/4.9.2/../../../../lib/libc.a(mbrlen.o)
 .text.unlikely
                0x000000000040099a        0x0 /usr/lib/gcc/x86_64-unknown-linux-gnu/4.9.2/../../../../lib/libc.a(mbrtowc.o)
 .text.unlikely
                0x000000000040099a        0x0 /usr/lib/gcc/x86_64-unknown-linux-gnu/4.9.2/../../../../lib/libc.a(offtime.o)
 .text.unlikely
                0x000000000040099a        0x0 /usr/lib/gcc/x86_64-unknown-linux-gnu/4.9.2/../../../../lib/libc.a(localtime.o)
 .text.unlikely
                0x000000000040099a        0x0 /usr/lib/gcc/x86_64-unknown-linux-gnu/4.9.2/../../../../lib/libc.a(mktime.o)
 .text.unlikely
                0x000000000040099a        0x0 /usr/lib/gcc/x86_64-unknown-linux-gnu/4.9.2/../../../../lib/libc.a(getpid.o)
 .text.unlikely
                0x000000000040099a        0x0 /usr/lib/gcc/x86_64-unknown-linux-gnu/4.9.2/../../../../lib/libc.a(dl-deps.o)
 .text.unlikely
                0x000000000040099a        0x0 /usr/lib/gcc/x86_64-unknown-linux-gnu/4.9.2/../../../../lib/libc.a(dl-runtime.o)
 .text.unlikely
                0x000000000040099a        0x0 /usr/lib/gcc/x86_64-unknown-linux-gnu/4.9.2/../../../../lib/libc.a(dl-init.o)
 .text.unlikely
                0x000000000040099a        0x0 /usr/lib/gcc/x86_64-unknown-linux-gnu/4.9.2/../../../../lib/libc.a(dl-fini.o)
 .text.unlikely
                0x000000000040099a        0x0 /usr/lib/gcc/x86_64-unknown-linux-gnu/4.9.2/../../../../lib/libc.a(dl-version.o)
 .text.unlikely
                0x000000000040099a        0x0 /usr/lib/gcc/x86_64-unknown-linux-gnu/4.9.2/../../../../lib/libc.a(dl-profile.o)
 .text.unlikely
                0x000000000040099a        0x0 /usr/lib/gcc/x86_64-unknown-linux-gnu/4.9.2/../../../../lib/libc.a(strtof.o)
 .text.unlikely
                0x000000000040099a        0x0 /usr/lib/gcc/x86_64-unknown-linux-gnu/4.9.2/../../../../lib/libc.a(strtod.o)
 .text.unlikely
                0x000000000040099a        0x0 /usr/lib/gcc/x86_64-unknown-linux-gnu/4.9.2/../../../../lib/libc.a(strtold.o)
 .text.unlikely
                0x000000000040099a        0x0 /usr/lib/gcc/x86_64-unknown-linux-gnu/4.9.2/../../../../lib/libc.a(strtof_l.o)
 .text.unlikely
                0x000000000040099a        0x0 /usr/lib/gcc/x86_64-unknown-linux-gnu/4.9.2/../../../../lib/libc.a(strtod_l.o)
 .text.unlikely
                0x000000000040099a        0x0 /usr/lib/gcc/x86_64-unknown-linux-gnu/4.9.2/../../../../lib/libc.a(strtold_l.o)
 .text.unlikely
                0x000000000040099a        0x0 /usr/lib/gcc/x86_64-unknown-linux-gnu/4.9.2/../../../../lib/libc.a(mpn2flt.o)
 .text.unlikely
                0x000000000040099a        0x0 /usr/lib/gcc/x86_64-unknown-linux-gnu/4.9.2/../../../../lib/libc.a(mpn2dbl.o)
 .text.unlikely
                0x000000000040099a        0x0 /usr/lib/gcc/x86_64-unknown-linux-gnu/4.9.2/../../../../lib/libc.a(mpn2ldbl.o)
 .text.unlikely
                0x000000000040099a        0x0 /usr/lib/gcc/x86_64-unknown-linux-gnu/4.9.2/../../../../lib/libc.a(ioseekoff.o)
 .text.unlikely
                0x000000000040099a        0x0 /usr/lib/gcc/x86_64-unknown-linux-gnu/4.9.2/../../../../lib/libc.a(sdlopen.o)
 .text.unlikely
                0x000000000040099a        0x0 /usr/lib/gcc/x86_64-unknown-linux-gnu/4.9.2/../../../../lib/libc.a(sdlclose.o)
 .text.unlikely
                0x000000000040099a        0x0 /usr/lib/gcc/x86_64-unknown-linux-gnu/4.9.2/../../../../lib/libc.a(sdlsym.o)
 .text.unlikely
                0x000000000040099a        0x0 /usr/lib/gcc/x86_64-unknown-linux-gnu/4.9.2/../../../../lib/libc.a(sdlvsym.o)
 .text.unlikely
                0x000000000040099a        0x0 /usr/lib/gcc/x86_64-unknown-linux-gnu/4.9.2/../../../../lib/libc.a(strncase_l-nonascii.o)
 .text.unlikely
                0x000000000040099a        0x0 /usr/lib/gcc/x86_64-unknown-linux-gnu/4.9.2/../../../../lib/libc.a(profil.o)
 .text.unlikely
                0x000000000040099a        0x0 /usr/lib/gcc/x86_64-unknown-linux-gnu/4.9.2/../../../../lib/libc.a(prof-freq.o)
 .text.unlikely
                0x000000000040099a        0x0 /usr/lib/gcc/x86_64-unknown-linux-gnu/4.9.2/../../../../lib/libc.a(dl-sym.o)
 .text.unlikely
                0x000000000040099a        0x0 /usr/lib/gcc/x86_64-unknown-linux-gnu/4.9.2/libgcc_eh.a(unwind-dw2.o)
 .text.unlikely
                0x000000000040099a        0x0 /usr/lib/gcc/x86_64-unknown-linux-gnu/4.9.2/libgcc_eh.a(unwind-dw2-fde-dip.o)
 .text.unlikely
                0x000000000040099a        0x0 /usr/lib/gcc/x86_64-unknown-linux-gnu/4.9.2/libgcc_eh.a(unwind-c.o)
 .text.unlikely
                0x000000000040099a        0x0 /usr/lib/gcc/x86_64-unknown-linux-gnu/4.9.2/../../../../lib/libc.a(dl-iteratephdr.o)
 *(.text.exit .text.exit.*)
 *fill*         0x000000000040099a        0x6 
 .text.exit     0x00000000004009a0        0xc /usr/lib/gcc/x86_64-unknown-linux-gnu/4.9.2/../../../../lib/libc.a(sdlerror.o)
 *(.text.startup .text.startup.*)
 *fill*         0x00000000004009ac        0x4 
 .text.startup  0x00000000004009b0       0x10 src/main.o
                0x00000000004009b0                main
 .text.startup  0x00000000004009c0      0x253 /usr/lib/gcc/x86_64-unknown-linux-gnu/4.9.2/../../../../lib/libc.a(cacheinfo.o)
 *(.text.hot .text.hot.*)
 *(.text .stub .text.* .gnu.linkonce.t.*)
 *fill*         0x0000000000400c13        0xd 
 .text          0x0000000000400c20       0x2a /usr/lib/gcc/x86_64-unknown-linux-gnu/4.9.2/../../../../lib/crt1.o
                0x0000000000400c20                _start
 .text          0x0000000000400c4a        0x0 /usr/lib/gcc/x86_64-unknown-linux-gnu/4.9.2/../../../../lib/crti.o
 *fill*         0x0000000000400c4a        0x6 
 .text          0x0000000000400c50       0xee /usr/lib/gcc/x86_64-unknown-linux-gnu/4.9.2/crtbeginT.o
 .text          0x0000000000400d3e        0x0 src/main.o
 *fill*         0x0000000000400d3e        0x2 
 .text          0x0000000000400d40        0xc ../lib/libprinter.a(printer.o)
                0x0000000000400d40                print
 *fill*         0x0000000000400d4c        0x4 
 .text          0x0000000000400d50      0x290 /usr/lib/gcc/x86_64-unknown-linux-gnu/4.9.2/../../../../lib/libc.a(libc-start.o)
                0x0000000000400d50                __libc_start_main
 .text          0x0000000000400fe0       0xe2 /usr/lib/gcc/x86_64-unknown-linux-gnu/4.9.2/../../../../lib/libc.a(check_fds.o)
                0x0000000000401090                __libc_check_standard_fds
 *fill*         0x00000000004010c2        0xe 
 .text          0x00000000004010d0      0x2af /usr/lib/gcc/x86_64-unknown-linux-gnu/4.9.2/../../../../lib/libc.a(libc-tls.o)
                0x00000000004010d0                __libc_setup_tls
                0x0000000000401300                _dl_tls_setup
                0x0000000000401370                __pthread_initialize_minimal
 *fill*         0x000000000040137f        0x1 
 .text          0x0000000000401380       0xc3 /usr/lib/gcc/x86_64-unknown-linux-gnu/4.9.2/../../../../lib/libc.a(elf-init.o)
                0x0000000000401380                __libc_csu_init
                0x0000000000401410                __libc_csu_fini
 .text          0x0000000000401443        0x0 /usr/lib/gcc/x86_64-unknown-linux-gnu/4.9.2/../../../../lib/libc.a(errno.o)
 *fill*         0x0000000000401443        0xd 
 .text          0x0000000000401450      0x17e /usr/lib/gcc/x86_64-unknown-linux-gnu/4.9.2/../../../../lib/libc.a(assert.o)
                0x0000000000401450                __assert_fail_base
                0x0000000000401590                __assert_fail
 *fill*         0x00000000004015ce        0x2 
 .text          0x00000000004015d0        0xf /usr/lib/gcc/x86_64-unknown-linux-gnu/4.9.2/../../../../lib/libc.a(dcgettext.o)
                0x00000000004015d0                __dcgettext
                0x00000000004015d0                dcgettext
 *fill*         0x00000000004015df        0x1 
 .text          0x00000000004015e0     0x1757 /usr/lib/gcc/x86_64-unknown-linux-gnu/4.9.2/../../../../lib/libc.a(dcigettext.o)
                0x0000000000401890                _nl_find_msg
                0x0000000000402480                __dcigettext
 *fill*         0x0000000000402d37        0x9 
 .text          0x0000000000402d40      0x268 /usr/lib/gcc/x86_64-unknown-linux-gnu/4.9.2/../../../../lib/libc.a(finddomain.o)
                0x0000000000402d40                _nl_find_domain
 *fill*         0x0000000000402fa8        0x8 
 .text          0x0000000000402fb0     0x1502 /usr/lib/gcc/x86_64-unknown-linux-gnu/4.9.2/../../../../lib/libc.a(loadmsgcat.o)
                0x0000000000402fb0                _nl_load_domain
 *fill*         0x00000000004044b2        0xe 
 .text          0x00000000004044c0      0x667 /usr/lib/gcc/x86_64-unknown-linux-gnu/4.9.2/../../../../lib/libc.a(localealias.o)
                0x0000000000404980                _nl_expand_alias
 *fill*         0x0000000000404b27        0x9 
 .text          0x0000000000404b30      0x5d7 /usr/lib/gcc/x86_64-unknown-linux-gnu/4.9.2/../../../../lib/libc.a(l10nflist.o)
                0x0000000000404b80                _nl_make_l10nflist
                0x0000000000405010                _nl_normalize_codeset
 *fill*         0x0000000000405107        0x9 
 .text          0x0000000000405110      0x25c /usr/lib/gcc/x86_64-unknown-linux-gnu/4.9.2/../../../../lib/libc.a(explodename.o)
                0x0000000000405110                _nl_explode_name
 *fill*         0x000000000040536c        0x4 
 .text          0x0000000000405370      0x897 /usr/lib/gcc/x86_64-unknown-linux-gnu/4.9.2/../../../../lib/libc.a(plural.o)
                0x0000000000405370                __gettext_free_exp
                0x00000000004054e0                __gettextparse
 *fill*         0x0000000000405c07        0x9 
 .text          0x0000000000405c10       0xdd /usr/lib/gcc/x86_64-unknown-linux-gnu/4.9.2/../../../../lib/libc.a(plural-exp.o)
                0x0000000000405c10                __gettext_extract_plural
 *fill*         0x0000000000405ced        0x3 
 .text          0x0000000000405cf0       0x38 /usr/lib/gcc/x86_64-unknown-linux-gnu/4.9.2/../../../../lib/libc.a(hash-string.o)
                0x0000000000405cf0                __hash_string
 *fill*         0x0000000000405d28        0x8 
 .text          0x0000000000405d30        0x7 /usr/lib/gcc/x86_64-unknown-linux-gnu/4.9.2/../../../../lib/libc.a(bsd-_setjmp.o)
                0x0000000000405d30                _setjmp
 *fill*         0x0000000000405d37        0x9 
 .text          0x0000000000405d40       0x72 /usr/lib/gcc/x86_64-unknown-linux-gnu/4.9.2/../../../../lib/libc.a(raise.o)
                0x0000000000405d40                gsignal
                0x0000000000405d40                raise
 *fill*         0x0000000000405db2        0xe 
 .text          0x0000000000405dc0      0x27b /usr/lib/gcc/x86_64-unknown-linux-gnu/4.9.2/../../../../lib/libc.a(abort.o)
                0x0000000000405dc0                abort
 *fill*         0x000000000040603b        0x5 
 .text          0x0000000000406040      0x658 /usr/lib/gcc/x86_64-unknown-linux-gnu/4.9.2/../../../../lib/libc.a(msort.o)
                0x0000000000406350                __qsort_r
                0x0000000000406350                qsort_r
                0x0000000000406690                qsort
 *fill*         0x0000000000406698        0x8 
 .text          0x00000000004066a0       0xdc /usr/lib/gcc/x86_64-unknown-linux-gnu/4.9.2/../../../../lib/libc.a(getenv.o)
                0x00000000004066a0                getenv
 *fill*         0x000000000040677c        0x4 
 .text          0x0000000000406780      0x153 /usr/lib/gcc/x86_64-unknown-linux-gnu/4.9.2/../../../../lib/libc.a(exit.o)
                0x0000000000406780                __run_exit_handlers
                0x00000000004068c0                exit
 *fill*         0x00000000004068d3        0xd 
 .text          0x00000000004068e0      0x24d /usr/lib/gcc/x86_64-unknown-linux-gnu/4.9.2/../../../../lib/libc.a(cxa_atexit.o)
                0x00000000004068e0                __new_exitfn
                0x0000000000406a90                __internal_atexit
                0x0000000000406ae0                __cxa_atexit
 *fill*         0x0000000000406b2d        0x3 
 .text          0x0000000000406b30       0x22 /usr/lib/gcc/x86_64-unknown-linux-gnu/4.9.2/../../../../lib/libc.a(strtoul.o)
                0x0000000000406b30                __strtoull_internal
                0x0000000000406b30                __strtoul_internal
                0x0000000000406b40                strtoul
                0x0000000000406b40                strtoull
                0x0000000000406b40                strtouq
                0x0000000000406b40                __strtoul
 *fill*         0x0000000000406b52        0xe 
 .text          0x0000000000406b60      0x43a /usr/lib/gcc/x86_64-unknown-linux-gnu/4.9.2/../../../../lib/libc.a(strtoul_l.o)
                0x0000000000406b60                ____strtoul_l_internal
                0x0000000000406b60                ____strtoull_l_internal
                0x0000000000406f90                __strtoull_l
                0x0000000000406f90                strtoull_l
                0x0000000000406f90                strtoul_l
                0x0000000000406f90                __strtoul_l
 *fill*         0x0000000000406f9a        0x6 
 .text          0x0000000000406fa0      0x267 /usr/lib/gcc/x86_64-unknown-linux-gnu/4.9.2/../../../../lib/libc.a(grouping.o)
                0x0000000000406fa0                __correctly_grouped_prefixmb
 *fill*         0x0000000000407207        0x9 
 .text          0x0000000000407210       0x8f /usr/lib/gcc/x86_64-unknown-linux-gnu/4.9.2/../../../../lib/libc.a(asprintf.o)
                0x0000000000407210                __asprintf
                0x0000000000407210                asprintf
                0x0000000000407210                ___asprintf
 *fill*         0x000000000040729f        0x1 
 .text          0x00000000004072a0      0x143 /usr/lib/gcc/x86_64-unknown-linux-gnu/4.9.2/../../../../lib/libc.a(fxprintf.o)
                0x00000000004072a0                __fxprintf
 *fill*         0x00000000004073e3        0xd 
 .text          0x00000000004073f0      0x260 /usr/lib/gcc/x86_64-unknown-linux-gnu/4.9.2/../../../../lib/libc.a(iofclose.o)
                0x00000000004073f0                _IO_fclose
                0x00000000004073f0                _IO_new_fclose
                0x00000000004073f0                fclose
                0x00000000004073f0                __new_fclose
 .text          0x0000000000407650      0x146 /usr/lib/gcc/x86_64-unknown-linux-gnu/4.9.2/../../../../lib/libc.a(iofflush.o)
                0x0000000000407650                _IO_fflush
                0x0000000000407650                fflush
 *fill*         0x0000000000407796        0xa 
 .text          0x00000000004077a0       0xfa /usr/lib/gcc/x86_64-unknown-linux-gnu/4.9.2/../../../../lib/libc.a(iofopen.o)
                0x00000000004077a0                __fopen_maybe_mmap
                0x00000000004077e0                __fopen_internal
                0x0000000000407890                _IO_fopen64
                0x0000000000407890                _IO_new_fopen
                0x0000000000407890                fopen
                0x0000000000407890                _IO_fopen
                0x0000000000407890                __new_fopen
                0x0000000000407890                fopen64
 *fill*         0x000000000040789a        0x6 
 .text          0x00000000004078a0       0x9e /usr/lib/gcc/x86_64-unknown-linux-gnu/4.9.2/../../../../lib/libc.a(wprintf.o)
                0x00000000004078a0                __wprintf
                0x00000000004078a0                wprintf
 *fill*         0x000000000040793e        0x2 
 .text          0x0000000000407940     0x16d6 /usr/lib/gcc/x86_64-unknown-linux-gnu/4.9.2/../../../../lib/libc.a(wfileops.o)
                0x0000000000407a10                _IO_wfile_underflow
                0x0000000000408030                _IO_wfile_seekoff
                0x0000000000408900                _IO_wdo_write
                0x0000000000408ac0                _IO_wfile_overflow
                0x0000000000408d30                _IO_wfile_sync
                0x0000000000408e90                _IO_wfile_xsputn
 *fill*         0x0000000000409016        0xa 
 .text          0x0000000000409020      0x147 /usr/lib/gcc/x86_64-unknown-linux-gnu/4.9.2/../../../../lib/libc.a(vasprintf.o)
                0x0000000000409020                _IO_vasprintf
                0x0000000000409020                vasprintf
 *fill*         0x0000000000409167        0x9 
 .text          0x0000000000409170        0x5 /usr/lib/gcc/x86_64-unknown-linux-gnu/4.9.2/../../../../lib/libc.a(fcloseall.o)
                0x0000000000409170                __fcloseall
                0x0000000000409170                fcloseall
 *fill*         0x0000000000409175        0xb 
 .text          0x0000000000409180      0x2ee /usr/lib/gcc/x86_64-unknown-linux-gnu/4.9.2/../../../../lib/libc.a(libc_fatal.o)
                0x0000000000409180                __libc_message
                0x0000000000409450                __libc_fatal
 *fill*         0x000000000040946e        0x2 
 .text          0x0000000000409470       0x93 /usr/lib/gcc/x86_64-unknown-linux-gnu/4.9.2/../../../../lib/libc.a(iofgets_u.o)
                0x0000000000409470                __fgets_unlocked
                0x0000000000409470                fgets_unlocked
 *fill*         0x0000000000409503        0xd 
 .text          0x0000000000409510     0x1e24 /usr/lib/gcc/x86_64-unknown-linux-gnu/4.9.2/../../../../lib/libc.a(fileops.o)
                0x0000000000409540                _IO_file_close
                0x0000000000409550                _IO_file_setbuf
                0x0000000000409550                _IO_new_file_setbuf
                0x0000000000409580                _IO_file_setbuf_mmap
                0x00000000004096c0                _IO_file_underflow
                0x00000000004096c0                _IO_new_file_underflow
                0x0000000000409950                _IO_file_seekoff
                0x0000000000409950                _IO_new_file_seekoff
                0x0000000000409d80                _IO_file_close_mmap
                0x0000000000409f80                _IO_file_seek
                0x000000000040a150                _IO_file_underflow_maybe_mmap
                0x000000000040a1a0                _IO_file_stat
                0x000000000040a1b0                _IO_file_write
                0x000000000040a1b0                _IO_new_file_write
                0x000000000040a340                _IO_file_xsgetn
                0x000000000040a530                _IO_file_seekoff_mmap
                0x000000000040a610                _IO_file_underflow_mmap
                0x000000000040a670                _IO_file_read
                0x000000000040a6a0                _IO_new_file_xsputn
                0x000000000040a6a0                _IO_file_xsputn
                0x000000000040a850                _IO_new_file_init
                0x000000000040a850                _IO_file_init
                0x000000000040a880                _IO_file_open
                0x000000000040a940                _IO_new_file_attach
                0x000000000040a940                _IO_file_attach
                0x000000000040a9c0                _IO_new_do_write
                0x000000000040a9c0                _IO_do_write
                0x000000000040a9f0                _IO_new_file_close_it
                0x000000000040a9f0                _IO_file_close_it
                0x000000000040ab70                _IO_new_file_fopen
                0x000000000040ab70                _IO_file_fopen
                0x000000000040b000                _IO_file_finish
                0x000000000040b000                _IO_new_file_finish
                0x000000000040b080                _IO_file_overflow
                0x000000000040b080                _IO_new_file_overflow
                0x000000000040b280                _IO_file_sync
                0x000000000040b280                _IO_new_file_sync
 *fill*         0x000000000040b334        0xc 
 .text          0x000000000040b340     0x1dc0 /usr/lib/gcc/x86_64-unknown-linux-gnu/4.9.2/../../../../lib/libc.a(genops.o)
                0x000000000040b890                _IO_un_link
                0x000000000040b8b0                _IO_link_in
                0x000000000040bb00                _IO_least_marker
                0x000000000040bb30                _IO_switch_to_main_get_area
                0x000000000040bb60                _IO_switch_to_backup_area
                0x000000000040bb90                _IO_switch_to_get_mode
                0x000000000040bc00                _IO_free_backup_area
                0x000000000040bc60                __overflow
                0x000000000040bc90                __underflow
                0x000000000040bd60                __uflow
                0x000000000040be40                _IO_setb
                0x000000000040bec0                _IO_doallocbuf
                0x000000000040bf20                _IO_default_underflow
                0x000000000040bf30                _IO_default_uflow
                0x000000000040bf60                _IO_default_xsputn
                0x000000000040c020                _IO_sgetn
                0x000000000040c030                _IO_default_xsgetn
                0x000000000040c0e0                _IO_default_setbuf
                0x000000000040c180                _IO_default_seekpos
                0x000000000040c1a0                _IO_default_doallocate
                0x000000000040c1f0                _IO_old_init
                0x000000000040c2a0                _IO_init
                0x000000000040c2d0                _IO_no_init
                0x000000000040c380                _IO_default_sync
                0x000000000040c390                _IO_default_finish
                0x000000000040c420                _IO_default_seekoff
                0x000000000040c430                _IO_sputbackc
                0x000000000040c470                _IO_sungetc
                0x000000000040c4b0                _IO_adjust_column
                0x000000000040c4f0                _IO_flush_all_lockp
                0x000000000040c7e0                _IO_cleanup
                0x000000000040c9e0                _IO_flush_all
                0x000000000040c9f0                _IO_flush_all_linebuffered
                0x000000000040c9f0                _flushlbf
                0x000000000040cc70                _IO_init_marker
                0x000000000040ccd0                _IO_remove_marker
                0x000000000040cd10                _IO_marker_difference
                0x000000000040cd20                _IO_marker_delta
                0x000000000040cd50                _IO_seekmark
                0x000000000040cdf0                _IO_unsave_markers
                0x000000000040ce20                _IO_default_pbackfail
                0x000000000040cf90                _IO_default_seek
                0x000000000040cfa0                _IO_default_stat
                0x000000000040cfb0                _IO_default_read
                0x000000000040cfc0                _IO_default_write
                0x000000000040cfd0                _IO_default_showmanyc
                0x000000000040cfe0                _IO_default_imbue
                0x000000000040cff0                _IO_iter_begin
                0x000000000040d000                _IO_iter_end
                0x000000000040d010                _IO_iter_next
                0x000000000040d020                _IO_iter_file
                0x000000000040d030                _IO_list_lock
                0x000000000040d090                _IO_list_unlock
                0x000000000040d0e0                _IO_list_resetlock
 .text          0x000000000040d100        0x0 /usr/lib/gcc/x86_64-unknown-linux-gnu/4.9.2/../../../../lib/libc.a(stdfiles.o)
 .text          0x000000000040d100        0x0 /usr/lib/gcc/x86_64-unknown-linux-gnu/4.9.2/../../../../lib/libc.a(stdio.o)
 .text          0x000000000040d100      0x662 /usr/lib/gcc/x86_64-unknown-linux-gnu/4.9.2/../../../../lib/libc.a(strops.o)
                0x000000000040d100                _IO_str_underflow
                0x000000000040d160                _IO_str_overflow
                0x000000000040d460                _IO_str_seekoff
                0x000000000040d620                _IO_str_pbackfail
                0x000000000040d640                _IO_str_finish
                0x000000000040d670                _IO_str_init_static_internal
                0x000000000040d710                _IO_str_init_static
                0x000000000040d730                _IO_str_init_readonly
                0x000000000040d750                _IO_str_count
 *fill*         0x000000000040d762        0xe 
 .text          0x000000000040d770     0x6743 /usr/lib/gcc/x86_64-unknown-linux-gnu/4.9.2/../../../../lib/libc.a(malloc.o)
                0x00000000004119b0                __malloc_check_init
                0x00000000004119d0                malloc
                0x00000000004119d0                __malloc
                0x00000000004119d0                __libc_malloc
                0x0000000000411c30                malloc_get_state
                0x0000000000411c30                __malloc_get_state
                0x0000000000412080                __cfree
                0x0000000000412080                __free
                0x0000000000412080                __libc_free
                0x0000000000412080                cfree
                0x0000000000412080                free
                0x0000000000412120                __libc_realloc
                0x0000000000412120                realloc
                0x0000000000412120                __realloc
                0x00000000004123d0                __libc_memalign
                0x00000000004123d0                __memalign
                0x00000000004123d0                memalign
                0x00000000004123d0                aligned_alloc
                0x00000000004123e0                __calloc
                0x00000000004123e0                calloc
                0x00000000004123e0                __libc_calloc
                0x0000000000412700                malloc_usable_size
                0x0000000000412700                __malloc_usable_size
                0x00000000004127e0                __libc_mallopt
                0x00000000004127e0                mallopt
                0x00000000004127e0                __mallopt
                0x0000000000412e50                malloc_set_state
                0x0000000000412e50                __malloc_set_state
                0x0000000000413370                __libc_valloc
                0x0000000000413370                valloc
                0x0000000000413370                __valloc
                0x00000000004133c0                pvalloc
                0x00000000004133c0                __libc_pvalloc
                0x00000000004133c0                __pvalloc
                0x0000000000413440                __malloc_trim
                0x0000000000413440                malloc_trim
                0x00000000004136e0                __mallinfo
                0x00000000004136e0                __libc_mallinfo
                0x00000000004136e0                mallinfo
                0x0000000000413800                malloc_stats
                0x0000000000413800                __malloc_stats
                0x00000000004139f0                __posix_memalign
                0x00000000004139f0                posix_memalign
                0x0000000000413a50                __malloc_info
                0x0000000000413a50                malloc_info
 *fill*         0x0000000000413eb3        0xd 
 .text          0x0000000000413ec0       0x1b /usr/lib/gcc/x86_64-unknown-linux-gnu/4.9.2/../../../../lib/libc.a(morecore.o)
                0x0000000000413ec0                __default_morecore
 *fill*         0x0000000000413edb        0x5 
 .text          0x0000000000413ee0      0x24a /usr/lib/gcc/x86_64-unknown-linux-gnu/4.9.2/../../../../lib/libc.a(strchr.o)
                0x0000000000413ee0                index
                0x0000000000413ee0                strchr
                0x0000000000413f10                __strchr_sse2
                0x0000000000413f10                __GI_strchr
 *fill*         0x000000000041412a        0x6 
 .text          0x0000000000414130     0x1479 /usr/lib/gcc/x86_64-unknown-linux-gnu/4.9.2/../../../../lib/libc.a(strcmp.o)
                0x0000000000414130                strcmp
                0x0000000000414170                __strcmp_sse2
                0x0000000000414170                __GI_strcmp
 *fill*         0x00000000004155a9        0x7 
 .text.sse4.2   0x00000000004155b0      0xda9 /usr/lib/gcc/x86_64-unknown-linux-gnu/4.9.2/../../../../lib/libc.a(strcmp.o)
                0x00000000004155b0                __strcmp_sse42
 *fill*         0x0000000000416359        0x7 
 .text          0x0000000000416360      0x11c /usr/lib/gcc/x86_64-unknown-linux-gnu/4.9.2/../../../../lib/libc.a(strcpy.o)
                0x0000000000416360                strcpy
                0x00000000004163a0                __GI_strcpy
                0x00000000004163a0                __strcpy_sse2
 *fill*         0x000000000041647c        0x4 
 .text          0x0000000000416480       0x41 /usr/lib/gcc/x86_64-unknown-linux-gnu/4.9.2/../../../../lib/libc.a(strdup.o)
                0x0000000000416480                __strdup
                0x0000000000416480                strdup
 *fill*         0x00000000004164c1        0xf 
 .text          0x00000000004164d0      0x1b4 /usr/lib/gcc/x86_64-unknown-linux-gnu/4.9.2/../../../../lib/libc.a(strlen.o)
                0x00000000004164d0                strlen
 *fill*         0x0000000000416684        0xc 
 .text          0x0000000000416690     0x1849 /usr/lib/gcc/x86_64-unknown-linux-gnu/4.9.2/../../../../lib/libc.a(strncmp.o)
                0x0000000000416690                strncmp
 *fill*         0x0000000000417ed9        0x7 
 .text          0x0000000000417ee0      0x9d7 /usr/lib/gcc/x86_64-unknown-linux-gnu/4.9.2/../../../../lib/libc.a(strstr.o)
                0x00000000004183d0                __strstr_sse2
                0x0000000000418880                strstr
                0x0000000000418880                __libc_strstr
 *fill*         0x00000000004188b7        0x9 
 .text          0x00000000004188c0      0x344 /usr/lib/gcc/x86_64-unknown-linux-gnu/4.9.2/../../../../lib/libc.a(memchr.o)
                0x00000000004188c0                memchr
                0x00000000004188c0                __memchr
 *fill*         0x0000000000418c04        0xc 
 .text          0x0000000000418c10      0x440 /usr/lib/gcc/x86_64-unknown-linux-gnu/4.9.2/../../../../lib/libc.a(memcmp.o)
                0x0000000000418c10                bcmp
                0x0000000000418c10                memcmp
                0x0000000000418c50                __memcmp_sse2
 .text          0x0000000000419050      0x1cf /usr/lib/gcc/x86_64-unknown-linux-gnu/4.9.2/../../../../lib/libc.a(memmove.o)
                0x0000000000419050                __memmove_sse2
                0x00000000004191d0                memmove
                0x00000000004191d0                __libc_memmove
 *fill*         0x000000000041921f        0x1 
 .text          0x0000000000419220      0x157 /usr/lib/gcc/x86_64-unknown-linux-gnu/4.9.2/../../../../lib/libc.a(memset.o)
                0x0000000000419220                memset
                0x0000000000419250                __bzero
                0x0000000000419250                bzero
                0x0000000000419260                __memset_tail
                0x0000000000419280                __memset_sse2
 *fill*         0x0000000000419377        0x9 
 .text          0x0000000000419380      0x452 /usr/lib/gcc/x86_64-unknown-linux-gnu/4.9.2/../../../../lib/libc.a(mempcpy.o)
                0x0000000000419380                mempcpy
                0x0000000000419380                __mempcpy
 *fill*         0x00000000004197d2        0xe 
 .text          0x00000000004197e0      0x11c /usr/lib/gcc/x86_64-unknown-linux-gnu/4.9.2/../../../../lib/libc.a(stpcpy.o)
                0x00000000004197e0                stpcpy
                0x00000000004197e0                __stpcpy
                0x0000000000419820                __GI_stpcpy
                0x0000000000419820                __GI___stpcpy
                0x0000000000419820                __stpcpy_sse2
 *fill*         0x00000000004198fc        0x4 
 .text          0x0000000000419900     0x22e6 /usr/lib/gcc/x86_64-unknown-linux-gnu/4.9.2/../../../../lib/libc.a(strcasecmp_l.o)
                0x0000000000419900                strcasecmp_l
                0x0000000000419900                __strcasecmp_l
                0x0000000000419950                strcasecmp
                0x0000000000419950                __strcasecmp
                0x00000000004199b0                __strcasecmp_sse2
                0x00000000004199c0                __GI___strcasecmp_l
                0x00000000004199c0                __strcasecmp_l_sse2
 *fill*         0x000000000041bbe6        0xa 
 .text.sse4.2   0x000000000041bbf0     0x1ba6 /usr/lib/gcc/x86_64-unknown-linux-gnu/4.9.2/../../../../lib/libc.a(strcasecmp_l.o)
                0x000000000041bbf0                __strcasecmp_sse42
                0x000000000041bc00                __strcasecmp_l_sse42
 *fill*         0x000000000041d796        0xa 
 .text.avx      0x000000000041d7a0     0x1666 /usr/lib/gcc/x86_64-unknown-linux-gnu/4.9.2/../../../../lib/libc.a(strcasecmp_l.o)
                0x000000000041d7a0                __strcasecmp_avx
                0x000000000041d7b0                __strcasecmp_l_avx
 *fill*         0x000000000041ee06        0xa 
 .text          0x000000000041ee10      0x465 /usr/lib/gcc/x86_64-unknown-linux-gnu/4.9.2/../../../../lib/libc.a(memcpy.o)
                0x000000000041ee10                memcpy
 *fill*         0x000000000041f275        0xb 
 .text          0x000000000041f280      0x536 /usr/lib/gcc/x86_64-unknown-linux-gnu/4.9.2/../../../../lib/libc.a(wordcopy.o)
                0x000000000041f280                _wordcopy_fwd_aligned
                0x000000000041f3b0                _wordcopy_fwd_dest_aligned
                0x000000000041f4e0                _wordcopy_bwd_aligned
                0x000000000041f660                _wordcopy_bwd_dest_aligned
 *fill*         0x000000000041f7b6        0xa 
 .text          0x000000000041f7c0      0x204 /usr/lib/gcc/x86_64-unknown-linux-gnu/4.9.2/../../../../lib/libc.a(rawmemchr.o)
                0x000000000041f7c0                __rawmemchr
                0x000000000041f7c0                rawmemchr
 *fill*         0x000000000041f9c4        0xc 
 .text          0x000000000041f9d0      0x20a /usr/lib/gcc/x86_64-unknown-linux-gnu/4.9.2/../../../../lib/libc.a(strchrnul.o)
                0x000000000041f9d0                __strchrnul
                0x000000000041f9d0                strchrnul
 .text          0x000000000041fbda        0x0 /usr/lib/gcc/x86_64-unknown-linux-gnu/4.9.2/../../../../lib/libc.a(strcmp-ssse3.o)
 *fill*         0x000000000041fbda        0x6 
 .text.ssse3    0x000000000041fbe0     0x1259 /usr/lib/gcc/x86_64-unknown-linux-gnu/4.9.2/../../../../lib/libc.a(strcmp-ssse3.o)
                0x000000000041fbe0                __strcmp_ssse3
 *fill*         0x0000000000420e39        0x7 
 .text          0x0000000000420e40      0x2a3 /usr/lib/gcc/x86_64-unknown-linux-gnu/4.9.2/../../../../lib/libc.a(strcmp-sse2-unaligned.o)
                0x0000000000420e40                __strcmp_sse2_unaligned
 .text          0x00000000004210e3        0x0 /usr/lib/gcc/x86_64-unknown-linux-gnu/4.9.2/../../../../lib/libc.a(memcmp-sse4.o)
 *fill*         0x00000000004210e3        0xd 
 .text.sse4.1   0x00000000004210f0     0x163e /usr/lib/gcc/x86_64-unknown-linux-gnu/4.9.2/../../../../lib/libc.a(memcmp-sse4.o)
                0x00000000004210f0                __memcmp_sse4_1
 .text          0x000000000042272e        0x0 /usr/lib/gcc/x86_64-unknown-linux-gnu/4.9.2/../../../../lib/libc.a(memmove-ssse3.o)
 *fill*         0x000000000042272e        0x2 
 .text.ssse3    0x0000000000422730     0x2b77 /usr/lib/gcc/x86_64-unknown-linux-gnu/4.9.2/../../../../lib/libc.a(memmove-ssse3.o)
                0x0000000000422730                __memmove_chk_ssse3
                0x0000000000422740                __memmove_ssse3
 .text          0x00000000004252a7        0x0 /usr/lib/gcc/x86_64-unknown-linux-gnu/4.9.2/../../../../lib/libc.a(memmove-avx-unaligned.o)
 *fill*         0x00000000004252a7        0x9 
 .text.avx      0x00000000004252b0      0x4eb /usr/lib/gcc/x86_64-unknown-linux-gnu/4.9.2/../../../../lib/libc.a(memmove-avx-unaligned.o)
                0x00000000004252b0                __memmove_chk_avx_unaligned
                0x00000000004252c0                __memmove_avx_unaligned
 .text          0x000000000042579b        0x0 /usr/lib/gcc/x86_64-unknown-linux-gnu/4.9.2/../../../../lib/libc.a(memmove-ssse3-back.o)
 *fill*         0x000000000042579b        0x5 
 .text.ssse3    0x00000000004257a0     0x2b16 /usr/lib/gcc/x86_64-unknown-linux-gnu/4.9.2/../../../../lib/libc.a(memmove-ssse3-back.o)
                0x00000000004257a0                __memmove_chk_ssse3_back
                0x00000000004257b0                __memmove_ssse3_back
 .text          0x00000000004282b6        0x0 /usr/lib/gcc/x86_64-unknown-linux-gnu/4.9.2/../../../../lib/libc.a(strcasecmp_l-ssse3.o)
 *fill*         0x00000000004282b6        0xa 
 .text.ssse3    0x00000000004282c0     0x2146 /usr/lib/gcc/x86_64-unknown-linux-gnu/4.9.2/../../../../lib/libc.a(strcasecmp_l-ssse3.o)
                0x00000000004282c0                __strcasecmp_ssse3
                0x00000000004282d0                __strcasecmp_l_ssse3
 .text          0x000000000042a406        0x0 /usr/lib/gcc/x86_64-unknown-linux-gnu/4.9.2/../../../../lib/libc.a(strcpy-ssse3.o)
 *fill*         0x000000000042a406        0xa 
 .text.ssse3    0x000000000042a410     0x17a2 /usr/lib/gcc/x86_64-unknown-linux-gnu/4.9.2/../../../../lib/libc.a(strcpy-ssse3.o)
                0x000000000042a410                __strcpy_ssse3
 .text          0x000000000042bbb2        0x0 /usr/lib/gcc/x86_64-unknown-linux-gnu/4.9.2/../../../../lib/libc.a(stpcpy-ssse3.o)
 *fill*         0x000000000042bbb2        0xe 
 .text.ssse3    0x000000000042bbc0     0x1803 /usr/lib/gcc/x86_64-unknown-linux-gnu/4.9.2/../../../../lib/libc.a(stpcpy-ssse3.o)
                0x000000000042bbc0                __stpcpy_ssse3
 *fill*         0x000000000042d3c3        0xd 
 .text          0x000000000042d3d0      0x630 /usr/lib/gcc/x86_64-unknown-linux-gnu/4.9.2/../../../../lib/libc.a(strcpy-sse2-unaligned.o)
                0x000000000042d3d0                __strcpy_sse2_unaligned
 .text          0x000000000042da00      0x6b0 /usr/lib/gcc/x86_64-unknown-linux-gnu/4.9.2/../../../../lib/libc.a(stpcpy-sse2-unaligned.o)
                0x000000000042da00                __stpcpy_sse2_unaligned
 .text          0x000000000042e0b0        0x0 /usr/lib/gcc/x86_64-unknown-linux-gnu/4.9.2/../../../../lib/libc.a(strchr-sse2-no-bsf.o)
 .text.atom     0x000000000042e0b0      0x315 /usr/lib/gcc/x86_64-unknown-linux-gnu/4.9.2/../../../../lib/libc.a(strchr-sse2-no-bsf.o)
                0x000000000042e0b0                __strchr_sse2_no_bsf
 .text          0x000000000042e3c5        0x0 /usr/lib/gcc/x86_64-unknown-linux-gnu/4.9.2/../../../../lib/libc.a(memcmp-ssse3.o)
 *fill*         0x000000000042e3c5        0xb 
 .text.atom     0x000000000042e3d0     0x1763 /usr/lib/gcc/x86_64-unknown-linux-gnu/4.9.2/../../../../lib/libc.a(memcmp-ssse3.o)
                0x000000000042e3d0                __memcmp_ssse3
 *fill*         0x000000000042fb33        0xd 
 .text          0x000000000042fb40      0x493 /usr/lib/gcc/x86_64-unknown-linux-gnu/4.9.2/../../../../lib/libc.a(strstr-sse2-unaligned.o)
                0x000000000042fb40                __strstr_sse2_unaligned
 .text          0x000000000042ffd3        0x0 /usr/lib/gcc/x86_64-unknown-linux-gnu/4.9.2/../../../../lib/libc.a(memset-avx2.o)
 *fill*         0x000000000042ffd3        0xd 
 .text.avx2     0x000000000042ffe0      0x194 /usr/lib/gcc/x86_64-unknown-linux-gnu/4.9.2/../../../../lib/libc.a(memset-avx2.o)
                0x000000000042ffe0                __memset_avx2
 *fill*         0x0000000000430174        0xc 
 .text          0x0000000000430180      0x5e7 /usr/lib/gcc/x86_64-unknown-linux-gnu/4.9.2/../../../../lib/libc.a(cacheinfo.o)
                0x0000000000430710                __cache_sysconf
 *fill*         0x0000000000430767        0x9 
 .text          0x0000000000430770       0x3a /usr/lib/gcc/x86_64-unknown-linux-gnu/4.9.2/../../../../lib/libc.a(strcasecmp_l-nonascii.o)
                0x0000000000430770                __strcasecmp_l_nonascii
 *fill*         0x00000000004307aa        0x6 
 .text          0x00000000004307b0        0x9 /usr/lib/gcc/x86_64-unknown-linux-gnu/4.9.2/../../../../lib/libc.a(wmempcpy.o)
                0x00000000004307b0                wmempcpy
                0x00000000004307b0                __wmempcpy
 *fill*         0x00000000004307b9        0x7 
 .text          0x00000000004307c0      0x373 /usr/lib/gcc/x86_64-unknown-linux-gnu/4.9.2/../../../../lib/libc.a(wcsmbsload.o)
                0x00000000004307c0                _nl_cleanup_ctype
                0x0000000000430810                __wcsmbs_getfct
                0x0000000000430870                __wcsmbs_load_conv
                0x0000000000430a50                __wcsmbs_clone_conv
                0x0000000000430ad0                __wcsmbs_named_conv
 *fill*         0x0000000000430b33        0xd 
 .text          0x0000000000430b40       0x5a /usr/lib/gcc/x86_64-unknown-linux-gnu/4.9.2/../../../../lib/libc.a(_exit.o)
                0x0000000000430b40                _Exit
                0x0000000000430b40                _exit
 *fill*         0x0000000000430b9a        0x6 
 .text          0x0000000000430ba0      0x7cf /usr/lib/gcc/x86_64-unknown-linux-gnu/4.9.2/../../../../lib/libc.a(sysconf.o)
                0x0000000000430c80                sysconf
                0x0000000000430c80                __sysconf
 *fill*         0x000000000043136f        0x1 
 .text          0x0000000000431370       0x14 /usr/lib/gcc/x86_64-unknown-linux-gnu/4.9.2/../../../../lib/libc.a(sched_yield.o)
                0x0000000000431370                __sched_yield
                0x0000000000431370                sched_yield
 *fill*         0x0000000000431384        0xc 
 .text          0x0000000000431390       0x24 /usr/lib/gcc/x86_64-unknown-linux-gnu/4.9.2/../../../../lib/libc.a(get_child_max.o)
                0x0000000000431390                __get_child_max
 .text          0x00000000004313b4        0x0 /usr/lib/gcc/x86_64-unknown-linux-gnu/4.9.2/../../../../lib/libc.a(environ.o)
 *fill*         0x00000000004313b4        0xc 
 .text          0x00000000004313c0       0x4c /usr/lib/gcc/x86_64-unknown-linux-gnu/4.9.2/../../../../lib/libc.a(xstat.o)
                0x00000000004313c0                _xstat
                0x00000000004313c0                __xstat64
                0x00000000004313c0                __xstat
 *fill*         0x000000000043140c        0x4 
 .text          0x0000000000431410       0x4c /usr/lib/gcc/x86_64-unknown-linux-gnu/4.9.2/../../../../lib/libc.a(fxstat.o)
                0x0000000000431410                __fxstat64
                0x0000000000431410                _fxstat
                0x0000000000431410                __fxstat
 *fill*         0x000000000043145c        0x4 
 .text          0x0000000000431460       0x51 /usr/lib/gcc/x86_64-unknown-linux-gnu/4.9.2/../../../../lib/libc.a(open.o)
                0x0000000000431460                __open
                0x0000000000431460                __libc_open
                0x0000000000431460                open64
                0x0000000000431460                open
                0x0000000000431460                __open64
                0x0000000000431469                __open_nocancel
 *fill*         0x00000000004314b1        0xf 
 .text          0x00000000004314c0       0x51 /usr/lib/gcc/x86_64-unknown-linux-gnu/4.9.2/../../../../lib/libc.a(read.o)
                0x00000000004314c0                __read
                0x00000000004314c0                __libc_read
                0x00000000004314c0                read
                0x00000000004314c9                __read_nocancel
 *fill*         0x0000000000431511        0xf 
 .text          0x0000000000431520       0x51 /usr/lib/gcc/x86_64-unknown-linux-gnu/4.9.2/../../../../lib/libc.a(write.o)
                0x0000000000431520                __write
                0x0000000000431520                write
                0x0000000000431520                __libc_write
                0x0000000000431529                __write_nocancel
 *fill*         0x0000000000431571        0xf 
 .text          0x0000000000431580      0x116 /usr/lib/gcc/x86_64-unknown-linux-gnu/4.9.2/../../../../lib/libc.a(fcntl.o)
                0x00000000004315f0                __fcntl_nocancel
                0x0000000000431620                __libc_fcntl
                0x0000000000431620                __fcntl
                0x0000000000431620                fcntl
 *fill*         0x0000000000431696        0xa 
 .text          0x00000000004316a0       0x51 /usr/lib/gcc/x86_64-unknown-linux-gnu/4.9.2/../../../../lib/libc.a(close.o)
                0x00000000004316a0                __libc_close
                0x00000000004316a0                __close
                0x00000000004316a0                close
                0x00000000004316a9                __close_nocancel
 *fill*         0x00000000004316f1        0xf 
 .text          0x0000000000431700      0x69a /usr/lib/gcc/x86_64-unknown-linux-gnu/4.9.2/../../../../lib/libc.a(getcwd.o)
                0x0000000000431700                __getcwd
                0x0000000000431700                getcwd
 *fill*         0x0000000000431d9a        0x6 
 .text          0x0000000000431da0       0x14 /usr/lib/gcc/x86_64-unknown-linux-gnu/4.9.2/../../../../lib/libc.a(getrlimit.o)
                0x0000000000431da0                getrlimit
                0x0000000000431da0                getrlimit64
                0x0000000000431da0                __getrlimit
 *fill*         0x0000000000431db4        0xc 
 .text          0x0000000000431dc0       0x81 /usr/lib/gcc/x86_64-unknown-linux-gnu/4.9.2/../../../../lib/libc.a(sbrk.o)
                0x0000000000431dc0                sbrk
                0x0000000000431dc0                __sbrk
 *fill*         0x0000000000431e41        0xf 
 .text          0x0000000000431e50       0x28 /usr/lib/gcc/x86_64-unknown-linux-gnu/4.9.2/../../../../lib/libc.a(getpagesize.o)
                0x0000000000431e50                getpagesize
                0x0000000000431e50                __getpagesize
 *fill*         0x0000000000431e78        0x8 
 .text          0x0000000000431e80       0x23 /usr/lib/gcc/x86_64-unknown-linux-gnu/4.9.2/../../../../lib/libc.a(getdtsz.o)
                0x0000000000431e80                __getdtablesize
                0x0000000000431e80                getdtablesize
 *fill*         0x0000000000431ea3        0xd 
 .text          0x0000000000431eb0       0x17 /usr/lib/gcc/x86_64-unknown-linux-gnu/4.9.2/../../../../lib/libc.a(mmap.o)
                0x0000000000431eb0                __mmap
                0x0000000000431eb0                mmap
                0x0000000000431eb0                __mmap64
                0x0000000000431eb0                mmap64
 *fill*         0x0000000000431ec7        0x9 
 .text          0x0000000000431ed0       0x14 /usr/lib/gcc/x86_64-unknown-linux-gnu/4.9.2/../../../../lib/libc.a(munmap.o)
                0x0000000000431ed0                munmap
                0x0000000000431ed0                __munmap
 *fill*         0x0000000000431ee4        0xc 
 .text          0x0000000000431ef0       0x14 /usr/lib/gcc/x86_64-unknown-linux-gnu/4.9.2/../../../../lib/libc.a(mprotect.o)
                0x0000000000431ef0                __mprotect
                0x0000000000431ef0                mprotect
 *fill*         0x0000000000431f04        0xc 
 .text          0x0000000000431f10       0x14 /usr/lib/gcc/x86_64-unknown-linux-gnu/4.9.2/../../../../lib/libc.a(madvise.o)
                0x0000000000431f10                madvise
                0x0000000000431f10                __madvise
 *fill*         0x0000000000431f24        0xc 
 .text          0x0000000000431f30      0x872 /usr/lib/gcc/x86_64-unknown-linux-gnu/4.9.2/../../../../lib/libc.a(tsearch.o)
                0x0000000000432120                tsearch
                0x0000000000432120                __tsearch
                0x0000000000432290                tfind
                0x0000000000432290                __tfind
                0x00000000004322e0                tdelete
                0x00000000004322e0                __tdelete
                0x0000000000432770                __twalk
                0x0000000000432770                twalk
                0x0000000000432790                __tdestroy
                0x0000000000432790                tdestroy
 *fill*         0x00000000004327a2        0xe 
 .text          0x00000000004327b0      0x5ca /usr/lib/gcc/x86_64-unknown-linux-gnu/4.9.2/../../../../lib/libc.a(getsysstats.o)
                0x0000000000432a20                __get_nprocs
                0x0000000000432a20                get_nprocs
                0x0000000000432cc0                __get_nprocs_conf
                0x0000000000432cc0                get_nprocs_conf
                0x0000000000432d60                get_phys_pages
                0x0000000000432d60                __get_phys_pages
                0x0000000000432d70                get_avphys_pages
                0x0000000000432d70                __get_avphys_pages
 *fill*         0x0000000000432d7a        0x6 
 .text          0x0000000000432d80       0x11 /usr/lib/gcc/x86_64-unknown-linux-gnu/4.9.2/../../../../lib/libc.a(getclktck.o)
                0x0000000000432d80                __getclktck
 *fill*         0x0000000000432d91        0xf 
 .text          0x0000000000432da0       0x51 /usr/lib/gcc/x86_64-unknown-linux-gnu/4.9.2/../../../../lib/libc.a(init-misc.o)
                0x0000000000432da0                __init_misc
 *fill*         0x0000000000432df1        0xf 
 .text          0x0000000000432e00       0x51 /usr/lib/gcc/x86_64-unknown-linux-gnu/4.9.2/../../../../lib/libc.a(llseek.o)
                0x0000000000432e00                __llseek
                0x0000000000432e00                __lseek64
                0x0000000000432e00                lseek
                0x0000000000432e00                __libc_lseek64
                0x0000000000432e00                llseek
                0x0000000000432e00                __lseek
                0x0000000000432e00                __libc_lseek
                0x0000000000432e00                lseek64
                0x0000000000432e09                __lseek_nocancel
 *fill*         0x0000000000432e51        0xf 
 .text          0x0000000000432e60       0x17 /usr/lib/gcc/x86_64-unknown-linux-gnu/4.9.2/../../../../lib/libc.a(mremap.o)
                0x0000000000432e60                mremap
                0x0000000000432e60                __mremap
 *fill*         0x0000000000432e77        0x9 
 .text          0x0000000000432e80       0x40 /usr/lib/gcc/x86_64-unknown-linux-gnu/4.9.2/../../../../lib/libc.a(alloca_cutoff.o)
                0x0000000000432e80                __libc_alloca_cutoff
 .text          0x0000000000432ec0       0x4c /usr/lib/gcc/x86_64-unknown-linux-gnu/4.9.2/../../../../lib/libc.a(libc-lowlevellock.o)
                0x0000000000432ec0                __lll_lock_wait_private
                0x0000000000432ef0                __lll_unlock_wake_private
 *fill*         0x0000000000432f0c        0x4 
 .text          0x0000000000432f10       0xb9 /usr/lib/gcc/x86_64-unknown-linux-gnu/4.9.2/../../../../lib/libc.a(libc-cancellation.o)
                0x0000000000432f10                __libc_enable_asynccancel
                0x0000000000432f70                __libc_disable_asynccancel
 .text          0x0000000000432fc9        0x0 /usr/lib/gcc/x86_64-unknown-linux-gnu/4.9.2/../../../../lib/libc.a(libc_multiple_threads.o)
 *fill*         0x0000000000432fc9        0x7 
 .text          0x0000000000432fd0      0x198 /usr/lib/gcc/x86_64-unknown-linux-gnu/4.9.2/../../../../lib/libc.a(register-atfork.o)
                0x0000000000432fd0                __register_atfork
                0x0000000000433140                __linkin_atfork
 *fill*         0x0000000000433168        0x8 
 .text          0x0000000000433170       0xe4 /usr/lib/gcc/x86_64-unknown-linux-gnu/4.9.2/../../../../lib/libc.a(backtrace.o)
                0x0000000000433200                backtrace
                0x0000000000433200                __backtrace
 *fill*         0x0000000000433254        0xc 
 .text          0x0000000000433260      0x2e4 /usr/lib/gcc/x86_64-unknown-linux-gnu/4.9.2/../../../../lib/libc.a(backtracesymsfd.o)
                0x0000000000433260                __backtrace_symbols_fd
                0x0000000000433260                backtrace_symbols_fd
 *fill*         0x0000000000433544        0xc 
 .text          0x0000000000433550        0xe /usr/lib/gcc/x86_64-unknown-linux-gnu/4.9.2/../../../../lib/libc.a(chk_fail.o)
                0x0000000000433550                __chk_fail
 *fill*         0x000000000043355e        0x2 
 .text          0x0000000000433560       0x37 /usr/lib/gcc/x86_64-unknown-linux-gnu/4.9.2/../../../../lib/libc.a(fortify_fail.o)
                0x0000000000433560                __fortify_fail
 *fill*         0x0000000000433597        0x9 
 .text          0x00000000004335a0       0x7c /usr/lib/gcc/x86_64-unknown-linux-gnu/4.9.2/../../../../lib/libc.a(dl-debug.o)
                0x00000000004335a0                _dl_debug_state
                0x00000000004335b0                _dl_debug_initialize
 *fill*         0x000000000043361c        0x4 
 .text          0x0000000000433620      0xa79 /usr/lib/gcc/x86_64-unknown-linux-gnu/4.9.2/../../../../lib/libc.a(dl-support.o)
                0x0000000000433620                _dl_aux_init
                0x0000000000433830                _dl_non_dynamic_init
 *fill*         0x0000000000434099        0x7 
 .text          0x00000000004340a0      0x323 /usr/lib/gcc/x86_64-unknown-linux-gnu/4.9.2/../../../../lib/libc.a(dl-addr.o)
                0x00000000004340a0                _dl_addr
                0x0000000000434370                _dl_addr_inside_object
 *fill*         0x00000000004343c3        0xd 
 .text          0x00000000004343d0       0x45 /usr/lib/gcc/x86_64-unknown-linux-gnu/4.9.2/../../../../lib/libc.a(enbl-secure.o)
                0x00000000004343d0                __libc_init_secure
 *fill*         0x0000000000434415        0xb 
 .text          0x0000000000434420      0x105 /usr/lib/gcc/x86_64-unknown-linux-gnu/4.9.2/../../../../lib/libc.a(dl-sysdep.o)
                0x0000000000434420                _dl_discover_osversion
 *fill*         0x0000000000434525        0xb 
 .text          0x0000000000434530       0x99 /usr/lib/gcc/x86_64-unknown-linux-gnu/4.9.2/../../../../lib/libc.a(init-first.o)
                0x0000000000434530                __libc_init_first
                0x00000000004345c0                _dl_start
 *fill*         0x00000000004345c9        0x7 
 .text          0x00000000004345d0       0x10 /usr/lib/gcc/x86_64-unknown-linux-gnu/4.9.2/../../../../lib/libc.a(sysdep.o)
                0x00000000004345d0                __syscall_error
                0x00000000004345d3                __syscall_error_1
 .text          0x00000000004345e0      0x265 /usr/lib/gcc/x86_64-unknown-linux-gnu/4.9.2/../../../../lib/libc.a(init-arch.o)
                0x00000000004345e0                __init_cpu_features
                0x0000000000434830                __get_cpu_features
 *fill*         0x0000000000434845        0xb 
 .text          0x0000000000434850      0x49d /usr/lib/gcc/x86_64-unknown-linux-gnu/4.9.2/../../../../lib/libc.a(gconv_open.o)
                0x0000000000434850                __gconv_open
 *fill*         0x0000000000434ced        0x3 
 .text          0x0000000000434cf0      0x219 /usr/lib/gcc/x86_64-unknown-linux-gnu/4.9.2/../../../../lib/libc.a(gconv.o)
                0x0000000000434cf0                __gconv
 *fill*         0x0000000000434f09        0x7 
 .text          0x0000000000434f10       0x62 /usr/lib/gcc/x86_64-unknown-linux-gnu/4.9.2/../../../../lib/libc.a(gconv_close.o)
                0x0000000000434f10                __gconv_close
 *fill*         0x0000000000434f72        0xe 
 .text          0x0000000000434f80     0x1028 /usr/lib/gcc/x86_64-unknown-linux-gnu/4.9.2/../../../../lib/libc.a(gconv_db.o)
                0x0000000000434f80                __gconv_alias_compare
                0x0000000000435010                __gconv_get_modules_db
                0x0000000000435020                __gconv_get_alias_db
                0x0000000000435030                __gconv_release_step
                0x0000000000435bc0                __gconv_compare_alias
                0x0000000000435c60                __gconv_find_transform
                0x0000000000435ee0                __gconv_close_transform
 *fill*         0x0000000000435fa8        0x8 
 .text          0x0000000000435fb0      0xcc2 /usr/lib/gcc/x86_64-unknown-linux-gnu/4.9.2/../../../../lib/libc.a(gconv_conf.o)
                0x0000000000436490                __gconv_get_path
                0x0000000000436840                __gconv_read_conf
 *fill*         0x0000000000436c72        0xe 
 .text          0x0000000000436c80       0xcd /usr/lib/gcc/x86_64-unknown-linux-gnu/4.9.2/../../../../lib/libc.a(gconv_builtin.o)
                0x0000000000436c80                __gconv_get_builtin_trans
 *fill*         0x0000000000436d4d        0x3 
 .text          0x0000000000436d50     0x4d67 /usr/lib/gcc/x86_64-unknown-linux-gnu/4.9.2/../../../../lib/libc.a(gconv_simple.o)
                0x0000000000436d50                __gconv_btwoc_ascii
                0x0000000000436d60                __gconv_transform_internal_ucs4
                0x0000000000437120                __gconv_transform_ucs4_internal
                0x0000000000437590                __gconv_transform_internal_ucs4le
                0x0000000000437990                __gconv_transform_ucs4le_internal
                0x0000000000437df0                __gconv_transform_ascii_internal
                0x00000000004380c0                __gconv_transform_internal_ascii
                0x0000000000438890                __gconv_transform_internal_utf8
                0x0000000000439390                __gconv_transform_utf8_internal
                0x000000000043a060                __gconv_transform_ucs2_internal
                0x000000000043a560                __gconv_transform_internal_ucs2
                0x000000000043ada0                __gconv_transform_ucs2reverse_internal
                0x000000000043b2b0                __gconv_transform_internal_ucs2reverse
 *fill*         0x000000000043bab7        0x9 
 .text          0x000000000043bac0      0x48d /usr/lib/gcc/x86_64-unknown-linux-gnu/4.9.2/../../../../lib/libc.a(gconv_trans.o)
                0x000000000043bac0                __gconv_transliterate
 *fill*         0x000000000043bf4d        0x3 
 .text          0x000000000043bf50      0x8b2 /usr/lib/gcc/x86_64-unknown-linux-gnu/4.9.2/../../../../lib/libc.a(gconv_cache.o)
                0x000000000043c130                __gconv_get_cache
                0x000000000043c140                __gconv_load_cache
                0x000000000043c320                __gconv_compare_alias_cache
                0x000000000043c3a0                __gconv_lookup_cache
                0x000000000043c7f0                __gconv_release_cache
 *fill*         0x000000000043c802        0xe 
 .text          0x000000000043c810      0x298 /usr/lib/gcc/x86_64-unknown-linux-gnu/4.9.2/../../../../lib/libc.a(gconv_dl.o)
                0x000000000043c8a0                __gconv_find_shlib
                0x000000000043ca90                __gconv_release_shlib
 *fill*         0x000000000043caa8        0x8 
 .text          0x000000000043cab0      0x82f /usr/lib/gcc/x86_64-unknown-linux-gnu/4.9.2/../../../../lib/libc.a(setlocale.o)
                0x000000000043ccb0                setlocale
 *fill*         0x000000000043d2df        0x1 
 .text          0x000000000043d2e0      0x69a /usr/lib/gcc/x86_64-unknown-linux-gnu/4.9.2/../../../../lib/libc.a(findlocale.o)
                0x000000000043d3b0                _nl_find_locale
                0x000000000043d930                _nl_remove_locale
 *fill*         0x000000000043d97a        0x6 
 .text          0x000000000043d980      0x6ee /usr/lib/gcc/x86_64-unknown-linux-gnu/4.9.2/../../../../lib/libc.a(loadlocale.o)
                0x000000000043d980                _nl_intern_locale_data
                0x000000000043dcc0                _nl_load_locale
                0x000000000043e010                _nl_unload_locale
 *fill*         0x000000000043e06e        0x2 