Archive member included to satisfy reference by file (symbol)

/usr/lib/libc_nonshared.a(elf-init.oS)
                              /usr/lib/gcc/x86_64-unknown-linux-gnu/4.9.2/../../../../lib/crt1.o (__libc_csu_init)

Discarded input sections

 .note.GNU-stack
                0x0000000000000000        0x0 /usr/lib/gcc/x86_64-unknown-linux-gnu/4.9.2/../../../../lib/crt1.o
 .note.GNU-stack
                0x0000000000000000        0x0 /usr/lib/gcc/x86_64-unknown-linux-gnu/4.9.2/../../../../lib/crti.o
 .note.GNU-stack
                0x0000000000000000        0x0 /usr/lib/gcc/x86_64-unknown-linux-gnu/4.9.2/crtbegin.o
 .note.GNU-stack
                0x0000000000000000        0x0 src/main.o
 .note.GNU-stack
                0x0000000000000000        0x0 src/printer/utf-8/printer.o
 .note.GNU-stack
                0x0000000000000000        0x0 /usr/lib/libc_nonshared.a(elf-init.oS)
 .note.GNU-stack
                0x0000000000000000        0x0 /usr/lib/gcc/x86_64-unknown-linux-gnu/4.9.2/crtend.o
 .note.GNU-stack
                0x0000000000000000        0x0 /usr/lib/gcc/x86_64-unknown-linux-gnu/4.9.2/../../../../lib/crtn.o

Memory Configuration

Name             Origin             Length             Attributes
*default*        0x0000000000000000 0xffffffffffffffff

Linker script and memory map

LOAD /usr/lib/gcc/x86_64-unknown-linux-gnu/4.9.2/../../../../lib/crt1.o
LOAD /usr/lib/gcc/x86_64-unknown-linux-gnu/4.9.2/../../../../lib/crti.o
LOAD /usr/lib/gcc/x86_64-unknown-linux-gnu/4.9.2/crtbegin.o
LOAD src/main.o
LOAD src/printer/utf-8/printer.o
LOAD /usr/lib/gcc/x86_64-unknown-linux-gnu/4.9.2/libgcc.a
LOAD /usr/lib/gcc/x86_64-unknown-linux-gnu/4.9.2/../../../../lib/libgcc_s.so
LOAD /usr/lib/gcc/x86_64-unknown-linux-gnu/4.9.2/../../../../lib/libc.so
START GROUP
LOAD /usr/lib/libc.so.6
LOAD /usr/lib/libc_nonshared.a
LOAD /usr/lib/ld-linux-x86-64.so.2
END GROUP
LOAD /usr/lib/gcc/x86_64-unknown-linux-gnu/4.9.2/libgcc.a
LOAD /usr/lib/gcc/x86_64-unknown-linux-gnu/4.9.2/../../../../lib/libgcc_s.so
LOAD /usr/lib/gcc/x86_64-unknown-linux-gnu/4.9.2/crtend.o
LOAD /usr/lib/gcc/x86_64-unknown-linux-gnu/4.9.2/../../../../lib/crtn.o
                0x0000000000400000                PROVIDE (__executable_start, 0x400000)
                0x0000000000400200                . = (0x400000 + SIZEOF_HEADERS)

.interp         0x0000000000400200       0x1c
 *(.interp)
 .interp        0x0000000000400200       0x1c /usr/lib/gcc/x86_64-unknown-linux-gnu/4.9.2/../../../../lib/crt1.o

.note.ABI-tag   0x000000000040021c       0x20
 .note.ABI-tag  0x000000000040021c       0x20 /usr/lib/gcc/x86_64-unknown-linux-gnu/4.9.2/../../../../lib/crt1.o

.note.gnu.build-id
                0x000000000040023c       0x24
 *(.note.gnu.build-id)
 .note.gnu.build-id
                0x000000000040023c       0x24 /usr/lib/gcc/x86_64-unknown-linux-gnu/4.9.2/../../../../lib/crt1.o

.hash
 *(.hash)

.gnu.hash       0x0000000000400260       0x1c
 *(.gnu.hash)
 .gnu.hash      0x0000000000400260       0x1c /usr/lib/gcc/x86_64-unknown-linux-gnu/4.9.2/../../../../lib/crt1.o

.dynsym         0x0000000000400280       0x60
 *(.dynsym)
 .dynsym        0x0000000000400280       0x60 /usr/lib/gcc/x86_64-unknown-linux-gnu/4.9.2/../../../../lib/crt1.o

.dynstr         0x00000000004002e0       0x40
 *(.dynstr)
 .dynstr        0x00000000004002e0       0x40 /usr/lib/gcc/x86_64-unknown-linux-gnu/4.9.2/../../../../lib/crt1.o

.gnu.version    0x0000000000400320        0x8
 *(.gnu.version)
 .gnu.version   0x0000000000400320        0x8 /usr/lib/gcc/x86_64-unknown-linux-gnu/4.9.2/../../../../lib/crt1.o

.gnu.version_d  0x0000000000400328        0x0
 *(.gnu.version_d)
 .gnu.version_d
                0x0000000000400328        0x0 /usr/lib/gcc/x86_64-unknown-linux-gnu/4.9.2/../../../../lib/crt1.o

.gnu.version_r  0x0000000000400328       0x20
 *(.gnu.version_r)
 .gnu.version_r
                0x0000000000400328       0x20 /usr/lib/gcc/x86_64-unknown-linux-gnu/4.9.2/../../../../lib/crt1.o

.rela.dyn       0x0000000000400348       0x18
 *(.rela.init)
 *(.rela.text .rela.text.* .rela.gnu.linkonce.t.*)
 .rela.text     0x0000000000400348        0x0 /usr/lib/gcc/x86_64-unknown-linux-gnu/4.9.2/../../../../lib/crt1.o
 .rela.text.startup
                0x0000000000400348        0x0 /usr/lib/gcc/x86_64-unknown-linux-gnu/4.9.2/../../../../lib/crt1.o
 *(.rela.fini)
 *(.rela.rodata .rela.rodata.* .rela.gnu.linkonce.r.*)
 *(.rela.data .rela.data.* .rela.gnu.linkonce.d.*)
 *(.rela.tdata .rela.tdata.* .rela.gnu.linkonce.td.*)
 *(.rela.tbss .rela.tbss.* .rela.gnu.linkonce.tb.*)
 *(.rela.ctors)
 *(.rela.dtors)
 *(.rela.got)
 .rela.got      0x0000000000400348       0x18 /usr/lib/gcc/x86_64-unknown-linux-gnu/4.9.2/../../../../lib/crt1.o
 *(.rela.bss .rela.bss.* .rela.gnu.linkonce.b.*)
 .rela.bss      0x0000000000400360        0x0 /usr/lib/gcc/x86_64-unknown-linux-gnu/4.9.2/../../../../lib/crt1.o
 *(.rela.ldata .rela.ldata.* .rela.gnu.linkonce.l.*)
 *(.rela.lbss .rela.lbss.* .rela.gnu.linkonce.lb.*)
 *(.rela.lrodata .rela.lrodata.* .rela.gnu.linkonce.lr.*)
 *(.rela.ifunc)

.rela.plt       0x0000000000400360       0x48
 *(.rela.plt)
 .rela.plt      0x0000000000400360       0x48 /usr/lib/gcc/x86_64-unknown-linux-gnu/4.9.2/../../../../lib/crt1.o
                0x00000000004003a8                PROVIDE (__rela_iplt_start, .)
 *(.rela.iplt)
 .rela.iplt     0x00000000004003a8        0x0 /usr/lib/gcc/x86_64-unknown-linux-gnu/4.9.2/../../../../lib/crt1.o
                0x00000000004003a8                PROVIDE (__rela_iplt_end, .)

.init           0x00000000004003a8       0x1a
 *(SORT(.init))
 .init          0x00000000004003a8       0x15 /usr/lib/gcc/x86_64-unknown-linux-gnu/4.9.2/../../../../lib/crti.o
                0x00000000004003a8                _init
 .init          0x00000000004003bd        0x5 /usr/lib/gcc/x86_64-unknown-linux-gnu/4.9.2/../../../../lib/crtn.o

.plt            0x00000000004003d0       0x40
 *(.plt)
 .plt           0x00000000004003d0       0x40 /usr/lib/gcc/x86_64-unknown-linux-gnu/4.9.2/../../../../lib/crt1.o
                0x00000000004003e0                __libc_start_main@@GLIBC_2.2.5
                0x0000000000400400                wprintf@@GLIBC_2.2.5
 *(.iplt)
 .iplt          0x0000000000400410        0x0 /usr/lib/gcc/x86_64-unknown-linux-gnu/4.9.2/../../../../lib/crt1.o

.plt.bnd
 *(.plt.bnd)

.text           0x0000000000400410      0x192
 *(.text.unlikely .text.*_unlikely .text.unlikely.*)
 .text.unlikely
                0x0000000000400410        0x0 /usr/lib/gcc/x86_64-unknown-linux-gnu/4.9.2/crtbegin.o
 .text.unlikely
                0x0000000000400410        0x0 src/main.o
 .text.unlikely
                0x0000000000400410        0x0 src/printer/utf-8/printer.o
 .text.unlikely
                0x0000000000400410        0x0 /usr/lib/libc_nonshared.a(elf-init.oS)
 *(.text.exit .text.exit.*)
 *(.text.startup .text.startup.*)
 .text.startup  0x0000000000400410       0x10 src/main.o
                0x0000000000400410                main
 *(.text.hot .text.hot.*)
 *(.text .stub .text.* .gnu.linkonce.t.*)
 .text          0x0000000000400420       0x2a /usr/lib/gcc/x86_64-unknown-linux-gnu/4.9.2/../../../../lib/crt1.o
                0x0000000000400420                _start
 .text          0x000000000040044a        0x0 /usr/lib/gcc/x86_64-unknown-linux-gnu/4.9.2/../../../../lib/crti.o
 *fill*         0x000000000040044a        0x6 
 .text          0x0000000000400450       0xc6 /usr/lib/gcc/x86_64-unknown-linux-gnu/4.9.2/crtbegin.o
 .text          0x0000000000400516        0x0 src/main.o
 *fill*         0x0000000000400516        0xa 
 .text          0x0000000000400520        0xc src/printer/utf-8/printer.o
                0x0000000000400520                print
 *fill*         0x000000000040052c        0x4 
 .text          0x0000000000400530       0x72 /usr/lib/libc_nonshared.a(elf-init.oS)
                0x0000000000400530                __libc_csu_init
                0x00000000004005a0                __libc_csu_fini
 .text          0x00000000004005a2        0x0 /usr/lib/gcc/x86_64-unknown-linux-gnu/4.9.2/crtend.o
 .text          0x00000000004005a2        0x0 /usr/lib/gcc/x86_64-unknown-linux-gnu/4.9.2/../../../../lib/crtn.o
 *(.gnu.warning)

.fini           0x00000000004005a4        0x9
 *(SORT(.fini))
 .fini          0x00000000004005a4        0x4 /usr/lib/gcc/x86_64-unknown-linux-gnu/4.9.2/../../../../lib/crti.o
                0x00000000004005a4                _fini
 .fini          0x00000000004005a8        0x5 /usr/lib/gcc/x86_64-unknown-linux-gnu/4.9.2/../../../../lib/crtn.o
                0x00000000004005ad                PROVIDE (__etext, .)
                0x00000000004005ad                PROVIDE (_etext, .)
                0x00000000004005ad                PROVIDE (etext, .)

.rodata         0x00000000004005b0       0x28
 *(.rodata .rodata.* .gnu.linkonce.r.*)
 .rodata.cst4   0x00000000004005b0        0x4 /usr/lib/gcc/x86_64-unknown-linux-gnu/4.9.2/../../../../lib/crt1.o
                0x00000000004005b0                _IO_stdin_used
 *fill*         0x00000000004005b4        0x4 
 .rodata.str4.8
                0x00000000004005b8       0x20 src/printer/utf-8/printer.o

.rodata1
 *(.rodata1)

.eh_frame_hdr   0x00000000004005d8       0x3c
 *(.eh_frame_hdr)
 .eh_frame_hdr  0x00000000004005d8       0x3c /usr/lib/gcc/x86_64-unknown-linux-gnu/4.9.2/../../../../lib/crt1.o

.eh_frame       0x0000000000400618      0x104
 *(.eh_frame)
 .eh_frame      0x0000000000400618       0x30 /usr/lib/gcc/x86_64-unknown-linux-gnu/4.9.2/../../../../lib/crt1.o
 .eh_frame      0x0000000000400648       0x40 /usr/lib/gcc/x86_64-unknown-linux-gnu/4.9.2/../../../../lib/crt1.o
 .eh_frame      0x0000000000400688       0x18 src/main.o
                                         0x30 (size before relaxing)
 .eh_frame      0x00000000004006a0       0x18 src/printer/utf-8/printer.o
                                         0x30 (size before relaxing)
 .eh_frame      0x00000000004006b8       0x60 /usr/lib/libc_nonshared.a(elf-init.oS)
                                         0x78 (size before relaxing)
 .eh_frame      0x0000000000400718        0x4 /usr/lib/gcc/x86_64-unknown-linux-gnu/4.9.2/crtend.o

.gcc_except_table
 *(.gcc_except_table .gcc_except_table.*)

.exception_ranges
 *(.exception_ranges .exception_ranges*)
                0x000000000040071c                . = (ALIGN (0x200000) - ((0x200000 - .) & 0x1fffff))
                0x000000000060071c                . = DATA_SEGMENT_ALIGN (0x200000, 0x1000)

.eh_frame
 *(.eh_frame)

.gcc_except_table
 *(.gcc_except_table .gcc_except_table.*)

.exception_ranges
 *(.exception_ranges .exception_ranges*)

.tdata
 *(.tdata .tdata.* .gnu.linkonce.td.*)

.tbss
 *(.tbss .tbss.* .gnu.linkonce.tb.*)
 *(.tcommon)

.preinit_array  0x000000000060071c        0x0
                0x000000000060071c                PROVIDE (__preinit_array_start, .)
 *(.preinit_array)
                0x000000000060071c                PROVIDE (__preinit_array_end, .)

.init_array     0x0000000000600720        0x8
                0x0000000000600720                PROVIDE (__init_array_start, .)
 *(SORT(.init_array.*) SORT(.ctors.*))
 *(.init_array EXCLUDE_FILE(*crtend?.o *crtend.o *crtbegin?.o *crtbegin.o) .ctors)
 .init_array    0x0000000000600720        0x8 /usr/lib/gcc/x86_64-unknown-linux-gnu/4.9.2/crtbegin.o
                0x0000000000600728                PROVIDE (__init_array_end, .)

.fini_array     0x0000000000600728        0x8
                0x0000000000600728                PROVIDE (__fini_array_start, .)
 *(SORT(.fini_array.*) SORT(.dtors.*))
 *(.fini_array EXCLUDE_FILE(*crtend?.o *crtend.o *crtbegin?.o *crtbegin.o) .dtors)
 .fini_array    0x0000000000600728        0x8 /usr/lib/gcc/x86_64-unknown-linux-gnu/4.9.2/crtbegin.o
                0x0000000000600730                PROVIDE (__fini_array_end, .)

.ctors
 *crtbegin.o(.ctors)
 *crtbegin?.o(.ctors)
 *(EXCLUDE_FILE(*crtend?.o *crtend.o) .ctors)
 *(SORT(.ctors.*))
 *(.ctors)

.dtors
 *crtbegin.o(.dtors)
 *crtbegin?.o(.dtors)
 *(EXCLUDE_FILE(*crtend?.o *crtend.o) .dtors)
 *(SORT(.dtors.*))
 *(.dtors)

.jcr            0x0000000000600730        0x8
 *(.jcr)
 .jcr           0x0000000000600730        0x0 /usr/lib/gcc/x86_64-unknown-linux-gnu/4.9.2/crtbegin.o
 .jcr           0x0000000000600730        0x8 /usr/lib/gcc/x86_64-unknown-linux-gnu/4.9.2/crtend.o

.data.rel.ro
 *(.data.rel.ro.local* .gnu.linkonce.d.rel.ro.local.*)
 *(.data.rel.ro .data.rel.ro.* .gnu.linkonce.d.rel.ro.*)

.dynamic        0x0000000000600738      0x1d0
 *(.dynamic)
 .dynamic       0x0000000000600738      0x1d0 /usr/lib/gcc/x86_64-unknown-linux-gnu/4.9.2/../../../../lib/crt1.o
                0x0000000000600738                _DYNAMIC

.got            0x0000000000600908        0x8
 *(.got)
 .got           0x0000000000600908        0x8 /usr/lib/gcc/x86_64-unknown-linux-gnu/4.9.2/../../../../lib/crt1.o
 *(.igot)
                0x0000000000600910                . = DATA_SEGMENT_RELRO_END (., (SIZEOF (.got.plt) >= 0x18)?0x18:0x0)

.got.plt        0x0000000000600910       0x30
 *(.got.plt)
 .got.plt       0x0000000000600910       0x30 /usr/lib/gcc/x86_64-unknown-linux-gnu/4.9.2/../../../../lib/crt1.o
                0x0000000000600910                _GLOBAL_OFFSET_TABLE_
 *(.igot.plt)
 .igot.plt      0x0000000000600940        0x0 /usr/lib/gcc/x86_64-unknown-linux-gnu/4.9.2/../../../../lib/crt1.o

.data           0x0000000000600940       0x10
 *(.data .data.* .gnu.linkonce.d.*)
 .data          0x0000000000600940        0x4 /usr/lib/gcc/x86_64-unknown-linux-gnu/4.9.2/../../../../lib/crt1.o
                0x0000000000600940                data_start
                0x0000000000600940                __data_start
 .data          0x0000000000600944        0x0 /usr/lib/gcc/x86_64-unknown-linux-gnu/4.9.2/../../../../lib/crti.o
 *fill*         0x0000000000600944        0x4 
 .data          0x0000000000600948        0x8 /usr/lib/gcc/x86_64-unknown-linux-gnu/4.9.2/crtbegin.o
                0x0000000000600948                __dso_handle
 .data          0x0000000000600950        0x0 src/main.o
 .data          0x0000000000600950        0x0 src/printer/utf-8/printer.o
 .data          0x0000000000600950        0x0 /usr/lib/libc_nonshared.a(elf-init.oS)
 .data          0x0000000000600950        0x0 /usr/lib/gcc/x86_64-unknown-linux-gnu/4.9.2/crtend.o
 .data          0x0000000000600950        0x0 /usr/lib/gcc/x86_64-unknown-linux-gnu/4.9.2/../../../../lib/crtn.o

.tm_clone_table
                0x0000000000600950        0x0
 .tm_clone_table
                0x0000000000600950        0x0 /usr/lib/gcc/x86_64-unknown-linux-gnu/4.9.2/crtbegin.o
 .tm_clone_table
                0x0000000000600950        0x0 /usr/lib/gcc/x86_64-unknown-linux-gnu/4.9.2/crtend.o

.data1
 *(.data1)
                0x0000000000600950                _edata = .
                0x0000000000600950                PROVIDE (edata, .)
                0x0000000000600950                . = .
                0x0000000000600950                __bss_start = .

.bss            0x0000000000600950        0x8
 *(.dynbss)
 .dynbss        0x0000000000600950        0x0 /usr/lib/gcc/x86_64-unknown-linux-gnu/4.9.2/../../../../lib/crt1.o
 *(.bss .bss.* .gnu.linkonce.b.*)
 .bss           0x0000000000600950        0x0 /usr/lib/gcc/x86_64-unknown-linux-gnu/4.9.2/../../../../lib/crt1.o
 .bss           0x0000000000600950        0x0 /usr/lib/gcc/x86_64-unknown-linux-gnu/4.9.2/../../../../lib/crti.o
 .bss           0x0000000000600950        0x1 /usr/lib/gcc/x86_64-unknown-linux-gnu/4.9.2/crtbegin.o
 .bss           0x0000000000600951        0x0 src/main.o
 .bss           0x0000000000600951        0x0 src/printer/utf-8/printer.o
 .bss           0x0000000000600951        0x0 /usr/lib/libc_nonshared.a(elf-init.oS)
 .bss           0x0000000000600951        0x0 /usr/lib/gcc/x86_64-unknown-linux-gnu/4.9.2/crtend.o
 .bss           0x0000000000600951        0x0 /usr/lib/gcc/x86_64-unknown-linux-gnu/4.9.2/../../../../lib/crtn.o
 *(COMMON)
                0x0000000000600958                . = ALIGN ((. != 0x0)?0x8:0x1)
 *fill*         0x0000000000600951        0x7 

.lbss
 *(.dynlbss)
 *(.lbss .lbss.* .gnu.linkonce.lb.*)
 *(LARGE_COMMON)
                0x0000000000600958                . = ALIGN (0x8)
                0x0000000000600958                . = SEGMENT_START ("ldata-segment", .)

.lrodata
 *(.lrodata .lrodata.* .gnu.linkonce.lr.*)

.ldata          0x0000000000a00958        0x0
 *(.ldata .ldata.* .gnu.linkonce.l.*)
                0x0000000000a00958                . = ALIGN ((. != 0x0)?0x8:0x1)
                0x0000000000a00958                . = ALIGN (0x8)
                0x0000000000a00958                _end = .
                0x0000000000a00958                PROVIDE (end, .)
                0x0000000000a00958                . = DATA_SEGMENT_END (.)

.stab
 *(.stab)

.stabstr
 *(.stabstr)

.stab.excl
 *(.stab.excl)

.stab.exclstr
 *(.stab.exclstr)

.stab.index
 *(.stab.index)

.stab.indexstr
 *(.stab.indexstr)

.comment        0x0000000000000000       0x4e
 *(.comment)
 .comment       0x0000000000000000       0x27 /usr/lib/gcc/x86_64-unknown-linux-gnu/4.9.2/../../../../lib/crt1.o
                                         0x28 (size before relaxing)
 .comment       0x0000000000000027       0x27 /usr/lib/gcc/x86_64-unknown-linux-gnu/4.9.2/crtbegin.o
                                         0x28 (size before relaxing)
 .comment       0x000000000000004e       0x28 src/main.o
 .comment       0x000000000000004e       0x28 src/printer/utf-8/printer.o
 .comment       0x000000000000004e       0x28 /usr/lib/libc_nonshared.a(elf-init.oS)
 .comment       0x000000000000004e       0x28 /usr/lib/gcc/x86_64-unknown-linux-gnu/4.9.2/crtend.o

.debug
 *(.debug)

.line
 *(.line)

.debug_srcinfo
 *(.debug_srcinfo)

.debug_sfnames
 *(.debug_sfnames)

.debug_aranges
 *(.debug_aranges)

.debug_pubnames
 *(.debug_pubnames)

.debug_info
 *(.debug_info .gnu.linkonce.wi.*)

.debug_abbrev
 *(.debug_abbrev)

.debug_line
 *(.debug_line .debug_line.* .debug_line_end)

.debug_frame
 *(.debug_frame)

.debug_str
 *(.debug_str)

.debug_loc
 *(.debug_loc)

.debug_macinfo
 *(.debug_macinfo)

.debug_weaknames
 *(.debug_weaknames)

.debug_funcnames
 *(.debug_funcnames)

.debug_typenames
 *(.debug_typenames)

.debug_varnames
 *(.debug_varnames)

.debug_pubtypes
 *(.debug_pubtypes)

.debug_ranges
 *(.debug_ranges)

.debug_macro
 *(.debug_macro)

.gnu.attributes
 *(.gnu.attributes)

/DISCARD/
 *(.note.GNU-stack)
 *(.gnu_debuglink)
 *(.gnu.lto_*)
OUTPUT(hello.elf elf64-x86-64)
