Archive member included to satisfy reference by file (symbol)

/usr/lib/gcc/x86_64-unknown-linux-gnu/4.9.2/../../../../lib/libc.a(libc-start.o)
                              /usr/lib/gcc/x86_64-unknown-linux-gnu/4.9.2/../../../../lib/crt1.o (__libc_start_main)
/usr/lib/gcc/x86_64-unknown-linux-gnu/4.9.2/../../../../lib/libc.a(check_fds.o)
                              /usr/lib/gcc/x86_64-unknown-linux-gnu/4.9.2/../../../../lib/libc.a(libc-start.o) (__libc_check_standard_fds)
/usr/lib/gcc/x86_64-unknown-linux-gnu/4.9.2/../../../../lib/libc.a(libc-tls.o)
                              /usr/lib/gcc/x86_64-unknown-linux-gnu/4.9.2/../../../../lib/libc.a(libc-start.o) (__pthread_initialize_minimal)
/usr/lib/gcc/x86_64-unknown-linux-gnu/4.9.2/../../../../lib/libc.a(elf-init.o)
                              /usr/lib/gcc/x86_64-unknown-linux-gnu/4.9.2/../../../../lib/crt1.o (__libc_csu_init)
/usr/lib/gcc/x86_64-unknown-linux-gnu/4.9.2/../../../../lib/libc.a(errno.o)
                              /usr/lib/gcc/x86_64-unknown-linux-gnu/4.9.2/../../../../lib/libc.a(check_fds.o) (__libc_errno)
/usr/lib/gcc/x86_64-unknown-linux-gnu/4.9.2/../../../../lib/libc.a(assert.o)
                              /usr/lib/gcc/x86_64-unknown-linux-gnu/4.9.2/../../../../lib/libc.a(libc-start.o) (__assert_fail)
/usr/lib/gcc/x86_64-unknown-linux-gnu/4.9.2/../../../../lib/libc.a(dcgettext.o)
                              /usr/lib/gcc/x86_64-unknown-linux-gnu/4.9.2/../../../../lib/libc.a(assert.o) (__dcgettext)
/usr/lib/gcc/x86_64-unknown-linux-gnu/4.9.2/../../../../lib/libc.a(dcigettext.o)
                              /usr/lib/gcc/x86_64-unknown-linux-gnu/4.9.2/../../../../lib/libc.a(dcgettext.o) (__dcigettext)
/usr/lib/gcc/x86_64-unknown-linux-gnu/4.9.2/../../../../lib/libc.a(finddomain.o)
                              /usr/lib/gcc/x86_64-unknown-linux-gnu/4.9.2/../../../../lib/libc.a(dcigettext.o) (_nl_find_domain)
/usr/lib/gcc/x86_64-unknown-linux-gnu/4.9.2/../../../../lib/libc.a(loadmsgcat.o)
                              /usr/lib/gcc/x86_64-unknown-linux-gnu/4.9.2/../../../../lib/libc.a(dcigettext.o) (_nl_load_domain)
/usr/lib/gcc/x86_64-unknown-linux-gnu/4.9.2/../../../../lib/libc.a(localealias.o)
                              /usr/lib/gcc/x86_64-unknown-linux-gnu/4.9.2/../../../../lib/libc.a(finddomain.o) (_nl_expand_alias)
/usr/lib/gcc/x86_64-unknown-linux-gnu/4.9.2/../../../../lib/libc.a(l10nflist.o)
                              /usr/lib/gcc/x86_64-unknown-linux-gnu/4.9.2/../../../../lib/libc.a(finddomain.o) (_nl_make_l10nflist)
/usr/lib/gcc/x86_64-unknown-linux-gnu/4.9.2/../../../../lib/libc.a(explodename.o)
                              /usr/lib/gcc/x86_64-unknown-linux-gnu/4.9.2/../../../../lib/libc.a(finddomain.o) (_nl_explode_name)
/usr/lib/gcc/x86_64-unknown-linux-gnu/4.9.2/../../../../lib/libc.a(plural.o)
                              /usr/lib/gcc/x86_64-unknown-linux-gnu/4.9.2/../../../../lib/libc.a(loadmsgcat.o) (__gettext_free_exp)
/usr/lib/gcc/x86_64-unknown-linux-gnu/4.9.2/../../../../lib/libc.a(plural-exp.o)
                              /usr/lib/gcc/x86_64-unknown-linux-gnu/4.9.2/../../../../lib/libc.a(loadmsgcat.o) (__gettext_extract_plural)
/usr/lib/gcc/x86_64-unknown-linux-gnu/4.9.2/../../../../lib/libc.a(hash-string.o)
                              /usr/lib/gcc/x86_64-unknown-linux-gnu/4.9.2/../../../../lib/libc.a(dcigettext.o) (__hash_string)
/usr/lib/gcc/x86_64-unknown-linux-gnu/4.9.2/../../../../lib/libc.a(bsd-_setjmp.o)
                              /usr/lib/gcc/x86_64-unknown-linux-gnu/4.9.2/../../../../lib/libc.a(libc-start.o) (_setjmp)
/usr/lib/gcc/x86_64-unknown-linux-gnu/4.9.2/../../../../lib/libc.a(raise.o)
                              /usr/lib/gcc/x86_64-unknown-linux-gnu/4.9.2/../../../../lib/libc.a(dcigettext.o) (raise)
/usr/lib/gcc/x86_64-unknown-linux-gnu/4.9.2/../../../../lib/libc.a(abort.o)
                              /usr/lib/gcc/x86_64-unknown-linux-gnu/4.9.2/../../../../lib/libc.a(assert.o) (abort)
/usr/lib/gcc/x86_64-unknown-linux-gnu/4.9.2/../../../../lib/libc.a(msort.o)
                              /usr/lib/gcc/x86_64-unknown-linux-gnu/4.9.2/../../../../lib/libc.a(localealias.o) (qsort)
/usr/lib/gcc/x86_64-unknown-linux-gnu/4.9.2/../../../../lib/libc.a(getenv.o)
                              /usr/lib/gcc/x86_64-unknown-linux-gnu/4.9.2/../../../../lib/libc.a(dcigettext.o) (getenv)
/usr/lib/gcc/x86_64-unknown-linux-gnu/4.9.2/../../../../lib/libc.a(exit.o)
                              /usr/lib/gcc/x86_64-unknown-linux-gnu/4.9.2/../../../../lib/libc.a(libc-start.o) (exit)
/usr/lib/gcc/x86_64-unknown-linux-gnu/4.9.2/../../../../lib/libc.a(cxa_atexit.o)
                              /usr/lib/gcc/x86_64-unknown-linux-gnu/4.9.2/../../../../lib/libc.a(libc-start.o) (__cxa_atexit)
/usr/lib/gcc/x86_64-unknown-linux-gnu/4.9.2/../../../../lib/libc.a(strtoul.o)
                              /usr/lib/gcc/x86_64-unknown-linux-gnu/4.9.2/../../../../lib/libc.a(plural-exp.o) (strtoul)
[...]
Memory Configuration

Name             Origin             Length             Attributes
*default*        0x0000000000000000 0xffffffffffffffff

Linker script and memory map

LOAD /usr/lib/gcc/x86_64-unknown-linux-gnu/4.9.2/../../../../lib/crt1.o
LOAD /usr/lib/gcc/x86_64-unknown-linux-gnu/4.9.2/../../../../lib/crti.o
LOAD /usr/lib/gcc/x86_64-unknown-linux-gnu/4.9.2/crtbeginT.o
LOAD hello.o
START GROUP
LOAD /usr/lib/gcc/x86_64-unknown-linux-gnu/4.9.2/libgcc.a
LOAD /usr/lib/gcc/x86_64-unknown-linux-gnu/4.9.2/libgcc_eh.a
LOAD /usr/lib/gcc/x86_64-unknown-linux-gnu/4.9.2/../../../../lib/libc.a
END GROUP
LOAD /usr/lib/gcc/x86_64-unknown-linux-gnu/4.9.2/crtend.o
LOAD /usr/lib/gcc/x86_64-unknown-linux-gnu/4.9.2/../../../../lib/crtn.o
                0x0000000000400000                PROVIDE (__executable_start, 0x400000)
                0x0000000000400158                . = (0x400000 + SIZEOF_HEADERS)

.interp
 *(.interp)

.note.ABI-tag   0x0000000000400158       0x20
 .note.ABI-tag  0x0000000000400158       0x20 /usr/lib/gcc/x86_64-unknown-linux-gnu/4.9.2/../../../../lib/crt1.o

.note.gnu.build-id
                0x0000000000400178       0x24
 *(.note.gnu.build-id)
 .note.gnu.build-id
                0x0000000000400178       0x24 /usr/lib/gcc/x86_64-unknown-linux-gnu/4.9.2/../../../../lib/crt1.o

.hash
 *(.hash)

.gnu.hash
 *(.gnu.hash)

.dynsym
 *(.dynsym)

.dynstr
 *(.dynstr)

.gnu.version
 *(.gnu.version)

.gnu.version_d
 *(.gnu.version_d)

.gnu.version_r
 *(.gnu.version_r)

.rela.dyn       0x00000000004001a0        0x0
 *(.rela.init)
 *(.rela.text .rela.text.* .rela.gnu.linkonce.t.*)
 .rela.text     0x00000000004001a0        0x0 /usr/lib/gcc/x86_64-unknown-linux-gnu/4.9.2/../../../../lib/crt1.o
 .rela.text.unlikely
                0x00000000004001a0        0x0 /usr/lib/gcc/x86_64-unknown-linux-gnu/4.9.2/../../../../lib/crt1.o
 .rela.text.sse4.2
                0x00000000004001a0        0x0 /usr/lib/gcc/x86_64-unknown-linux-gnu/4.9.2/../../../../lib/crt1.o
 .rela.text.avx
                0x00000000004001a0        0x0 /usr/lib/gcc/x86_64-unknown-linux-gnu/4.9.2/../../../../lib/crt1.o
 .rela.text.sse4.1
                0x00000000004001a0        0x0 /usr/lib/gcc/x86_64-unknown-linux-gnu/4.9.2/../../../../lib/crt1.o
 .rela.text.ssse3
                0x00000000004001a0        0x0 /usr/lib/gcc/x86_64-unknown-linux-gnu/4.9.2/../../../../lib/crt1.o
 .rela.text.startup
                0x00000000004001a0        0x0 /usr/lib/gcc/x86_64-unknown-linux-gnu/4.9.2/../../../../lib/crt1.o
 *(.rela.fini)
 *(.rela.rodata .rela.rodata.* .rela.gnu.linkonce.r.*)
 .rela.rodata   0x00000000004001a0        0x0 /usr/lib/gcc/x86_64-unknown-linux-gnu/4.9.2/../../../../lib/crt1.o
 *(.rela.data .rela.data.* .rela.gnu.linkonce.d.*)
 .rela.data     0x00000000004001a0        0x0 /usr/lib/gcc/x86_64-unknown-linux-gnu/4.9.2/../../../../lib/crt1.o
 *(.rela.tdata .rela.tdata.* .rela.gnu.linkonce.td.*)
 .rela.tdata    0x00000000004001a0        0x0 /usr/lib/gcc/x86_64-unknown-linux-gnu/4.9.2/../../../../lib/crt1.o
 *(.rela.tbss .rela.tbss.* .rela.gnu.linkonce.tb.*)
 *(.rela.ctors)
 *(.rela.dtors)
 *(.rela.got)
 .rela.got      0x00000000004001a0        0x0 /usr/lib/gcc/x86_64-unknown-linux-gnu/4.9.2/../../../../lib/crt1.o
 *(.rela.bss .rela.bss.* .rela.gnu.linkonce.b.*)
 *(.rela.ldata .rela.ldata.* .rela.gnu.linkonce.l.*)
 *(.rela.lbss .rela.lbss.* .rela.gnu.linkonce.lb.*)
 *(.rela.lrodata .rela.lrodata.* .rela.gnu.linkonce.lr.*)
 *(.rela.ifunc)
 .rela__libc_freeres_fn
                0x00000000004001a0        0x0 /usr/lib/gcc/x86_64-unknown-linux-gnu/4.9.2/../../../../lib/crt1.o
 .rela.eh_frame
                0x00000000004001a0        0x0 /usr/lib/gcc/x86_64-unknown-linux-gnu/4.9.2/../../../../lib/crt1.o
 .rela__libc_thread_freeres_fn
                0x00000000004001a0        0x0 /usr/lib/gcc/x86_64-unknown-linux-gnu/4.9.2/../../../../lib/crt1.o

.rela.plt       0x00000000004001a0       0xf0
 *(.rela.plt)
                0x00000000004001a0                PROVIDE (__rela_iplt_start, .)
 *(.rela.iplt)
 .rela.iplt     0x00000000004001a0       0xf0 /usr/lib/gcc/x86_64-unknown-linux-gnu/4.9.2/../../../../lib/crt1.o
                0x0000000000400290                PROVIDE (__rela_iplt_end, .)

.init           0x0000000000400290       0x1a
 *(SORT(.init))
 .init          0x0000000000400290       0x15 /usr/lib/gcc/x86_64-unknown-linux-gnu/4.9.2/../../../../lib/crti.o
                0x0000000000400290                _init
 .init          0x00000000004002a5        0x5 /usr/lib/gcc/x86_64-unknown-linux-gnu/4.9.2/../../../../lib/crtn.o

.plt            0x00000000004002b0       0xa0
 *(.plt)
 *(.iplt)
 .iplt          0x00000000004002b0       0xa0 /usr/lib/gcc/x86_64-unknown-linux-gnu/4.9.2/../../../../lib/crt1.o

.plt.bnd
 *(.plt.bnd)

.text           0x0000000000400350    0x86894
 *(.text.unlikely .text.*_unlikely .text.unlikely.*)
 .text.unlikely
                0x0000000000400350        0x0 /usr/lib/gcc/x86_64-unknown-linux-gnu/4.9.2/crtbeginT.o
 .text.unlikely
                0x0000000000400350        0x0 hello.o
 .text.unlikely
                0x0000000000400350        0x0 /usr/lib/gcc/x86_64-unknown-linux-gnu/4.9.2/../../../../lib/libc.a(libc-start.o)
 .text.unlikely
                0x0000000000400350        0x0 /usr/lib/gcc/x86_64-unknown-linux-gnu/4.9.2/../../../../lib/libc.a(check_fds.o)
 .text.unlikely
                0x0000000000400350        0x0 /usr/lib/gcc/x86_64-unknown-linux-gnu/4.9.2/../../../../lib/libc.a(libc-tls.o)
 .text.unlikely
                0x0000000000400350        0x0 /usr/lib/gcc/x86_64-unknown-linux-gnu/4.9.2/../../../../lib/libc.a(elf-init.o)
 .text.unlikely
                0x0000000000400350        0x0 /usr/lib/gcc/x86_64-unknown-linux-gnu/4.9.2/../../../../lib/libc.a(assert.o)
 .text.unlikely
                0x0000000000400350        0x0 /usr/lib/gcc/x86_64-unknown-linux-gnu/4.9.2/../../../../lib/libc.a(dcgettext.o)
 .text.unlikely
                0x0000000000400350        0x0 /usr/lib/gcc/x86_64-unknown-linux-gnu/4.9.2/../../../../lib/libc.a(dcigettext.o)
 .text.unlikely
                0x0000000000400350        0x0 /usr/lib/gcc/x86_64-unknown-linux-gnu/4.9.2/../../../../lib/libc.a(finddomain.o)
 .text.unlikely
                0x0000000000400350        0x0 /usr/lib/gcc/x86_64-unknown-linux-gnu/4.9.2/../../../../lib/libc.a(loadmsgcat.o)
 .text.unlikely
                0x0000000000400350        0x0 /usr/lib/gcc/x86_64-unknown-linux-gnu/4.9.2/../../../../lib/libc.a(localealias.o)
 .text.unlikely
                0x0000000000400350        0x0 /usr/lib/gcc/x86_64-unknown-linux-gnu/4.9.2/../../../../lib/libc.a(l10nflist.o)
 .text.unlikely
                0x0000000000400350        0x0 /usr/lib/gcc/x86_64-unknown-linux-gnu/4.9.2/../../../../lib/libc.a(explodename.o)
 .text.unlikely
                0x0000000000400350        0x0 /usr/lib/gcc/x86_64-unknown-linux-gnu/4.9.2/../../../../lib/libc.a(plural.o)
 .text.unlikely
                0x0000000000400350        0x0 /usr/lib/gcc/x86_64-unknown-linux-gnu/4.9.2/../../../../lib/libc.a(plural-exp.o)
 .text.unlikely
                0x0000000000400350        0x0 /usr/lib/gcc/x86_64-unknown-linux-gnu/4.9.2/../../../../lib/libc.a(hash-string.o)
 .text.unlikely
                0x0000000000400350        0x0 /usr/lib/gcc/x86_64-unknown-linux-gnu/4.9.2/../../../../lib/libc.a(raise.o)
 .text.unlikely
                0x0000000000400350        0x0 /usr/lib/gcc/x86_64-unknown-linux-gnu/4.9.2/../../../../lib/libc.a(abort.o)
 .text.unlikely
                0x0000000000400350        0x0 /usr/lib/gcc/x86_64-unknown-linux-gnu/4.9.2/../../../../lib/libc.a(msort.o)
 .text.unlikely
                0x0000000000400350        0x0 /usr/lib/gcc/x86_64-unknown-linux-gnu/4.9.2/../../../../lib/libc.a(getenv.o)
 .text.unlikely
                0x0000000000400350        0x0 /usr/lib/gcc/x86_64-unknown-linux-gnu/4.9.2/../../../../lib/libc.a(exit.o)
 .text.unlikely
                0x0000000000400350        0x0 /usr/lib/gcc/x86_64-unknown-linux-gnu/4.9.2/../../../../lib/libc.a(cxa_atexit.o)
 .text.unlikely
                0x0000000000400350        0x0 /usr/lib/gcc/x86_64-unknown-linux-gnu/4.9.2/../../../../lib/libc.a(strtoul.o)
 .text.unlikely
                0x0000000000400350        0x0 /usr/lib/gcc/x86_64-unknown-linux-gnu/4.9.2/../../../../lib/libc.a(strtoul_l.o)
 .text.unlikely
                0x0000000000400350        0x0 /usr/lib/gcc/x86_64-unknown-linux-gnu/4.9.2/../../../../lib/libc.a(grouping.o)
 .text.unlikely
                0x0000000000400350        0x0 /usr/lib/gcc/x86_64-unknown-linux-gnu/4.9.2/../../../../lib/libc.a(asprintf.o)
 .text.unlikely
                0x0000000000400350        0x0 /usr/lib/gcc/x86_64-unknown-linux-gnu/4.9.2/../../../../lib/libc.a(fxprintf.o)
 .text.unlikely
                0x0000000000400350        0x0 /usr/lib/gcc/x86_64-unknown-linux-gnu/4.9.2/../../../../lib/libc.a(iofclose.o)
 .text.unlikely
                0x0000000000400350        0x0 /usr/lib/gcc/x86_64-unknown-linux-gnu/4.9.2/../../../../lib/libc.a(iofflush.o)
 .text.unlikely
                0x0000000000400350        0x0 /usr/lib/gcc/x86_64-unknown-linux-gnu/4.9.2/../../../../lib/libc.a(iofopen.o)
 .text.unlikely
                0x0000000000400350        0x0 /usr/lib/gcc/x86_64-unknown-linux-gnu/4.9.2/../../../../lib/libc.a(wprintf.o)
 .text.unlikely
                0x0000000000400350        0x0 /usr/lib/gcc/x86_64-unknown-linux-gnu/4.9.2/../../../../lib/libc.a(wfileops.o)
 .text.unlikely
                0x0000000000400350        0x0 /usr/lib/gcc/x86_64-unknown-linux-gnu/4.9.2/../../../../lib/libc.a(vasprintf.o)
 .text.unlikely
                0x0000000000400350        0x0 /usr/lib/gcc/x86_64-unknown-linux-gnu/4.9.2/../../../../lib/libc.a(fcloseall.o)
 .text.unlikely
                0x0000000000400350       0xc5 /usr/lib/gcc/x86_64-unknown-linux-gnu/4.9.2/../../../../lib/libc.a(libc_fatal.o)
 .text.unlikely
                0x0000000000400415        0x0 /usr/lib/gcc/x86_64-unknown-linux-gnu/4.9.2/../../../../lib/libc.a(iofgets_u.o)
 .text.unlikely
                0x0000000000400415        0x0 /usr/lib/gcc/x86_64-unknown-linux-gnu/4.9.2/../../../../lib/libc.a(fileops.o)
 .text.unlikely
                0x0000000000400415        0x0 /usr/lib/gcc/x86_64-unknown-linux-gnu/4.9.2/../../../../lib/libc.a(genops.o)
 .text.unlikely
                0x0000000000400415        0x0 /usr/lib/gcc/x86_64-unknown-linux-gnu/4.9.2/../../../../lib/libc.a(strops.o)
 .text.unlikely
                0x0000000000400415        0x0 /usr/lib/gcc/x86_64-unknown-linux-gnu/4.9.2/../../../../lib/libc.a(malloc.o)
 .text.unlikely
                0x0000000000400415        0x0 /usr/lib/gcc/x86_64-unknown-linux-gnu/4.9.2/../../../../lib/libc.a(morecore.o)
 .text.unlikely
                0x0000000000400415        0x0 /usr/lib/gcc/x86_64-unknown-linux-gnu/4.9.2/../../../../lib/libc.a(strdup.o)
 .text.unlikely
                0x0000000000400415        0x0 /usr/lib/gcc/x86_64-unknown-linux-gnu/4.9.2/../../../../lib/libc.a(strstr.o)
 .text.unlikely
                0x0000000000400415        0x0 /usr/lib/gcc/x86_64-unknown-linux-gnu/4.9.2/../../../../lib/libc.a(memmove.o)
 .text.unlikely
                0x0000000000400415        0x0 /usr/lib/gcc/x86_64-unknown-linux-gnu/4.9.2/../../../../lib/libc.a(wordcopy.o)
 .text.unlikely
                0x0000000000400415        0x0 /usr/lib/gcc/x86_64-unknown-linux-gnu/4.9.2/../../../../lib/libc.a(cacheinfo.o)
 .text.unlikely
                0x0000000000400415        0x0 /usr/lib/gcc/x86_64-unknown-linux-gnu/4.9.2/../../../../lib/libc.a(strcasecmp_l-nonascii.o)
 .text.unlikely
                0x0000000000400415        0x0 /usr/lib/gcc/x86_64-unknown-linux-gnu/4.9.2/../../../../lib/libc.a(wmempcpy.o)
 .text.unlikely
                0x0000000000400415        0x0 /usr/lib/gcc/x86_64-unknown-linux-gnu/4.9.2/../../../../lib/libc.a(wcsmbsload.o)
 .text.unlikely
                0x0000000000400415        0x0 /usr/lib/gcc/x86_64-unknown-linux-gnu/4.9.2/../../../../lib/libc.a(_exit.o)
 .text.unlikely
                0x0000000000400415        0x0 /usr/lib/gcc/x86_64-unknown-linux-gnu/4.9.2/../../../../lib/libc.a(sysconf.o)
 .text.unlikely
                0x0000000000400415        0x0 /usr/lib/gcc/x86_64-unknown-linux-gnu/4.9.2/../../../../lib/libc.a(get_child_max.o)
 .text.unlikely
                0x0000000000400415        0x0 /usr/lib/gcc/x86_64-unknown-linux-gnu/4.9.2/../../../../lib/libc.a(xstat.o)
 .text.unlikely
                0x0000000000400415        0x0 /usr/lib/gcc/x86_64-unknown-linux-gnu/4.9.2/../../../../lib/libc.a(fxstat.o)
 .text.unlikely
                0x0000000000400415        0x0 /usr/lib/gcc/x86_64-unknown-linux-gnu/4.9.2/../../../../lib/libc.a(fcntl.o)
 .text.unlikely
                0x0000000000400415        0x0 /usr/lib/gcc/x86_64-unknown-linux-gnu/4.9.2/../../../../lib/libc.a(getcwd.o)
 .text.unlikely
                0x0000000000400415        0x0 /usr/lib/gcc/x86_64-unknown-linux-gnu/4.9.2/../../../../lib/libc.a(sbrk.o)
 .text.unlikely
                0x0000000000400415        0x0 /usr/lib/gcc/x86_64-unknown-linux-gnu/4.9.2/../../../../lib/libc.a(getpagesize.o)
 .text.unlikely
                0x0000000000400415        0x0 /usr/lib/gcc/x86_64-unknown-linux-gnu/4.9.2/../../../../lib/libc.a(getdtsz.o)
 .text.unlikely
                0x0000000000400415        0x0 /usr/lib/gcc/x86_64-unknown-linux-gnu/4.9.2/../../../../lib/libc.a(tsearch.o)
 .text.unlikely
                0x0000000000400415        0x0 /usr/lib/gcc/x86_64-unknown-linux-gnu/4.9.2/../../../../lib/libc.a(getsysstats.o)
 .text.unlikely
                0x0000000000400415        0x0 /usr/lib/gcc/x86_64-unknown-linux-gnu/4.9.2/../../../../lib/libc.a(getclktck.o)
 .text.unlikely
                0x0000000000400415        0x0 /usr/lib/gcc/x86_64-unknown-linux-gnu/4.9.2/../../../../lib/libc.a(init-misc.o)
 .text.unlikely
                0x0000000000400415        0x0 /usr/lib/gcc/x86_64-unknown-linux-gnu/4.9.2/../../../../lib/libc.a(alloca_cutoff.o)
 .text.unlikely
                0x0000000000400415        0x0 /usr/lib/gcc/x86_64-unknown-linux-gnu/4.9.2/../../../../lib/libc.a(register-atfork.o)
 .text.unlikely
                0x0000000000400415        0x0 /usr/lib/gcc/x86_64-unknown-linux-gnu/4.9.2/../../../../lib/libc.a(backtrace.o)
 .text.unlikely
                0x0000000000400415        0x0 /usr/lib/gcc/x86_64-unknown-linux-gnu/4.9.2/../../../../lib/libc.a(backtracesymsfd.o)
 .text.unlikely
                0x0000000000400415        0x0 /usr/lib/gcc/x86_64-unknown-linux-gnu/4.9.2/../../../../lib/libc.a(chk_fail.o)
 .text.unlikely
                0x0000000000400415        0x0 /usr/lib/gcc/x86_64-unknown-linux-gnu/4.9.2/../../../../lib/libc.a(fortify_fail.o)
 .text.unlikely
                0x0000000000400415        0x0 /usr/lib/gcc/x86_64-unknown-linux-gnu/4.9.2/../../../../lib/libc.a(dl-debug.o)
 .text.unlikely
                0x0000000000400415        0x0 /usr/lib/gcc/x86_64-unknown-linux-gnu/4.9.2/../../../../lib/libc.a(dl-support.o)
 .text.unlikely
                0x0000000000400415        0x0 /usr/lib/gcc/x86_64-unknown-linux-gnu/4.9.2/../../../../lib/libc.a(dl-addr.o)
 .text.unlikely
                0x0000000000400415        0x0 /usr/lib/gcc/x86_64-unknown-linux-gnu/4.9.2/../../../../lib/libc.a(enbl-secure.o)
 .text.unlikely
                0x0000000000400415        0x0 /usr/lib/gcc/x86_64-unknown-linux-gnu/4.9.2/../../../../lib/libc.a(dl-sysdep.o)
 .text.unlikely
                0x0000000000400415        0x0 /usr/lib/gcc/x86_64-unknown-linux-gnu/4.9.2/../../../../lib/libc.a(init-first.o)
 .text.unlikely
                0x0000000000400415        0x0 /usr/lib/gcc/x86_64-unknown-linux-gnu/4.9.2/../../../../lib/libc.a(init-arch.o)
 .text.unlikely
                0x0000000000400415        0x0 /usr/lib/gcc/x86_64-unknown-linux-gnu/4.9.2/../../../../lib/libc.a(gconv_open.o)
 .text.unlikely
                0x0000000000400415        0x0 /usr/lib/gcc/x86_64-unknown-linux-gnu/4.9.2/../../../../lib/libc.a(gconv.o)
 .text.unlikely
                0x0000000000400415        0x0 /usr/lib/gcc/x86_64-unknown-linux-gnu/4.9.2/../../../../lib/libc.a(gconv_close.o)
 .text.unlikely
                0x0000000000400415        0x0 /usr/lib/gcc/x86_64-unknown-linux-gnu/4.9.2/../../../../lib/libc.a(gconv_db.o)
 .text.unlikely
                0x0000000000400415        0x0 /usr/lib/gcc/x86_64-unknown-linux-gnu/4.9.2/../../../../lib/libc.a(gconv_conf.o)
 .text.unlikely
                0x0000000000400415        0x0 /usr/lib/gcc/x86_64-unknown-linux-gnu/4.9.2/../../../../lib/libc.a(gconv_builtin.o)
 .text.unlikely
                0x0000000000400415        0x0 /usr/lib/gcc/x86_64-unknown-linux-gnu/4.9.2/../../../../lib/libc.a(gconv_simple.o)
 .text.unlikely
                0x0000000000400415        0x0 /usr/lib/gcc/x86_64-unknown-linux-gnu/4.9.2/../../../../lib/libc.a(gconv_trans.o)
 .text.unlikely
                0x0000000000400415        0x0 /usr/lib/gcc/x86_64-unknown-linux-gnu/4.9.2/../../../../lib/libc.a(gconv_cache.o)
 .text.unlikely
                0x0000000000400415        0x0 /usr/lib/gcc/x86_64-unknown-linux-gnu/4.9.2/../../../../lib/libc.a(gconv_dl.o)
 .text.unlikely
                0x0000000000400415        0x0 /usr/lib/gcc/x86_64-unknown-linux-gnu/4.9.2/../../../../lib/libc.a(setlocale.o)
 .text.unlikely
                0x0000000000400415        0x0 /usr/lib/gcc/x86_64-unknown-linux-gnu/4.9.2/../../../../lib/libc.a(findlocale.o)
 .text.unlikely
                0x0000000000400415        0x0 /usr/lib/gcc/x86_64-unknown-linux-gnu/4.9.2/../../../../lib/libc.a(loadlocale.o)
 .text.unlikely
                0x0000000000400415        0x0 /usr/lib/gcc/x86_64-unknown-linux-gnu/4.9.2/../../../../lib/libc.a(loadarchive.o)
 .text.unlikely
                0x0000000000400415        0x0 /usr/lib/gcc/x86_64-unknown-linux-gnu/4.9.2/../../../../lib/libc.a(lc-ctype.o)
 .text.unlikely
                0x0000000000400415        0x0 /usr/lib/gcc/x86_64-unknown-linux-gnu/4.9.2/../../../../lib/libc.a(localename.o)
 .text.unlikely
                0x0000000000400415        0x0 /usr/lib/gcc/x86_64-unknown-linux-gnu/4.9.2/../../../../lib/libc.a(ctype-info.o)
 .text.unlikely
                0x0000000000400415        0x0 /usr/lib/gcc/x86_64-unknown-linux-gnu/4.9.2/../../../../lib/libc.a(setfpucw.o)
 .text.unlikely
                0x0000000000400415        0x0 /usr/lib/gcc/x86_64-unknown-linux-gnu/4.9.2/../../../../lib/libc.a(sigjmp.o)
 .text.unlikely
                0x0000000000400415        0x0 /usr/lib/gcc/x86_64-unknown-linux-gnu/4.9.2/../../../../lib/libc.a(sigaction.o)
 .text.unlikely
                0x0000000000400415        0x0 /usr/lib/gcc/x86_64-unknown-linux-gnu/4.9.2/../../../../lib/libc.a(sigprocmask.o)
 .text.unlikely
                0x0000000000400415        0x0 /usr/lib/gcc/x86_64-unknown-linux-gnu/4.9.2/../../../../lib/libc.a(qsort.o)
 .text.unlikely
                0x0000000000400415        0x0 /usr/lib/gcc/x86_64-unknown-linux-gnu/4.9.2/../../../../lib/libc.a(setenv.o)
 .text.unlikely
                0x0000000000400415        0x0 /usr/lib/gcc/x86_64-unknown-linux-gnu/4.9.2/../../../../lib/libc.a(secure-getenv.o)
 .text.unlikely
                0x0000000000400415        0x0 /usr/lib/gcc/x86_64-unknown-linux-gnu/4.9.2/../../../../lib/libc.a(strtol.o)
 .text.unlikely
                0x0000000000400415        0x0 /usr/lib/gcc/x86_64-unknown-linux-gnu/4.9.2/../../../../lib/libc.a(strtol_l.o)
 .text.unlikely
                0x0000000000400415        0x0 /usr/lib/gcc/x86_64-unknown-linux-gnu/4.9.2/../../../../lib/libc.a(_itoa.o)
 .text.unlikely
                0x0000000000400415      0x337 /usr/lib/gcc/x86_64-unknown-linux-gnu/4.9.2/../../../../lib/libc.a(vfprintf.o)
 .text.unlikely
                0x000000000040074c        0x0 /usr/lib/gcc/x86_64-unknown-linux-gnu/4.9.2/../../../../lib/libc.a(printf_fp.o)
 .text.unlikely
                0x000000000040074c        0x0 /usr/lib/gcc/x86_64-unknown-linux-gnu/4.9.2/../../../../lib/libc.a(reg-printf.o)
 .text.unlikely
                0x000000000040074c        0x0 /usr/lib/gcc/x86_64-unknown-linux-gnu/4.9.2/../../../../lib/libc.a(printf_fphex.o)
 .text.unlikely
                0x000000000040074c        0x0 /usr/lib/gcc/x86_64-unknown-linux-gnu/4.9.2/../../../../lib/libc.a(reg-modifier.o)
 .text.unlikely
                0x000000000040074c        0x0 /usr/lib/gcc/x86_64-unknown-linux-gnu/4.9.2/../../../../lib/libc.a(reg-type.o)
 .text.unlikely
                0x000000000040074c        0x0 /usr/lib/gcc/x86_64-unknown-linux-gnu/4.9.2/../../../../lib/libc.a(fprintf.o)
 .text.unlikely
                0x000000000040074c      0x252 /usr/lib/gcc/x86_64-unknown-linux-gnu/4.9.2/../../../../lib/libc.a(vfwprintf.o)
 .text.unlikely
                0x000000000040099e        0x0 /usr/lib/gcc/x86_64-unknown-linux-gnu/4.9.2/../../../../lib/libc.a(sscanf.o)
 .text.unlikely
                0x000000000040099e        0x0 /usr/lib/gcc/x86_64-unknown-linux-gnu/4.9.2/../../../../lib/libc.a(funlockfile.o)
 .text.unlikely
                0x000000000040099e        0x0 /usr/lib/gcc/x86_64-unknown-linux-gnu/4.9.2/../../../../lib/libc.a(printf-parsemb.o)
 .text.unlikely
                0x000000000040099e        0x0 /usr/lib/gcc/x86_64-unknown-linux-gnu/4.9.2/../../../../lib/libc.a(printf-parsewc.o)
 .text.unlikely
                0x000000000040099e        0x0 /usr/lib/gcc/x86_64-unknown-linux-gnu/4.9.2/../../../../lib/libc.a(filedoalloc.o)
 .text.unlikely
                0x000000000040099e        0x0 /usr/lib/gcc/x86_64-unknown-linux-gnu/4.9.2/../../../../lib/libc.a(iofputs.o)
 .text.unlikely
                0x000000000040099e        0x0 /usr/lib/gcc/x86_64-unknown-linux-gnu/4.9.2/../../../../lib/libc.a(wfiledoalloc.o)
 .text.unlikely
                0x000000000040099e        0x0 /usr/lib/gcc/x86_64-unknown-linux-gnu/4.9.2/../../../../lib/libc.a(iofwrite.o)
 .text.unlikely
                0x000000000040099e        0x0 /usr/lib/gcc/x86_64-unknown-linux-gnu/4.9.2/../../../../lib/libc.a(iogetdelim.o)
 .text.unlikely
                0x000000000040099e        0x0 /usr/lib/gcc/x86_64-unknown-linux-gnu/4.9.2/../../../../lib/libc.a(iogetline.o)
 .text.unlikely
                0x000000000040099e        0x0 /usr/lib/gcc/x86_64-unknown-linux-gnu/4.9.2/../../../../lib/libc.a(iopadn.o)
 .text.unlikely
                0x000000000040099e        0x0 /usr/lib/gcc/x86_64-unknown-linux-gnu/4.9.2/../../../../lib/libc.a(iovsscanf.o)
 .text.unlikely
                0x000000000040099e        0x0 /usr/lib/gcc/x86_64-unknown-linux-gnu/4.9.2/../../../../lib/libc.a(iowpadn.o)
 .text.unlikely
                0x000000000040099e        0x0 /usr/lib/gcc/x86_64-unknown-linux-gnu/4.9.2/../../../../lib/libc.a(wgenops.o)
 .text.unlikely
                0x000000000040099e        0x0 /usr/lib/gcc/x86_64-unknown-linux-gnu/4.9.2/../../../../lib/libc.a(iofwide.o)
 .text.unlikely
                0x000000000040099e        0x0 /usr/lib/gcc/x86_64-unknown-linux-gnu/4.9.2/../../../../lib/libc.a(strndup.o)
 .text.unlikely
                0x000000000040099e        0x0 /usr/lib/gcc/x86_64-unknown-linux-gnu/4.9.2/../../../../lib/libc.a(_strerror.o)
 .text.unlikely
                0x000000000040099e        0x0 /usr/lib/gcc/x86_64-unknown-linux-gnu/4.9.2/../../../../lib/libc.a(memmem.o)
 .text.unlikely
                0x000000000040099e        0x0 /usr/lib/gcc/x86_64-unknown-linux-gnu/4.9.2/../../../../lib/libc.a(argz-ctsep.o)
 .text.unlikely
                0x000000000040099e        0x0 /usr/lib/gcc/x86_64-unknown-linux-gnu/4.9.2/../../../../lib/libc.a(argz-addsep.o)
 .text.unlikely
                0x000000000040099e        0x0 /usr/lib/gcc/x86_64-unknown-linux-gnu/4.9.2/../../../../lib/libc.a(wmemcpy.o)
 .text.unlikely
                0x000000000040099e        0x0 /usr/lib/gcc/x86_64-unknown-linux-gnu/4.9.2/../../../../lib/libc.a(wmemmove.o)
 .text.unlikely
                0x000000000040099e        0x0 /usr/lib/gcc/x86_64-unknown-linux-gnu/4.9.2/../../../../lib/libc.a(wmemset.o)
 .text.unlikely
                0x000000000040099e        0x0 /usr/lib/gcc/x86_64-unknown-linux-gnu/4.9.2/../../../../lib/libc.a(btowc.o)
 .text.unlikely
                0x000000000040099e        0x0 /usr/lib/gcc/x86_64-unknown-linux-gnu/4.9.2/../../../../lib/libc.a(wcrtomb.o)
 .text.unlikely
                0x000000000040099e        0x0 /usr/lib/gcc/x86_64-unknown-linux-gnu/4.9.2/../../../../lib/libc.a(mbsrtowcs.o)
 .text.unlikely
                0x000000000040099e        0x0 /usr/lib/gcc/x86_64-unknown-linux-gnu/4.9.2/../../../../lib/libc.a(wcsrtombs.o)
 .text.unlikely
                0x000000000040099e        0x0 /usr/lib/gcc/x86_64-unknown-linux-gnu/4.9.2/../../../../lib/libc.a(wcsnlen.o)
 .text.unlikely
                0x000000000040099e        0x0 /usr/lib/gcc/x86_64-unknown-linux-gnu/4.9.2/../../../../lib/libc.a(wcschrnul.o)
 .text.unlikely
                0x000000000040099e        0x0 /usr/lib/gcc/x86_64-unknown-linux-gnu/4.9.2/../../../../lib/libc.a(mbsrtowcs_l.o)
 .text.unlikely
                0x000000000040099e        0x0 /usr/lib/gcc/x86_64-unknown-linux-gnu/4.9.2/../../../../lib/libc.a(time.o)
 .text.unlikely
                0x000000000040099e        0x0 /usr/lib/gcc/x86_64-unknown-linux-gnu/4.9.2/../../../../lib/libc.a(tzset.o)
 .text.unlikely
                0x000000000040099e        0x0 /usr/lib/gcc/x86_64-unknown-linux-gnu/4.9.2/../../../../lib/libc.a(tzfile.o)
 .text.unlikely
                0x000000000040099e        0x0 /usr/lib/gcc/x86_64-unknown-linux-gnu/4.9.2/../../../../lib/libc.a(opendir.o)
 .text.unlikely
                0x000000000040099e        0x0 /usr/lib/gcc/x86_64-unknown-linux-gnu/4.9.2/../../../../lib/libc.a(closedir.o)
 .text.unlikely
                0x000000000040099e        0x0 /usr/lib/gcc/x86_64-unknown-linux-gnu/4.9.2/../../../../lib/libc.a(readdir.o)
 .text.unlikely
                0x000000000040099e        0x0 /usr/lib/gcc/x86_64-unknown-linux-gnu/4.9.2/../../../../lib/libc.a(rewinddir.o)
 .text.unlikely
                0x000000000040099e        0x0 /usr/lib/gcc/x86_64-unknown-linux-gnu/4.9.2/../../../../lib/libc.a(getdents.o)
 .text.unlikely
                0x000000000040099e        0x0 /usr/lib/gcc/x86_64-unknown-linux-gnu/4.9.2/../../../../lib/libc.a(fdopendir.o)
 .text.unlikely
                0x000000000040099e        0x0 /usr/lib/gcc/x86_64-unknown-linux-gnu/4.9.2/../../../../lib/libc.a(lxstat.o)
 .text.unlikely
                0x000000000040099e        0x0 /usr/lib/gcc/x86_64-unknown-linux-gnu/4.9.2/../../../../lib/libc.a(fxstatat.o)
 .text.unlikely
                0x000000000040099e        0x0 /usr/lib/gcc/x86_64-unknown-linux-gnu/4.9.2/../../../../lib/libc.a(openat.o)
 .text.unlikely
                0x000000000040099e        0x0 /usr/lib/gcc/x86_64-unknown-linux-gnu/4.9.2/../../../../lib/libc.a(isatty.o)
 .text.unlikely
                0x000000000040099e        0x0 /usr/lib/gcc/x86_64-unknown-linux-gnu/4.9.2/../../../../lib/libc.a(tcgetattr.o)
 .text.unlikely
                0x000000000040099e        0x0 /usr/lib/gcc/x86_64-unknown-linux-gnu/4.9.2/../../../../lib/libc.a(brk.o)
 .text.unlikely
                0x000000000040099e        0x0 /usr/lib/gcc/x86_64-unknown-linux-gnu/4.9.2/../../../../lib/libc.a(wctrans.o)
 .text.unlikely
                0x000000000040099e        0x0 /usr/lib/gcc/x86_64-unknown-linux-gnu/4.9.2/../../../../lib/libc.a(towctrans.o)
 .text.unlikely
                0x000000000040099e        0x0 /usr/lib/gcc/x86_64-unknown-linux-gnu/4.9.2/../../../../lib/libc.a(readonly-area.o)
 .text.unlikely
                0x000000000040099e        0x0 /usr/lib/gcc/x86_64-unknown-linux-gnu/4.9.2/../../../../lib/libc.a(dl-load.o)
 .text.unlikely
                0x000000000040099e        0x0 /usr/lib/gcc/x86_64-unknown-linux-gnu/4.9.2/../../../../lib/libc.a(dl-lookup.o)
 .text.unlikely
                0x000000000040099e        0x0 /usr/lib/gcc/x86_64-unknown-linux-gnu/4.9.2/../../../../lib/libc.a(dl-object.o)
 .text.unlikely
                0x000000000040099e        0x0 /usr/lib/gcc/x86_64-unknown-linux-gnu/4.9.2/../../../../lib/libc.a(dl-reloc.o)
 .text.unlikely
                0x000000000040099e        0x0 /usr/lib/gcc/x86_64-unknown-linux-gnu/4.9.2/../../../../lib/libc.a(dl-hwcaps.o)
 .text.unlikely
                0x000000000040099e        0x0 /usr/lib/gcc/x86_64-unknown-linux-gnu/4.9.2/../../../../lib/libc.a(dl-error.o)
 .text.unlikely
                0x000000000040099e        0x0 /usr/lib/gcc/x86_64-unknown-linux-gnu/4.9.2/../../../../lib/libc.a(dl-misc.o)
 .text.unlikely
                0x000000000040099e       0x1c /usr/lib/gcc/x86_64-unknown-linux-gnu/4.9.2/../../../../lib/libc.a(dl-tls.o)
 .text.unlikely
                0x00000000004009ba        0x0 /usr/lib/gcc/x86_64-unknown-linux-gnu/4.9.2/../../../../lib/libc.a(dl-origin.o)
 .text.unlikely
                0x00000000004009ba        0x0 /usr/lib/gcc/x86_64-unknown-linux-gnu/4.9.2/../../../../lib/libc.a(dl-scope.o)
 .text.unlikely
                0x00000000004009ba        0x0 /usr/lib/gcc/x86_64-unknown-linux-gnu/4.9.2/../../../../lib/libc.a(dl-execstack.o)
 .text.unlikely
                0x00000000004009ba        0x0 /usr/lib/gcc/x86_64-unknown-linux-gnu/4.9.2/../../../../lib/libc.a(dl-open.o)
 .text.unlikely
                0x00000000004009ba        0x0 /usr/lib/gcc/x86_64-unknown-linux-gnu/4.9.2/../../../../lib/libc.a(dl-close.o)
 .text.unlikely
                0x00000000004009ba        0x0 /usr/lib/gcc/x86_64-unknown-linux-gnu/4.9.2/../../../../lib/libc.a(dl-cache.o)
 .text.unlikely
                0x00000000004009ba        0x0 /usr/lib/gcc/x86_64-unknown-linux-gnu/4.9.2/../../../../lib/libc.a(dl-profstub.o)
 .text.unlikely
                0x00000000004009ba        0x0 /usr/lib/gcc/x86_64-unknown-linux-gnu/4.9.2/../../../../lib/libc.a(dl-libc.o)
 .text.unlikely
                0x00000000004009ba        0x0 /usr/lib/gcc/x86_64-unknown-linux-gnu/4.9.2/../../../../lib/libc.a(dl-tsd.o)
 .text.unlikely
                0x00000000004009ba        0x0 /usr/lib/gcc/x86_64-unknown-linux-gnu/4.9.2/../../../../lib/libc.a(tlsdesc.o)
 .text.unlikely
                0x00000000004009ba        0x0 /usr/lib/gcc/x86_64-unknown-linux-gnu/4.9.2/../../../../lib/libc.a(s_isinf.o)
 .text.unlikely
                0x00000000004009ba        0x0 /usr/lib/gcc/x86_64-unknown-linux-gnu/4.9.2/../../../../lib/libc.a(s_isnan.o)
 .text.unlikely
                0x00000000004009ba        0x0 /usr/lib/gcc/x86_64-unknown-linux-gnu/4.9.2/../../../../lib/libc.a(s_isinfl.o)
 .text.unlikely
                0x00000000004009ba        0x0 /usr/lib/gcc/x86_64-unknown-linux-gnu/4.9.2/../../../../lib/libc.a(s_isnanl.o)
 .text.unlikely
                0x00000000004009ba        0x0 /usr/lib/gcc/x86_64-unknown-linux-gnu/4.9.2/../../../../lib/libc.a(cmp.o)
 .text.unlikely
                0x00000000004009ba        0x0 /usr/lib/gcc/x86_64-unknown-linux-gnu/4.9.2/../../../../lib/libc.a(divrem.o)
 .text.unlikely
                0x00000000004009ba        0x0 /usr/lib/gcc/x86_64-unknown-linux-gnu/4.9.2/../../../../lib/libc.a(mul.o)
 .text.unlikely
                0x00000000004009ba        0x0 /usr/lib/gcc/x86_64-unknown-linux-gnu/4.9.2/../../../../lib/libc.a(mul_n.o)
 .text.unlikely
                0x00000000004009ba        0x0 /usr/lib/gcc/x86_64-unknown-linux-gnu/4.9.2/../../../../lib/libc.a(dbl2mpn.o)
 .text.unlikely
                0x00000000004009ba        0x0 /usr/lib/gcc/x86_64-unknown-linux-gnu/4.9.2/../../../../lib/libc.a(ldbl2mpn.o)
 .text.unlikely
                0x00000000004009ba        0x0 /usr/lib/gcc/x86_64-unknown-linux-gnu/4.9.2/../../../../lib/libc.a(vfscanf.o)
 .text.unlikely
                0x00000000004009ba        0x0 /usr/lib/gcc/x86_64-unknown-linux-gnu/4.9.2/../../../../lib/libc.a(fileno.o)
 .text.unlikely
                0x00000000004009ba        0x0 /usr/lib/gcc/x86_64-unknown-linux-gnu/4.9.2/../../../../lib/libc.a(fseek.o)
 .text.unlikely
                0x00000000004009ba        0x0 /usr/lib/gcc/x86_64-unknown-linux-gnu/4.9.2/../../../../lib/libc.a(ftello.o)
 .text.unlikely
                0x00000000004009ba        0x0 /usr/lib/gcc/x86_64-unknown-linux-gnu/4.9.2/../../../../lib/libc.a(iofread_u.o)
 .text.unlikely
                0x00000000004009ba        0x0 /usr/lib/gcc/x86_64-unknown-linux-gnu/4.9.2/../../../../lib/libc.a(sdlerror.o)
 .text.unlikely
                0x00000000004009ba        0x0 /usr/lib/gcc/x86_64-unknown-linux-gnu/4.9.2/../../../../lib/libc.a(sdladdr.o)
 .text.unlikely
                0x00000000004009ba        0x0 /usr/lib/gcc/x86_64-unknown-linux-gnu/4.9.2/../../../../lib/libc.a(sdladdr1.o)
 .text.unlikely
                0x00000000004009ba        0x0 /usr/lib/gcc/x86_64-unknown-linux-gnu/4.9.2/../../../../lib/libc.a(sdlinfo.o)
 .text.unlikely
                0x00000000004009ba        0x0 /usr/lib/gcc/x86_64-unknown-linux-gnu/4.9.2/../../../../lib/libc.a(sdlmopen.o)
 .text.unlikely
                0x00000000004009ba        0x0 /usr/lib/gcc/x86_64-unknown-linux-gnu/4.9.2/../../../../lib/libc.a(strerror.o)
 .text.unlikely
                0x00000000004009ba        0x0 /usr/lib/gcc/x86_64-unknown-linux-gnu/4.9.2/../../../../lib/libc.a(strsep.o)
 .text.unlikely
                0x00000000004009ba        0x0 /usr/lib/gcc/x86_64-unknown-linux-gnu/4.9.2/../../../../lib/libc.a(mbrlen.o)
 .text.unlikely
                0x00000000004009ba        0x0 /usr/lib/gcc/x86_64-unknown-linux-gnu/4.9.2/../../../../lib/libc.a(mbrtowc.o)
 .text.unlikely
                0x00000000004009ba        0x0 /usr/lib/gcc/x86_64-unknown-linux-gnu/4.9.2/../../../../lib/libc.a(offtime.o)
 .text.unlikely
                0x00000000004009ba        0x0 /usr/lib/gcc/x86_64-unknown-linux-gnu/4.9.2/../../../../lib/libc.a(localtime.o)
 .text.unlikely
                0x00000000004009ba        0x0 /usr/lib/gcc/x86_64-unknown-linux-gnu/4.9.2/../../../../lib/libc.a(mktime.o)
 .text.unlikely
                0x00000000004009ba        0x0 /usr/lib/gcc/x86_64-unknown-linux-gnu/4.9.2/../../../../lib/libc.a(getpid.o)
 .text.unlikely
                0x00000000004009ba        0x0 /usr/lib/gcc/x86_64-unknown-linux-gnu/4.9.2/../../../../lib/libc.a(dl-deps.o)
 .text.unlikely
                0x00000000004009ba        0x0 /usr/lib/gcc/x86_64-unknown-linux-gnu/4.9.2/../../../../lib/libc.a(dl-runtime.o)
 .text.unlikely
                0x00000000004009ba        0x0 /usr/lib/gcc/x86_64-unknown-linux-gnu/4.9.2/../../../../lib/libc.a(dl-init.o)
 .text.unlikely
                0x00000000004009ba        0x0 /usr/lib/gcc/x86_64-unknown-linux-gnu/4.9.2/../../../../lib/libc.a(dl-fini.o)
 .text.unlikely
                0x00000000004009ba        0x0 /usr/lib/gcc/x86_64-unknown-linux-gnu/4.9.2/../../../../lib/libc.a(dl-version.o)
 .text.unlikely
                0x00000000004009ba        0x0 /usr/lib/gcc/x86_64-unknown-linux-gnu/4.9.2/../../../../lib/libc.a(dl-profile.o)
 .text.unlikely
                0x00000000004009ba        0x0 /usr/lib/gcc/x86_64-unknown-linux-gnu/4.9.2/../../../../lib/libc.a(strtof.o)
 .text.unlikely
                0x00000000004009ba        0x0 /usr/lib/gcc/x86_64-unknown-linux-gnu/4.9.2/../../../../lib/libc.a(strtod.o)
 .text.unlikely
                0x00000000004009ba        0x0 /usr/lib/gcc/x86_64-unknown-linux-gnu/4.9.2/../../../../lib/libc.a(strtold.o)
 .text.unlikely
                0x00000000004009ba        0x0 /usr/lib/gcc/x86_64-unknown-linux-gnu/4.9.2/../../../../lib/libc.a(strtof_l.o)
 .text.unlikely
                0x00000000004009ba        0x0 /usr/lib/gcc/x86_64-unknown-linux-gnu/4.9.2/../../../../lib/libc.a(strtod_l.o)
 .text.unlikely
                0x00000000004009ba        0x0 /usr/lib/gcc/x86_64-unknown-linux-gnu/4.9.2/../../../../lib/libc.a(strtold_l.o)
 .text.unlikely
                0x00000000004009ba        0x0 /usr/lib/gcc/x86_64-unknown-linux-gnu/4.9.2/../../../../lib/libc.a(mpn2flt.o)
 .text.unlikely
                0x00000000004009ba        0x0 /usr/lib/gcc/x86_64-unknown-linux-gnu/4.9.2/../../../../lib/libc.a(mpn2dbl.o)
 .text.unlikely
                0x00000000004009ba        0x0 /usr/lib/gcc/x86_64-unknown-linux-gnu/4.9.2/../../../../lib/libc.a(mpn2ldbl.o)
 .text.unlikely
                0x00000000004009ba        0x0 /usr/lib/gcc/x86_64-unknown-linux-gnu/4.9.2/../../../../lib/libc.a(ioseekoff.o)
 .text.unlikely
                0x00000000004009ba        0x0 /usr/lib/gcc/x86_64-unknown-linux-gnu/4.9.2/../../../../lib/libc.a(sdlopen.o)
 .text.unlikely
                0x00000000004009ba        0x0 /usr/lib/gcc/x86_64-unknown-linux-gnu/4.9.2/../../../../lib/libc.a(sdlclose.o)
 .text.unlikely
                0x00000000004009ba        0x0 /usr/lib/gcc/x86_64-unknown-linux-gnu/4.9.2/../../../../lib/libc.a(sdlsym.o)
 .text.unlikely
                0x00000000004009ba        0x0 /usr/lib/gcc/x86_64-unknown-linux-gnu/4.9.2/../../../../lib/libc.a(sdlvsym.o)
 .text.unlikely
                0x00000000004009ba        0x0 /usr/lib/gcc/x86_64-unknown-linux-gnu/4.9.2/../../../../lib/libc.a(strncase_l-nonascii.o)
 .text.unlikely
                0x00000000004009ba        0x0 /usr/lib/gcc/x86_64-unknown-linux-gnu/4.9.2/../../../../lib/libc.a(profil.o)
 .text.unlikely
                0x00000000004009ba        0x0 /usr/lib/gcc/x86_64-unknown-linux-gnu/4.9.2/../../../../lib/libc.a(prof-freq.o)
 .text.unlikely
                0x00000000004009ba        0x0 /usr/lib/gcc/x86_64-unknown-linux-gnu/4.9.2/../../../../lib/libc.a(dl-sym.o)
 .text.unlikely
                0x00000000004009ba        0x0 /usr/lib/gcc/x86_64-unknown-linux-gnu/4.9.2/libgcc_eh.a(unwind-dw2.o)
 .text.unlikely
                0x00000000004009ba        0x0 /usr/lib/gcc/x86_64-unknown-linux-gnu/4.9.2/libgcc_eh.a(unwind-dw2-fde-dip.o)
 .text.unlikely
                0x00000000004009ba        0x0 /usr/lib/gcc/x86_64-unknown-linux-gnu/4.9.2/libgcc_eh.a(unwind-c.o)
 .text.unlikely
                0x00000000004009ba        0x0 /usr/lib/gcc/x86_64-unknown-linux-gnu/4.9.2/../../../../lib/libc.a(dl-iteratephdr.o)
 *(.text.exit .text.exit.*)
 *fill*         0x00000000004009ba        0x6 
 .text.exit     0x00000000004009c0        0xc /usr/lib/gcc/x86_64-unknown-linux-gnu/4.9.2/../../../../lib/libc.a(sdlerror.o)
 *(.text.startup .text.startup.*)
 *fill*         0x00000000004009cc        0x4 
 .text.startup  0x00000000004009d0       0x10 hello.o
                0x00000000004009d0                main
 .text.startup  0x00000000004009e0      0x253 /usr/lib/gcc/x86_64-unknown-linux-gnu/4.9.2/../../../../lib/libc.a(cacheinfo.o)
 *(.text.hot .text.hot.*)
 *(.text .stub .text.* .gnu.linkonce.t.*)
 *fill*         0x0000000000400c33        0xd 
 .text          0x0000000000400c40       0x2a /usr/lib/gcc/x86_64-unknown-linux-gnu/4.9.2/../../../../lib/crt1.o
                0x0000000000400c40                _start
 .text          0x0000000000400c6a        0x0 /usr/lib/gcc/x86_64-unknown-linux-gnu/4.9.2/../../../../lib/crti.o
 *fill*         0x0000000000400c6a        0x6 
 .text          0x0000000000400c70       0xee /usr/lib/gcc/x86_64-unknown-linux-gnu/4.9.2/crtbeginT.o
 *fill*         0x0000000000400d5e        0x2 
 .text          0x0000000000400d60        0xc hello.o
                0x0000000000400d60                print
 *fill*         0x0000000000400d6c        0x4 
 .text          0x0000000000400d70      0x290 /usr/lib/gcc/x86_64-unknown-linux-gnu/4.9.2/../../../../lib/libc.a(libc-start.o)
                0x0000000000400d70                __libc_start_main
 .text          0x0000000000401000       0xe2 /usr/lib/gcc/x86_64-unknown-linux-gnu/4.9.2/../../../../lib/libc.a(check_fds.o)
                0x00000000004010b0                __libc_check_standard_fds
 *fill*         0x00000000004010e2        0xe 
 .text          0x00000000004010f0      0x2af /usr/lib/gcc/x86_64-unknown-linux-gnu/4.9.2/../../../../lib/libc.a(libc-tls.o)
                0x00000000004010f0                __libc_setup_tls
                0x0000000000401320                _dl_tls_setup
                0x0000000000401390                __pthread_initialize_minimal
 *fill*         0x000000000040139f        0x1 
 .text          0x00000000004013a0       0xc3 /usr/lib/gcc/x86_64-unknown-linux-gnu/4.9.2/../../../../lib/libc.a(elf-init.o)
                0x00000000004013a0                __libc_csu_init
                0x0000000000401430                __libc_csu_fini
 .text          0x0000000000401463        0x0 /usr/lib/gcc/x86_64-unknown-linux-gnu/4.9.2/../../../../lib/libc.a(errno.o)
 *fill*         0x0000000000401463        0xd 
 .text          0x0000000000401470      0x17e /usr/lib/gcc/x86_64-unknown-linux-gnu/4.9.2/../../../../lib/libc.a(assert.o)
                0x0000000000401470                __assert_fail_base
                0x00000000004015b0                __assert_fail
 *fill*         0x00000000004015ee        0x2 
 .text          0x00000000004015f0        0xf /usr/lib/gcc/x86_64-unknown-linux-gnu/4.9.2/../../../../lib/libc.a(dcgettext.o)
                0x00000000004015f0                __dcgettext
                0x00000000004015f0                dcgettext
 *fill*         0x00000000004015ff        0x1 
 .text          0x0000000000401600     0x1757 /usr/lib/gcc/x86_64-unknown-linux-gnu/4.9.2/../../../../lib/libc.a(dcigettext.o)
                0x00000000004018b0                _nl_find_msg
                0x00000000004024a0                __dcigettext
 *fill*         0x0000000000402d57        0x9 
 .text          0x0000000000402d60      0x268 /usr/lib/gcc/x86_64-unknown-linux-gnu/4.9.2/../../../../lib/libc.a(finddomain.o)
                0x0000000000402d60                _nl_find_domain
 *fill*         0x0000000000402fc8        0x8 
 .text          0x0000000000402fd0     0x1502 /usr/lib/gcc/x86_64-unknown-linux-gnu/4.9.2/../../../../lib/libc.a(loadmsgcat.o)
                0x0000000000402fd0                _nl_load_domain
 *fill*         0x00000000004044d2        0xe 
 .text          0x00000000004044e0      0x667 /usr/lib/gcc/x86_64-unknown-linux-gnu/4.9.2/../../../../lib/libc.a(localealias.o)
                0x00000000004049a0                _nl_expand_alias
 *fill*         0x0000000000404b47        0x9 
 .text          0x0000000000404b50      0x5d7 /usr/lib/gcc/x86_64-unknown-linux-gnu/4.9.2/../../../../lib/libc.a(l10nflist.o)
                0x0000000000404ba0                _nl_make_l10nflist
                0x0000000000405030                _nl_normalize_codeset
 *fill*         0x0000000000405127        0x9 
 .text          0x0000000000405130      0x25c /usr/lib/gcc/x86_64-unknown-linux-gnu/4.9.2/../../../../lib/libc.a(explodename.o)
                0x0000000000405130                _nl_explode_name
 *fill*         0x000000000040538c        0x4 
 .text          0x0000000000405390      0x897 /usr/lib/gcc/x86_64-unknown-linux-gnu/4.9.2/../../../../lib/libc.a(plural.o)
                0x0000000000405390                __gettext_free_exp
                0x0000000000405500                __gettextparse
 *fill*         0x0000000000405c27        0x9 
 .text          0x0000000000405c30       0xdd /usr/lib/gcc/x86_64-unknown-linux-gnu/4.9.2/../../../../lib/libc.a(plural-exp.o)
                0x0000000000405c30                __gettext_extract_plural
 *fill*         0x0000000000405d0d        0x3 
 .text          0x0000000000405d10       0x38 /usr/lib/gcc/x86_64-unknown-linux-gnu/4.9.2/../../../../lib/libc.a(hash-string.o)
                0x0000000000405d10                __hash_string
 *fill*         0x0000000000405d48        0x8 
 .text          0x0000000000405d50        0x7 /usr/lib/gcc/x86_64-unknown-linux-gnu/4.9.2/../../../../lib/libc.a(bsd-_setjmp.o)
                0x0000000000405d50                _setjmp
 *fill*         0x0000000000405d57        0x9 
 .text          0x0000000000405d60       0x72 /usr/lib/gcc/x86_64-unknown-linux-gnu/4.9.2/../../../../lib/libc.a(raise.o)
                0x0000000000405d60                gsignal
                0x0000000000405d60                raise
 *fill*         0x0000000000405dd2        0xe 
 .text          0x0000000000405de0      0x27b /usr/lib/gcc/x86_64-unknown-linux-gnu/4.9.2/../../../../lib/libc.a(abort.o)
                0x0000000000405de0                abort
 *fill*         0x000000000040605b        0x5 
 .text          0x0000000000406060      0x658 /usr/lib/gcc/x86_64-unknown-linux-gnu/4.9.2/../../../../lib/libc.a(msort.o)
                0x0000000000406370                __qsort_r
                0x0000000000406370                qsort_r
                0x00000000004066b0                qsort
 *fill*         0x00000000004066b8        0x8 
 .text          0x00000000004066c0       0xdc /usr/lib/gcc/x86_64-unknown-linux-gnu/4.9.2/../../../../lib/libc.a(getenv.o)
                0x00000000004066c0                getenv
 *fill*         0x000000000040679c        0x4 
 .text          0x00000000004067a0      0x153 /usr/lib/gcc/x86_64-unknown-linux-gnu/4.9.2/../../../../lib/libc.a(exit.o)
                0x00000000004067a0                __run_exit_handlers
                0x00000000004068e0                exit
 *fill*         0x00000000004068f3        0xd 
 .text          0x0000000000406900      0x24d /usr/lib/gcc/x86_64-unknown-linux-gnu/4.9.2/../../../../lib/libc.a(cxa_atexit.o)
                0x0000000000406900                __new_exitfn
                0x0000000000406ab0                __internal_atexit
                0x0000000000406b00                __cxa_atexit
 *fill*         0x0000000000406b4d        0x3 
 .text          0x0000000000406b50       0x22 /usr/lib/gcc/x86_64-unknown-linux-gnu/4.9.2/../../../../lib/libc.a(strtoul.o)
                0x0000000000406b50                __strtoull_internal
                0x0000000000406b50                __strtoul_internal
                0x0000000000406b60                strtoul
                0x0000000000406b60                strtoull
                0x0000000000406b60                strtouq
                0x0000000000406b60                __strtoul
 *fill*         0x0000000000406b72        0xe 
 .text          0x0000000000406b80      0x43a /usr/lib/gcc/x86_64-unknown-linux-gnu/4.9.2/../../../../lib/libc.a(strtoul_l.o)
                0x0000000000406b80                ____strtoul_l_internal
                0x0000000000406b80                ____strtoull_l_internal
                0x0000000000406fb0                __strtoull_l
                0x0000000000406fb0                strtoull_l
                0x0000000000406fb0                strtoul_l
                0x0000000000406fb0                __strtoul_l
 *fill*         0x0000000000406fba        0x6 
 .text          0x0000000000406fc0      0x267 /usr/lib/gcc/x86_64-unknown-linux-gnu/4.9.2/../../../../lib/libc.a(grouping.o)
                0x0000000000406fc0                __correctly_grouped_prefixmb
 *fill*         0x0000000000407227        0x9 
 .text          0x0000000000407230       0x8f /usr/lib/gcc/x86_64-unknown-linux-gnu/4.9.2/../../../../lib/libc.a(asprintf.o)
                0x0000000000407230                __asprintf
                0x0000000000407230                asprintf
                0x0000000000407230                ___asprintf
 *fill*         0x00000000004072bf        0x1 
 .text          0x00000000004072c0      0x143 /usr/lib/gcc/x86_64-unknown-linux-gnu/4.9.2/../../../../lib/libc.a(fxprintf.o)
                0x00000000004072c0                __fxprintf
 *fill*         0x0000000000407403        0xd 
 .text          0x0000000000407410      0x260 /usr/lib/gcc/x86_64-unknown-linux-gnu/4.9.2/../../../../lib/libc.a(iofclose.o)
                0x0000000000407410                _IO_fclose
                0x0000000000407410                _IO_new_fclose
                0x0000000000407410                fclose
                0x0000000000407410                __new_fclose
 .text          0x0000000000407670      0x146 /usr/lib/gcc/x86_64-unknown-linux-gnu/4.9.2/../../../../lib/libc.a(iofflush.o)
                0x0000000000407670                _IO_fflush
                0x0000000000407670                fflush
 *fill*         0x00000000004077b6        0xa 
 .text          0x00000000004077c0       0xfa /usr/lib/gcc/x86_64-unknown-linux-gnu/4.9.2/../../../../lib/libc.a(iofopen.o)
                0x00000000004077c0                __fopen_maybe_mmap
                0x0000000000407800                __fopen_internal
                0x00000000004078b0                _IO_fopen64
                0x00000000004078b0                _IO_new_fopen
                0x00000000004078b0                fopen
                0x00000000004078b0                _IO_fopen
                0x00000000004078b0                __new_fopen
                0x00000000004078b0                fopen64
 *fill*         0x00000000004078ba        0x6 
 .text          0x00000000004078c0       0x9e /usr/lib/gcc/x86_64-unknown-linux-gnu/4.9.2/../../../../lib/libc.a(wprintf.o)
                0x00000000004078c0                __wprintf
                0x00000000004078c0                wprintf
 *fill*         0x000000000040795e        0x2 
 .text          0x0000000000407960     0x16d6 /usr/lib/gcc/x86_64-unknown-linux-gnu/4.9.2/../../../../lib/libc.a(wfileops.o)
                0x0000000000407a30                _IO_wfile_underflow
                0x0000000000408050                _IO_wfile_seekoff
                0x0000000000408920                _IO_wdo_write
                0x0000000000408ae0                _IO_wfile_overflow
                0x0000000000408d50                _IO_wfile_sync
                0x0000000000408eb0                _IO_wfile_xsputn
 *fill*         0x0000000000409036        0xa 
 .text          0x0000000000409040      0x147 /usr/lib/gcc/x86_64-unknown-linux-gnu/4.9.2/../../../../lib/libc.a(vasprintf.o)
                0x0000000000409040                _IO_vasprintf
                0x0000000000409040                vasprintf
 *fill*         0x0000000000409187        0x9 
 .text          0x0000000000409190        0x5 /usr/lib/gcc/x86_64-unknown-linux-gnu/4.9.2/../../../../lib/libc.a(fcloseall.o)
                0x0000000000409190                __fcloseall
                0x0000000000409190                fcloseall
 *fill*         0x0000000000409195        0xb 
 .text          0x00000000004091a0      0x2ee /usr/lib/gcc/x86_64-unknown-linux-gnu/4.9.2/../../../../lib/libc.a(libc_fatal.o)
                0x00000000004091a0                __libc_message
                0x0000000000409470                __libc_fatal
 *fill*         0x000000000040948e        0x2 
 .text          0x0000000000409490       0x93 /usr/lib/gcc/x86_64-unknown-linux-gnu/4.9.2/../../../../lib/libc.a(iofgets_u.o)
                0x0000000000409490                __fgets_unlocked
                0x0000000000409490                fgets_unlocked
 *fill*         0x0000000000409523        0xd 
 .text          0x0000000000409530     0x1e24 /usr/lib/gcc/x86_64-unknown-linux-gnu/4.9.2/../../../../lib/libc.a(fileops.o)
                0x0000000000409560                _IO_file_close
                0x0000000000409570                _IO_file_setbuf
                0x0000000000409570                _IO_new_file_setbuf
                0x00000000004095a0                _IO_file_setbuf_mmap
                0x00000000004096e0                _IO_file_underflow
                0x00000000004096e0                _IO_new_file_underflow
                0x0000000000409970                _IO_file_seekoff
                0x0000000000409970                _IO_new_file_seekoff
                0x0000000000409da0                _IO_file_close_mmap
                0x0000000000409fa0                _IO_file_seek
                0x000000000040a170                _IO_file_underflow_maybe_mmap
                0x000000000040a1c0                _IO_file_stat
                0x000000000040a1d0                _IO_file_write
                0x000000000040a1d0                _IO_new_file_write
                0x000000000040a360                _IO_file_xsgetn
                0x000000000040a550                _IO_file_seekoff_mmap
                0x000000000040a630                _IO_file_underflow_mmap
                0x000000000040a690                _IO_file_read
                0x000000000040a6c0                _IO_new_file_xsputn
                0x000000000040a6c0                _IO_file_xsputn
                0x000000000040a870                _IO_new_file_init
                0x000000000040a870                _IO_file_init
                0x000000000040a8a0                _IO_file_open
                0x000000000040a960                _IO_new_file_attach
                0x000000000040a960                _IO_file_attach
                0x000000000040a9e0                _IO_new_do_write
                0x000000000040a9e0                _IO_do_write
                0x000000000040aa10                _IO_new_file_close_it
                0x000000000040aa10                _IO_file_close_it
                0x000000000040ab90                _IO_new_file_fopen
                0x000000000040ab90                _IO_file_fopen
                0x000000000040b020                _IO_file_finish
                0x000000000040b020                _IO_new_file_finish
                0x000000000040b0a0                _IO_file_overflow
                0x000000000040b0a0                _IO_new_file_overflow
                0x000000000040b2a0                _IO_file_sync
                0x000000000040b2a0                _IO_new_file_sync
 *fill*         0x000000000040b354        0xc 
 .text          0x000000000040b360     0x1dc0 /usr/lib/gcc/x86_64-unknown-linux-gnu/4.9.2/../../../../lib/libc.a(genops.o)
                0x000000000040b8b0                _IO_un_link
                0x000000000040b8d0                _IO_link_in
                0x000000000040bb20                _IO_least_marker
                0x000000000040bb50                _IO_switch_to_main_get_area
                0x000000000040bb80                _IO_switch_to_backup_area
                0x000000000040bbb0                _IO_switch_to_get_mode
                0x000000000040bc20                _IO_free_backup_area
                0x000000000040bc80                __overflow
                0x000000000040bcb0                __underflow
                0x000000000040bd80                __uflow
                0x000000000040be60                _IO_setb
                0x000000000040bee0                _IO_doallocbuf
                0x000000000040bf40                _IO_default_underflow
                0x000000000040bf50                _IO_default_uflow
                0x000000000040bf80                _IO_default_xsputn
                0x000000000040c040                _IO_sgetn
                0x000000000040c050                _IO_default_xsgetn
                0x000000000040c100                _IO_default_setbuf
                0x000000000040c1a0                _IO_default_seekpos
                0x000000000040c1c0                _IO_default_doallocate
                0x000000000040c210                _IO_old_init
                0x000000000040c2c0                _IO_init
                0x000000000040c2f0                _IO_no_init
                0x000000000040c3a0                _IO_default_sync
                0x000000000040c3b0                _IO_default_finish
                0x000000000040c440                _IO_default_seekoff
                0x000000000040c450                _IO_sputbackc
                0x000000000040c490                _IO_sungetc
                0x000000000040c4d0                _IO_adjust_column
                0x000000000040c510                _IO_flush_all_lockp
                0x000000000040c800                _IO_cleanup
                0x000000000040ca00                _IO_flush_all
                0x000000000040ca10                _IO_flush_all_linebuffered
                0x000000000040ca10                _flushlbf
                0x000000000040cc90                _IO_init_marker
                0x000000000040ccf0                _IO_remove_marker
                0x000000000040cd30                _IO_marker_difference
                0x000000000040cd40                _IO_marker_delta
                0x000000000040cd70                _IO_seekmark
                0x000000000040ce10                _IO_unsave_markers
                0x000000000040ce40                _IO_default_pbackfail
                0x000000000040cfb0                _IO_default_seek
                0x000000000040cfc0                _IO_default_stat
                0x000000000040cfd0                _IO_default_read
                0x000000000040cfe0                _IO_default_write
                0x000000000040cff0                _IO_default_showmanyc
                0x000000000040d000                _IO_default_imbue
                0x000000000040d010                _IO_iter_begin
                0x000000000040d020                _IO_iter_end
                0x000000000040d030                _IO_iter_next
                0x000000000040d040                _IO_iter_file
                0x000000000040d050                _IO_list_lock
                0x000000000040d0b0                _IO_list_unlock
                0x000000000040d100                _IO_list_resetlock
 .text          0x000000000040d120        0x0 /usr/lib/gcc/x86_64-unknown-linux-gnu/4.9.2/../../../../lib/libc.a(stdfiles.o)
 .text          0x000000000040d120        0x0 /usr/lib/gcc/x86_64-unknown-linux-gnu/4.9.2/../../../../lib/libc.a(stdio.o)
 .text          0x000000000040d120      0x662 /usr/lib/gcc/x86_64-unknown-linux-gnu/4.9.2/../../../../lib/libc.a(strops.o)
                0x000000000040d120                _IO_str_underflow
                0x000000000040d180                _IO_str_overflow
                0x000000000040d480                _IO_str_seekoff
                0x000000000040d640                _IO_str_pbackfail
                0x000000000040d660                _IO_str_finish
                0x000000000040d690                _IO_str_init_static_internal
                0x000000000040d730                _IO_str_init_static
                0x000000000040d750                _IO_str_init_readonly
                0x000000000040d770                _IO_str_count
 *fill*         0x000000000040d782        0xe 
 .text          0x000000000040d790     0x6743 /usr/lib/gcc/x86_64-unknown-linux-gnu/4.9.2/../../../../lib/libc.a(malloc.o)
                0x00000000004119d0                __malloc_check_init
                0x00000000004119f0                malloc
                0x00000000004119f0                __malloc
                0x00000000004119f0                __libc_malloc
                0x0000000000411c50                malloc_get_state
                0x0000000000411c50                __malloc_get_state
                0x00000000004120a0                __cfree
                0x00000000004120a0                __free
                0x00000000004120a0                __libc_free
                0x00000000004120a0                cfree
                0x00000000004120a0                free
                0x0000000000412140                __libc_realloc
                0x0000000000412140                realloc
                0x0000000000412140                __realloc
                0x00000000004123f0                __libc_memalign
                0x00000000004123f0                __memalign
                0x00000000004123f0                memalign
                0x00000000004123f0                aligned_alloc
                0x0000000000412400                __calloc
                0x0000000000412400                calloc
                0x0000000000412400                __libc_calloc
                0x0000000000412720                malloc_usable_size
                0x0000000000412720                __malloc_usable_size
                0x0000000000412800                __libc_mallopt
                0x0000000000412800                mallopt
                0x0000000000412800                __mallopt
                0x0000000000412e70                malloc_set_state
                0x0000000000412e70                __malloc_set_state
                0x0000000000413390                __libc_valloc
                0x0000000000413390                valloc
                0x0000000000413390                __valloc
                0x00000000004133e0                pvalloc
                0x00000000004133e0                __libc_pvalloc
                0x00000000004133e0                __pvalloc
                0x0000000000413460                __malloc_trim
                0x0000000000413460                malloc_trim
                0x0000000000413700                __mallinfo
                0x0000000000413700                __libc_mallinfo
                0x0000000000413700                mallinfo
                0x0000000000413820                malloc_stats
                0x0000000000413820                __malloc_stats
                0x0000000000413a10                __posix_memalign
                0x0000000000413a10                posix_memalign
                0x0000000000413a70                __malloc_info
                0x0000000000413a70                malloc_info
 *fill*         0x0000000000413ed3        0xd 
 .text          0x0000000000413ee0       0x1b /usr/lib/gcc/x86_64-unknown-linux-gnu/4.9.2/../../../../lib/libc.a(morecore.o)
                0x0000000000413ee0                __default_morecore
 *fill*         0x0000000000413efb        0x5 
 .text          0x0000000000413f00      0x24a /usr/lib/gcc/x86_64-unknown-linux-gnu/4.9.2/../../../../lib/libc.a(strchr.o)
                0x0000000000413f00                index
                0x0000000000413f00                strchr
                0x0000000000413f30                __strchr_sse2
                0x0000000000413f30                __GI_strchr
 *fill*         0x000000000041414a        0x6 
 .text          0x0000000000414150     0x1479 /usr/lib/gcc/x86_64-unknown-linux-gnu/4.9.2/../../../../lib/libc.a(strcmp.o)
                0x0000000000414150                strcmp
                0x0000000000414190                __strcmp_sse2
                0x0000000000414190                __GI_strcmp
 *fill*         0x00000000004155c9        0x7 
 .text.sse4.2   0x00000000004155d0      0xda9 /usr/lib/gcc/x86_64-unknown-linux-gnu/4.9.2/../../../../lib/libc.a(strcmp.o)
                0x00000000004155d0                __strcmp_sse42
 *fill*         0x0000000000416379        0x7 
 .text          0x0000000000416380      0x11c /usr/lib/gcc/x86_64-unknown-linux-gnu/4.9.2/../../../../lib/libc.a(strcpy.o)
                0x0000000000416380                strcpy
                0x00000000004163c0                __GI_strcpy
                0x00000000004163c0                __strcpy_sse2
 *fill*         0x000000000041649c        0x4 
 .text          0x00000000004164a0       0x41 /usr/lib/gcc/x86_64-unknown-linux-gnu/4.9.2/../../../../lib/libc.a(strdup.o)
                0x00000000004164a0                __strdup
                0x00000000004164a0                strdup
 *fill*         0x00000000004164e1        0xf 
 .text          0x00000000004164f0      0x1b4 /usr/lib/gcc/x86_64-unknown-linux-gnu/4.9.2/../../../../lib/libc.a(strlen.o)
                0x00000000004164f0                strlen
 *fill*         0x00000000004166a4        0xc 
 .text          0x00000000004166b0     0x1849 /usr/lib/gcc/x86_64-unknown-linux-gnu/4.9.2/../../../../lib/libc.a(strncmp.o)
                0x00000000004166b0                strncmp
 *fill*         0x0000000000417ef9        0x7 
 .text          0x0000000000417f00      0x9d7 /usr/lib/gcc/x86_64-unknown-linux-gnu/4.9.2/../../../../lib/libc.a(strstr.o)
                0x00000000004183f0                __strstr_sse2
                0x00000000004188a0                strstr
                0x00000000004188a0                __libc_strstr
 *fill*         0x00000000004188d7        0x9 
 .text          0x00000000004188e0      0x344 /usr/lib/gcc/x86_64-unknown-linux-gnu/4.9.2/../../../../lib/libc.a(memchr.o)
                0x00000000004188e0                memchr
                0x00000000004188e0                __memchr
 *fill*         0x0000000000418c24        0xc 
 .text          0x0000000000418c30      0x440 /usr/lib/gcc/x86_64-unknown-linux-gnu/4.9.2/../../../../lib/libc.a(memcmp.o)
                0x0000000000418c30                bcmp
                0x0000000000418c30                memcmp
                0x0000000000418c70                __memcmp_sse2
 .text          0x0000000000419070      0x1cf /usr/lib/gcc/x86_64-unknown-linux-gnu/4.9.2/../../../../lib/libc.a(memmove.o)
                0x0000000000419070                __memmove_sse2
                0x00000000004191f0                memmove
                0x00000000004191f0                __libc_memmove
 *fill*         0x000000000041923f        0x1 
 .text          0x0000000000419240      0x157 /usr/lib/gcc/x86_64-unknown-linux-gnu/4.9.2/../../../../lib/libc.a(memset.o)
                0x0000000000419240                memset
                0x0000000000419270                __bzero
                0x0000000000419270                bzero
                0x0000000000419280                __memset_tail
                0x00000000004192a0                __memset_sse2
 *fill*         0x0000000000419397        0x9 
 .text          0x00000000004193a0      0x452 /usr/lib/gcc/x86_64-unknown-linux-gnu/4.9.2/../../../../lib/libc.a(mempcpy.o)
                0x00000000004193a0                mempcpy
                0x00000000004193a0                __mempcpy
 *fill*         0x00000000004197f2        0xe 
 .text          0x0000000000419800      0x11c /usr/lib/gcc/x86_64-unknown-linux-gnu/4.9.2/../../../../lib/libc.a(stpcpy.o)
                0x0000000000419800                stpcpy
                0x0000000000419800                __stpcpy
                0x0000000000419840                __GI_stpcpy
                0x0000000000419840                __GI___stpcpy
                0x0000000000419840                __stpcpy_sse2
 *fill*         0x000000000041991c        0x4 
 .text          0x0000000000419920     0x22e6 /usr/lib/gcc/x86_64-unknown-linux-gnu/4.9.2/../../../../lib/libc.a(strcasecmp_l.o)
                0x0000000000419920                strcasecmp_l
                0x0000000000419920                __strcasecmp_l
                0x0000000000419970                strcasecmp
                0x0000000000419970                __strcasecmp
                0x00000000004199d0                __strcasecmp_sse2
                0x00000000004199e0                __GI___strcasecmp_l
                0x00000000004199e0                __strcasecmp_l_sse2
 *fill*         0x000000000041bc06        0xa 
 .text.sse4.2   0x000000000041bc10     0x1ba6 /usr/lib/gcc/x86_64-unknown-linux-gnu/4.9.2/../../../../lib/libc.a(strcasecmp_l.o)
                0x000000000041bc10                __strcasecmp_sse42
                0x000000000041bc20                __strcasecmp_l_sse42
 *fill*         0x000000000041d7b6        0xa 
 .text.avx      0x000000000041d7c0     0x1666 /usr/lib/gcc/x86_64-unknown-linux-gnu/4.9.2/../../../../lib/libc.a(strcasecmp_l.o)
                0x000000000041d7c0                __strcasecmp_avx
                0x000000000041d7d0                __strcasecmp_l_avx
 *fill*         0x000000000041ee26        0xa 
 .text          0x000000000041ee30      0x465 /usr/lib/gcc/x86_64-unknown-linux-gnu/4.9.2/../../../../lib/libc.a(memcpy.o)
                0x000000000041ee30                memcpy
 *fill*         0x000000000041f295        0xb 
 .text          0x000000000041f2a0      0x536 /usr/lib/gcc/x86_64-unknown-linux-gnu/4.9.2/../../../../lib/libc.a(wordcopy.o)
                0x000000000041f2a0                _wordcopy_fwd_aligned
                0x000000000041f3d0                _wordcopy_fwd_dest_aligned
                0x000000000041f500                _wordcopy_bwd_aligned
                0x000000000041f680                _wordcopy_bwd_dest_aligned
 *fill*         0x000000000041f7d6        0xa 
 .text          0x000000000041f7e0      0x204 /usr/lib/gcc/x86_64-unknown-linux-gnu/4.9.2/../../../../lib/libc.a(rawmemchr.o)
                0x000000000041f7e0                __rawmemchr
                0x000000000041f7e0                rawmemchr
 *fill*         0x000000000041f9e4        0xc 
 .text          0x000000000041f9f0      0x20a /usr/lib/gcc/x86_64-unknown-linux-gnu/4.9.2/../../../../lib/libc.a(strchrnul.o)
                0x000000000041f9f0                __strchrnul
                0x000000000041f9f0                strchrnul
 .text          0x000000000041fbfa        0x0 /usr/lib/gcc/x86_64-unknown-linux-gnu/4.9.2/../../../../lib/libc.a(strcmp-ssse3.o)
 *fill*         0x000000000041fbfa        0x6 
 .text.ssse3    0x000000000041fc00     0x1259 /usr/lib/gcc/x86_64-unknown-linux-gnu/4.9.2/../../../../lib/libc.a(strcmp-ssse3.o)
                0x000000000041fc00                __strcmp_ssse3
 *fill*         0x0000000000420e59        0x7 
 .text          0x0000000000420e60      0x2a3 /usr/lib/gcc/x86_64-unknown-linux-gnu/4.9.2/../../../../lib/libc.a(strcmp-sse2-unaligned.o)
                0x0000000000420e60                __strcmp_sse2_unaligned
 .text          0x0000000000421103        0x0 /usr/lib/gcc/x86_64-unknown-linux-gnu/4.9.2/../../../../lib/libc.a(memcmp-sse4.o)
 *fill*         0x0000000000421103        0xd 
 .text.sse4.1   0x0000000000421110     0x163e /usr/lib/gcc/x86_64-unknown-linux-gnu/4.9.2/../../../../lib/libc.a(memcmp-sse4.o)
                0x0000000000421110                __memcmp_sse4_1
 .text          0x000000000042274e        0x0 /usr/lib/gcc/x86_64-unknown-linux-gnu/4.9.2/../../../../lib/libc.a(memmove-ssse3.o)
 *fill*         0x000000000042274e        0x2 
 .text.ssse3    0x0000000000422750     0x2b77 /usr/lib/gcc/x86_64-unknown-linux-gnu/4.9.2/../../../../lib/libc.a(memmove-ssse3.o)
                0x0000000000422750                __memmove_chk_ssse3
                0x0000000000422760                __memmove_ssse3
 .text          0x00000000004252c7        0x0 /usr/lib/gcc/x86_64-unknown-linux-gnu/4.9.2/../../../../lib/libc.a(memmove-avx-unaligned.o)
 *fill*         0x00000000004252c7        0x9 
 .text.avx      0x00000000004252d0      0x4eb /usr/lib/gcc/x86_64-unknown-linux-gnu/4.9.2/../../../../lib/libc.a(memmove-avx-unaligned.o)
                0x00000000004252d0                __memmove_chk_avx_unaligned
                0x00000000004252e0                __memmove_avx_unaligned
 .text          0x00000000004257bb        0x0 /usr/lib/gcc/x86_64-unknown-linux-gnu/4.9.2/../../../../lib/libc.a(memmove-ssse3-back.o)
 *fill*         0x00000000004257bb        0x5 
 .text.ssse3    0x00000000004257c0     0x2b16 /usr/lib/gcc/x86_64-unknown-linux-gnu/4.9.2/../../../../lib/libc.a(memmove-ssse3-back.o)
                0x00000000004257c0                __memmove_chk_ssse3_back
                0x00000000004257d0                __memmove_ssse3_back
 .text          0x00000000004282d6        0x0 /usr/lib/gcc/x86_64-unknown-linux-gnu/4.9.2/../../../../lib/libc.a(strcasecmp_l-ssse3.o)
 *fill*         0x00000000004282d6        0xa 
 .text.ssse3    0x00000000004282e0     0x2146 /usr/lib/gcc/x86_64-unknown-linux-gnu/4.9.2/../../../../lib/libc.a(strcasecmp_l-ssse3.o)
                0x00000000004282e0                __strcasecmp_ssse3
                0x00000000004282f0                __strcasecmp_l_ssse3
 .text          0x000000000042a426        0x0 /usr/lib/gcc/x86_64-unknown-linux-gnu/4.9.2/../../../../lib/libc.a(strcpy-ssse3.o)
 *fill*         0x000000000042a426        0xa 
 .text.ssse3    0x000000000042a430     0x17a2 /usr/lib/gcc/x86_64-unknown-linux-gnu/4.9.2/../../../../lib/libc.a(strcpy-ssse3.o)
                0x000000000042a430                __strcpy_ssse3
 .text          0x000000000042bbd2        0x0 /usr/lib/gcc/x86_64-unknown-linux-gnu/4.9.2/../../../../lib/libc.a(stpcpy-ssse3.o)
 *fill*         0x000000000042bbd2        0xe 
 .text.ssse3    0x000000000042bbe0     0x1803 /usr/lib/gcc/x86_64-unknown-linux-gnu/4.9.2/../../../../lib/libc.a(stpcpy-ssse3.o)
                0x000000000042bbe0                __stpcpy_ssse3
 *fill*         0x000000000042d3e3        0xd 
 .text          0x000000000042d3f0      0x630 /usr/lib/gcc/x86_64-unknown-linux-gnu/4.9.2/../../../../lib/libc.a(strcpy-sse2-unaligned.o)
                0x000000000042d3f0                __strcpy_sse2_unaligned
 .text          0x000000000042da20      0x6b0 /usr/lib/gcc/x86_64-unknown-linux-gnu/4.9.2/../../../../lib/libc.a(stpcpy-sse2-unaligned.o)
                0x000000000042da20                __stpcpy_sse2_unaligned
 .text          0x000000000042e0d0        0x0 /usr/lib/gcc/x86_64-unknown-linux-gnu/4.9.2/../../../../lib/libc.a(strchr-sse2-no-bsf.o)
 .text.atom     0x000000000042e0d0      0x315 /usr/lib/gcc/x86_64-unknown-linux-gnu/4.9.2/../../../../lib/libc.a(strchr-sse2-no-bsf.o)
                0x000000000042e0d0                __strchr_sse2_no_bsf
 .text          0x000000000042e3e5        0x0 /usr/lib/gcc/x86_64-unknown-linux-gnu/4.9.2/../../../../lib/libc.a(memcmp-ssse3.o)
 *fill*         0x000000000042e3e5        0xb 
 .text.atom     0x000000000042e3f0     0x1763 /usr/lib/gcc/x86_64-unknown-linux-gnu/4.9.2/../../../../lib/libc.a(memcmp-ssse3.o)
                0x000000000042e3f0                __memcmp_ssse3
 *fill*         0x000000000042fb53        0xd 
 .text          0x000000000042fb60      0x493 /usr/lib/gcc/x86_64-unknown-linux-gnu/4.9.2/../../../../lib/libc.a(strstr-sse2-unaligned.o)
                0x000000000042fb60                __strstr_sse2_unaligned
 .text          0x000000000042fff3        0x0 /usr/lib/gcc/x86_64-unknown-linux-gnu/4.9.2/../../../../lib/libc.a(memset-avx2.o)
 *fill*         0x000000000042fff3        0xd 
 .text.avx2     0x0000000000430000      0x194 /usr/lib/gcc/x86_64-unknown-linux-gnu/4.9.2/../../../../lib/libc.a(memset-avx2.o)
                0x0000000000430000                __memset_avx2
 *fill*         0x0000000000430194        0xc 
 .text          0x00000000004301a0      0x5e7 /usr/lib/gcc/x86_64-unknown-linux-gnu/4.9.2/../../../../lib/libc.a(cacheinfo.o)
                0x0000000000430730                __cache_sysconf
 *fill*         0x0000000000430787        0x9 
 .text          0x0000000000430790       0x3a /usr/lib/gcc/x86_64-unknown-linux-gnu/4.9.2/../../../../lib/libc.a(strcasecmp_l-nonascii.o)
                0x0000000000430790                __strcasecmp_l_nonascii
 *fill*         0x00000000004307ca        0x6 
 .text          0x00000000004307d0        0x9 /usr/lib/gcc/x86_64-unknown-linux-gnu/4.9.2/../../../../lib/libc.a(wmempcpy.o)
                0x00000000004307d0                wmempcpy
                0x00000000004307d0                __wmempcpy
 *fill*         0x00000000004307d9        0x7 
 .text          0x00000000004307e0      0x373 /usr/lib/gcc/x86_64-unknown-linux-gnu/4.9.2/../../../../lib/libc.a(wcsmbsload.o)
                0x00000000004307e0                _nl_cleanup_ctype
                0x0000000000430830                __wcsmbs_getfct
                0x0000000000430890                __wcsmbs_load_conv
                0x0000000000430a70                __wcsmbs_clone_conv
                0x0000000000430af0                __wcsmbs_named_conv
 *fill*         0x0000000000430b53        0xd 
 .text          0x0000000000430b60       0x5a /usr/lib/gcc/x86_64-unknown-linux-gnu/4.9.2/../../../../lib/libc.a(_exit.o)
                0x0000000000430b60                _Exit
                0x0000000000430b60                _exit
 *fill*         0x0000000000430bba        0x6 
 .text          0x0000000000430bc0      0x7cf /usr/lib/gcc/x86_64-unknown-linux-gnu/4.9.2/../../../../lib/libc.a(sysconf.o)
                0x0000000000430ca0                sysconf
                0x0000000000430ca0                __sysconf
 *fill*         0x000000000043138f        0x1 
 .text          0x0000000000431390       0x14 /usr/lib/gcc/x86_64-unknown-linux-gnu/4.9.2/../../../../lib/libc.a(sched_yield.o)
                0x0000000000431390                __sched_yield
                0x0000000000431390                sched_yield
 *fill*         0x00000000004313a4        0xc 
 .text          0x00000000004313b0       0x24 /usr/lib/gcc/x86_64-unknown-linux-gnu/4.9.2/../../../../lib/libc.a(get_child_max.o)
                0x00000000004313b0                __get_child_max
 .text          0x00000000004313d4        0x0 /usr/lib/gcc/x86_64-unknown-linux-gnu/4.9.2/../../../../lib/libc.a(environ.o)
 *fill*         0x00000000004313d4        0xc 
 .text          0x00000000004313e0       0x4c /usr/lib/gcc/x86_64-unknown-linux-gnu/4.9.2/../../../../lib/libc.a(xstat.o)
                0x00000000004313e0                _xstat
                0x00000000004313e0                __xstat64
                0x00000000004313e0                __xstat
 *fill*         0x000000000043142c        0x4 
 .text          0x0000000000431430       0x4c /usr/lib/gcc/x86_64-unknown-linux-gnu/4.9.2/../../../../lib/libc.a(fxstat.o)
                0x0000000000431430                __fxstat64
                0x0000000000431430                _fxstat
                0x0000000000431430                __fxstat
 *fill*         0x000000000043147c        0x4 
 .text          0x0000000000431480       0x51 /usr/lib/gcc/x86_64-unknown-linux-gnu/4.9.2/../../../../lib/libc.a(open.o)
                0x0000000000431480                __open
                0x0000000000431480                __libc_open
                0x0000000000431480                open64
                0x0000000000431480                open
                0x0000000000431480                __open64
                0x0000000000431489                __open_nocancel
 *fill*         0x00000000004314d1        0xf 
 .text          0x00000000004314e0       0x51 /usr/lib/gcc/x86_64-unknown-linux-gnu/4.9.2/../../../../lib/libc.a(read.o)
                0x00000000004314e0                __read
                0x00000000004314e0                __libc_read
                0x00000000004314e0                read
                0x00000000004314e9                __read_nocancel
 *fill*         0x0000000000431531        0xf 
 .text          0x0000000000431540       0x51 /usr/lib/gcc/x86_64-unknown-linux-gnu/4.9.2/../../../../lib/libc.a(write.o)
                0x0000000000431540                __write
                0x0000000000431540                write
                0x0000000000431540                __libc_write
                0x0000000000431549                __write_nocancel
 *fill*         0x0000000000431591        0xf 
 .text          0x00000000004315a0      0x116 /usr/lib/gcc/x86_64-unknown-linux-gnu/4.9.2/../../../../lib/libc.a(fcntl.o)
                0x0000000000431610                __fcntl_nocancel
                0x0000000000431640                __libc_fcntl
                0x0000000000431640                __fcntl
                0x0000000000431640                fcntl
 *fill*         0x00000000004316b6        0xa 
 .text          0x00000000004316c0       0x51 /usr/lib/gcc/x86_64-unknown-linux-gnu/4.9.2/../../../../lib/libc.a(close.o)
                0x00000000004316c0                __libc_close
                0x00000000004316c0                __close
                0x00000000004316c0                close
                0x00000000004316c9                __close_nocancel
 *fill*         0x0000000000431711        0xf 
 .text          0x0000000000431720      0x69a /usr/lib/gcc/x86_64-unknown-linux-gnu/4.9.2/../../../../lib/libc.a(getcwd.o)
                0x0000000000431720                __getcwd
                0x0000000000431720                getcwd
 *fill*         0x0000000000431dba        0x6 
 .text          0x0000000000431dc0       0x14 /usr/lib/gcc/x86_64-unknown-linux-gnu/4.9.2/../../../../lib/libc.a(getrlimit.o)
                0x0000000000431dc0                getrlimit
                0x0000000000431dc0                getrlimit64
                0x0000000000431dc0                __getrlimit
 *fill*         0x0000000000431dd4        0xc 
 .text          0x0000000000431de0       0x81 /usr/lib/gcc/x86_64-unknown-linux-gnu/4.9.2/../../../../lib/libc.a(sbrk.o)
                0x0000000000431de0                sbrk
                0x0000000000431de0                __sbrk
 *fill*         0x0000000000431e61        0xf 
 .text          0x0000000000431e70       0x28 /usr/lib/gcc/x86_64-unknown-linux-gnu/4.9.2/../../../../lib/libc.a(getpagesize.o)
                0x0000000000431e70                getpagesize
                0x0000000000431e70                __getpagesize
 *fill*         0x0000000000431e98        0x8 
 .text          0x0000000000431ea0       0x23 /usr/lib/gcc/x86_64-unknown-linux-gnu/4.9.2/../../../../lib/libc.a(getdtsz.o)
                0x0000000000431ea0                __getdtablesize
                0x0000000000431ea0                getdtablesize
 *fill*         0x0000000000431ec3        0xd 
 .text          0x0000000000431ed0       0x17 /usr/lib/gcc/x86_64-unknown-linux-gnu/4.9.2/../../../../lib/libc.a(mmap.o)
                0x0000000000431ed0                __mmap
                0x0000000000431ed0                mmap
                0x0000000000431ed0                __mmap64
                0x0000000000431ed0                mmap64
 *fill*         0x0000000000431ee7        0x9 
 .text          0x0000000000431ef0       0x14 /usr/lib/gcc/x86_64-unknown-linux-gnu/4.9.2/../../../../lib/libc.a(munmap.o)
                0x0000000000431ef0                munmap
                0x0000000000431ef0                __munmap
 *fill*         0x0000000000431f04        0xc 
 .text          0x0000000000431f10       0x14 /usr/lib/gcc/x86_64-unknown-linux-gnu/4.9.2/../../../../lib/libc.a(mprotect.o)
                0x0000000000431f10                __mprotect
                0x0000000000431f10                mprotect
 *fill*         0x0000000000431f24        0xc 
 .text          0x0000000000431f30       0x14 /usr/lib/gcc/x86_64-unknown-linux-gnu/4.9.2/../../../../lib/libc.a(madvise.o)
                0x0000000000431f30                madvise
                0x0000000000431f30                __madvise
 *fill*         0x0000000000431f44        0xc 
 .text          0x0000000000431f50      0x872 /usr/lib/gcc/x86_64-unknown-linux-gnu/4.9.2/../../../../lib/libc.a(tsearch.o)
                0x0000000000432140                tsearch
                0x0000000000432140                __tsearch
                0x00000000004322b0                tfind
                0x00000000004322b0                __tfind
                0x0000000000432300                tdelete
                0x0000000000432300                __tdelete
                0x0000000000432790                __twalk
                0x0000000000432790                twalk
                0x00000000004327b0                __tdestroy
                0x00000000004327b0                tdestroy
 *fill*         0x00000000004327c2        0xe 
 .text          0x00000000004327d0      0x5ca /usr/lib/gcc/x86_64-unknown-linux-gnu/4.9.2/../../../../lib/libc.a(getsysstats.o)
                0x0000000000432a40                __get_nprocs
                0x0000000000432a40                get_nprocs
                0x0000000000432ce0                __get_nprocs_conf
                0x0000000000432ce0                get_nprocs_conf
                0x0000000000432d80                get_phys_pages
                0x0000000000432d80                __get_phys_pages
                0x0000000000432d90                get_avphys_pages
                0x0000000000432d90                __get_avphys_pages
 *fill*         0x0000000000432d9a        0x6 
 .text          0x0000000000432da0       0x11 /usr/lib/gcc/x86_64-unknown-linux-gnu/4.9.2/../../../../lib/libc.a(getclktck.o)
                0x0000000000432da0                __getclktck
 *fill*         0x0000000000432db1        0xf 
 .text          0x0000000000432dc0       0x51 /usr/lib/gcc/x86_64-unknown-linux-gnu/4.9.2/../../../../lib/libc.a(init-misc.o)
                0x0000000000432dc0                __init_misc
 *fill*         0x0000000000432e11        0xf 
 .text          0x0000000000432e20       0x51 /usr/lib/gcc/x86_64-unknown-linux-gnu/4.9.2/../../../../lib/libc.a(llseek.o)
                0x0000000000432e20                __llseek
                0x0000000000432e20                __lseek64
                0x0000000000432e20                lseek
                0x0000000000432e20                __libc_lseek64
                0x0000000000432e20                llseek
                0x0000000000432e20                __lseek
                0x0000000000432e20                __libc_lseek
                0x0000000000432e20                lseek64
                0x0000000000432e29                __lseek_nocancel
 *fill*         0x0000000000432e71        0xf 
 .text          0x0000000000432e80       0x17 /usr/lib/gcc/x86_64-unknown-linux-gnu/4.9.2/../../../../lib/libc.a(mremap.o)
                0x0000000000432e80                mremap
                0x0000000000432e80                __mremap
 *fill*         0x0000000000432e97        0x9 
 .text          0x0000000000432ea0       0x40 /usr/lib/gcc/x86_64-unknown-linux-gnu/4.9.2/../../../../lib/libc.a(alloca_cutoff.o)
                0x0000000000432ea0                __libc_alloca_cutoff
 .text          0x0000000000432ee0       0x4c /usr/lib/gcc/x86_64-unknown-linux-gnu/4.9.2/../../../../lib/libc.a(libc-lowlevellock.o)
                0x0000000000432ee0                __lll_lock_wait_private
                0x0000000000432f10                __lll_unlock_wake_private
 *fill*         0x0000000000432f2c        0x4 
 .text          0x0000000000432f30       0xb9 /usr/lib/gcc/x86_64-unknown-linux-gnu/4.9.2/../../../../lib/libc.a(libc-cancellation.o)
                0x0000000000432f30                __libc_enable_asynccancel
                0x0000000000432f90                __libc_disable_asynccancel
 .text          0x0000000000432fe9        0x0 /usr/lib/gcc/x86_64-unknown-linux-gnu/4.9.2/../../../../lib/libc.a(libc_multiple_threads.o)
 *fill*         0x0000000000432fe9        0x7 
 .text          0x0000000000432ff0      0x198 /usr/lib/gcc/x86_64-unknown-linux-gnu/4.9.2/../../../../lib/libc.a(register-atfork.o)
                0x0000000000432ff0                __register_atfork
                0x0000000000433160                __linkin_atfork
 *fill*         0x0000000000433188        0x8 
 .text          0x0000000000433190       0xe4 /usr/lib/gcc/x86_64-unknown-linux-gnu/4.9.2/../../../../lib/libc.a(backtrace.o)
                0x0000000000433220                backtrace
                0x0000000000433220                __backtrace
 *fill*         0x0000000000433274        0xc 
 .text          0x0000000000433280      0x2e4 /usr/lib/gcc/x86_64-unknown-linux-gnu/4.9.2/../../../../lib/libc.a(backtracesymsfd.o)
                0x0000000000433280                __backtrace_symbols_fd
                0x0000000000433280                backtrace_symbols_fd
 *fill*         0x0000000000433564        0xc 
 .text          0x0000000000433570        0xe /usr/lib/gcc/x86_64-unknown-linux-gnu/4.9.2/../../../../lib/libc.a(chk_fail.o)
                0x0000000000433570                __chk_fail
 *fill*         0x000000000043357e        0x2 
 .text          0x0000000000433580       0x37 /usr/lib/gcc/x86_64-unknown-linux-gnu/4.9.2/../../../../lib/libc.a(fortify_fail.o)
                0x0000000000433580                __fortify_fail
 *fill*         0x00000000004335b7        0x9 
 .text          0x00000000004335c0       0x7c /usr/lib/gcc/x86_64-unknown-linux-gnu/4.9.2/../../../../lib/libc.a(dl-debug.o)
                0x00000000004335c0                _dl_debug_state
                0x00000000004335d0                _dl_debug_initialize
 *fill*         0x000000000043363c        0x4 
 .text          0x0000000000433640      0xa79 /usr/lib/gcc/x86_64-unknown-linux-gnu/4.9.2/../../../../lib/libc.a(dl-support.o)
                0x0000000000433640                _dl_aux_init
                0x0000000000433850                _dl_non_dynamic_init
 *fill*         0x00000000004340b9        0x7 
 .text          0x00000000004340c0      0x323 /usr/lib/gcc/x86_64-unknown-linux-gnu/4.9.2/../../../../lib/libc.a(dl-addr.o)
                0x00000000004340c0                _dl_addr
                0x0000000000434390                _dl_addr_inside_object
 *fill*         0x00000000004343e3        0xd 
 .text          0x00000000004343f0       0x45 /usr/lib/gcc/x86_64-unknown-linux-gnu/4.9.2/../../../../lib/libc.a(enbl-secure.o)
                0x00000000004343f0                __libc_init_secure
 *fill*         0x0000000000434435        0xb 
 .text          0x0000000000434440      0x105 /usr/lib/gcc/x86_64-unknown-linux-gnu/4.9.2/../../../../lib/libc.a(dl-sysdep.o)
                0x0000000000434440                _dl_discover_osversion
 *fill*         0x0000000000434545        0xb 
 .text          0x0000000000434550       0x99 /usr/lib/gcc/x86_64-unknown-linux-gnu/4.9.2/../../../../lib/libc.a(init-first.o)
                0x0000000000434550                __libc_init_first
                0x00000000004345e0                _dl_start
 *fill*         0x00000000004345e9        0x7 
 .text          0x00000000004345f0       0x10 /usr/lib/gcc/x86_64-unknown-linux-gnu/4.9.2/../../../../lib/libc.a(sysdep.o)
                0x00000000004345f0                __syscall_error
                0x00000000004345f3                __syscall_error_1
 .text          0x0000000000434600      0x265 /usr/lib/gcc/x86_64-unknown-linux-gnu/4.9.2/../../../../lib/libc.a(init-arch.o)
                0x0000000000434600                __init_cpu_features
                0x0000000000434850                __get_cpu_features
 *fill*         0x0000000000434865        0xb 
 .text          0x0000000000434870      0x49d /usr/lib/gcc/x86_64-unknown-linux-gnu/4.9.2/../../../../lib/libc.a(gconv_open.o)
                0x0000000000434870                __gconv_open
 *fill*         0x0000000000434d0d        0x3 
 .text          0x0000000000434d10      0x219 /usr/lib/gcc/x86_64-unknown-linux-gnu/4.9.2/../../../../lib/libc.a(gconv.o)
                0x0000000000434d10                __gconv
 *fill*         0x0000000000434f29        0x7 
 .text          0x0000000000434f30       0x62 /usr/lib/gcc/x86_64-unknown-linux-gnu/4.9.2/../../../../lib/libc.a(gconv_close.o)
                0x0000000000434f30                __gconv_close
 *fill*         0x0000000000434f92        0xe 
 .text          0x0000000000434fa0     0x1028 /usr/lib/gcc/x86_64-unknown-linux-gnu/4.9.2/../../../../lib/libc.a(gconv_db.o)
                0x0000000000434fa0                __gconv_alias_compare
                0x0000000000435030                __gconv_get_modules_db
                0x0000000000435040                __gconv_get_alias_db
                0x0000000000435050                __gconv_release_step
                0x0000000000435be0                __gconv_compare_alias
                0x0000000000435c80                __gconv_find_transform
                0x0000000000435f00                __gconv_close_transform
 *fill*         0x0000000000435fc8        0x8 
 .text          0x0000000000435fd0      0xcc2 /usr/lib/gcc/x86_64-unknown-linux-gnu/4.9.2/../../../../lib/libc.a(gconv_conf.o)
                0x00000000004364b0                __gconv_get_path
                0x0000000000436860                __gconv_read_conf
 *fill*         0x0000000000436c92        0xe 
 .text          0x0000000000436ca0       0xcd /usr/lib/gcc/x86_64-unknown-linux-gnu/4.9.2/../../../../lib/libc.a(gconv_builtin.o)
                0x0000000000436ca0                __gconv_get_builtin_trans
 *fill*         0x0000000000436d6d        0x3 
 .text          0x0000000000436d70     0x4d67 /usr/lib/gcc/x86_64-unknown-linux-gnu/4.9.2/../../../../lib/libc.a(gconv_simple.o)
                0x0000000000436d70                __gconv_btwoc_ascii
                0x0000000000436d80                __gconv_transform_internal_ucs4
                0x0000000000437140                __gconv_transform_ucs4_internal
                0x00000000004375b0                __gconv_transform_internal_ucs4le
                0x00000000004379b0                __gconv_transform_ucs4le_internal
                0x0000000000437e10                __gconv_transform_ascii_internal
                0x00000000004380e0                __gconv_transform_internal_ascii
                0x00000000004388b0                __gconv_transform_internal_utf8
                0x00000000004393b0                __gconv_transform_utf8_internal
                0x000000000043a080                __gconv_transform_ucs2_internal
                0x000000000043a580                __gconv_transform_internal_ucs2
                0x000000000043adc0                __gconv_transform_ucs2reverse_internal
                0x000000000043b2d0                __gconv_transform_internal_ucs2reverse
 *fill*         0x000000000043bad7        0x9 
 .text          0x000000000043bae0      0x48d /usr/lib/gcc/x86_64-unknown-linux-gnu/4.9.2/../../../../lib/libc.a(gconv_trans.o)
                0x000000000043bae0                __gconv_transliterate
 *fill*         0x000000000043bf6d        0x3 
 .text          0x000000000043bf70      0x8b2 /usr/lib/gcc/x86_64-unknown-linux-gnu/4.9.2/../../../../lib/libc.a(gconv_cache.o)
                0x000000000043c150                __gconv_get_cache
                0x000000000043c160                __gconv_load_cache
                0x000000000043c340                __gconv_compare_alias_cache
                0x000000000043c3c0                __gconv_lookup_cache
                0x000000000043c810                __gconv_release_cache
 *fill*         0x000000000043c822        0xe 
 .text          0x000000000043c830      0x298 /usr/lib/gcc/x86_64-unknown-linux-gnu/4.9.2/../../../../lib/libc.a(gconv_dl.o)
                0x000000000043c8c0                __gconv_find_shlib
                0x000000000043cab0                __gconv_release_shlib
 *fill*         0x000000000043cac8        0x8 
 .text          0x000000000043cad0      0x82f /usr/lib/gcc/x86_64-unknown-linux-gnu/4.9.2/../../../../lib/libc.a(setlocale.o)
                0x000000000043ccd0                setlocale
 *fill*         0x000000000043d2ff        0x1 
 .text          0x000000000043d300      0x69a /usr/lib/gcc/x86_64-unknown-linux-gnu/4.9.2/../../../../lib/libc.a(findlocale.o)
                0x000000000043d3d0                _nl_find_locale
                0x000000000043d950                _nl_remove_locale
 *fill*         0x000000000043d99a        0x6 
 .text          0x000000000043d9a0      0x6ee /usr/lib/gcc/x86_64-unknown-linux-gnu/4.9.2/../../../../lib/libc.a(loadlocale.o)
                0x000000000043d9a0                _nl_intern_locale_data
                0x000000000043dce0                _nl_load_locale
                0x000000000043e030                _nl_unload_locale
 *fill*         0x000000000043e08e        0x2 
 .text          0x000000000043e090      0x4f9 /usr/lib/gcc/x86_64-unknown-linux-gnu/4.9.2/../../../../lib/libc.a(loadarchive.o)